Archive member included to satisfy reference by file (symbol)

c:/nxp/s32ds.3.4/s32ds/build_tools/gcc_v6.3/gcc-6.3-arm32-eabi/bin/../lib/gcc/arm-none-eabi/6.3.1/thumb/v7e-m/fpv4-sp/hard\libgcc.a(_aeabi_uldivmod.o)
                              ./SDK/platform/drivers/src/lptmr/lptmr_driver.o (__aeabi_uldivmod)
c:/nxp/s32ds.3.4/s32ds/build_tools/gcc_v6.3/gcc-6.3-arm32-eabi/bin/../lib/gcc/arm-none-eabi/6.3.1/thumb/v7e-m/fpv4-sp/hard\libgcc.a(_udivmoddi4.o)
                              c:/nxp/s32ds.3.4/s32ds/build_tools/gcc_v6.3/gcc-6.3-arm32-eabi/bin/../lib/gcc/arm-none-eabi/6.3.1/thumb/v7e-m/fpv4-sp/hard\libgcc.a(_aeabi_uldivmod.o) (__udivmoddi4)
c:/nxp/s32ds.3.4/s32ds/build_tools/gcc_v6.3/gcc-6.3-arm32-eabi/bin/../lib/gcc/arm-none-eabi/6.3.1/thumb/v7e-m/fpv4-sp/hard\libgcc.a(_dvmd_tls.o)
                              c:/nxp/s32ds.3.4/s32ds/build_tools/gcc_v6.3/gcc-6.3-arm32-eabi/bin/../lib/gcc/arm-none-eabi/6.3.1/thumb/v7e-m/fpv4-sp/hard\libgcc.a(_aeabi_uldivmod.o) (__aeabi_ldiv0)
C:/NXP/S32DS.3.4/S32DS/build_tools/gcc_v6.3/gcc-6.3-arm32-eabi/arm-none-eabi/newlib/lib/thumb/v7e-m/fpv4-sp/hard\libc_nano.a(lib_a-exit.o)
                              C:/NXP/S32DS.3.4/S32DS/build_tools/gcc_v6.3/gcc-6.3-arm32-eabi/arm-none-eabi/newlib/lib/thumb/v7e-m/fpv4-sp/hard/crt0.o (exit)
C:/NXP/S32DS.3.4/S32DS/build_tools/gcc_v6.3/gcc-6.3-arm32-eabi/arm-none-eabi/newlib/lib/thumb/v7e-m/fpv4-sp/hard\libc_nano.a(lib_a-impure.o)
                              C:/NXP/S32DS.3.4/S32DS/build_tools/gcc_v6.3/gcc-6.3-arm32-eabi/arm-none-eabi/newlib/lib/thumb/v7e-m/fpv4-sp/hard\libc_nano.a(lib_a-exit.o) (_global_impure_ptr)
C:/NXP/S32DS.3.4/S32DS/build_tools/gcc_v6.3/gcc-6.3-arm32-eabi/arm-none-eabi/newlib/lib/thumb/v7e-m/fpv4-sp/hard\libc_nano.a(lib_a-init.o)
                              C:/NXP/S32DS.3.4/S32DS/build_tools/gcc_v6.3/gcc-6.3-arm32-eabi/arm-none-eabi/newlib/lib/thumb/v7e-m/fpv4-sp/hard/crt0.o (__libc_init_array)
C:/NXP/S32DS.3.4/S32DS/build_tools/gcc_v6.3/gcc-6.3-arm32-eabi/arm-none-eabi/newlib/lib/thumb/v7e-m/fpv4-sp/hard\libc_nano.a(lib_a-memset.o)
                              C:/NXP/S32DS.3.4/S32DS/build_tools/gcc_v6.3/gcc-6.3-arm32-eabi/arm-none-eabi/newlib/lib/thumb/v7e-m/fpv4-sp/hard/crt0.o (memset)
C:/NXP/S32DS.3.4/S32DS/build_tools/gcc_v6.3/gcc-6.3-arm32-eabi/arm-none-eabi/newlib/lib/thumb/v7e-m/fpv4-sp/hard\libnosys.a(_exit.o)
                              C:/NXP/S32DS.3.4/S32DS/build_tools/gcc_v6.3/gcc-6.3-arm32-eabi/arm-none-eabi/newlib/lib/thumb/v7e-m/fpv4-sp/hard\libc_nano.a(lib_a-exit.o) (_exit)

Discarded input sections

 .text          0x00000000        0x0 c:/nxp/s32ds.3.4/s32ds/build_tools/gcc_v6.3/gcc-6.3-arm32-eabi/bin/../lib/gcc/arm-none-eabi/6.3.1/thumb/v7e-m/fpv4-sp/hard/crti.o
 .data          0x00000000        0x0 c:/nxp/s32ds.3.4/s32ds/build_tools/gcc_v6.3/gcc-6.3-arm32-eabi/bin/../lib/gcc/arm-none-eabi/6.3.1/thumb/v7e-m/fpv4-sp/hard/crti.o
 .bss           0x00000000        0x0 c:/nxp/s32ds.3.4/s32ds/build_tools/gcc_v6.3/gcc-6.3-arm32-eabi/bin/../lib/gcc/arm-none-eabi/6.3.1/thumb/v7e-m/fpv4-sp/hard/crti.o
 .text          0x00000000       0xa4 c:/nxp/s32ds.3.4/s32ds/build_tools/gcc_v6.3/gcc-6.3-arm32-eabi/bin/../lib/gcc/arm-none-eabi/6.3.1/thumb/v7e-m/fpv4-sp/hard/crtbegin.o
 .data          0x00000000        0x4 c:/nxp/s32ds.3.4/s32ds/build_tools/gcc_v6.3/gcc-6.3-arm32-eabi/bin/../lib/gcc/arm-none-eabi/6.3.1/thumb/v7e-m/fpv4-sp/hard/crtbegin.o
 .bss           0x00000000       0x1c c:/nxp/s32ds.3.4/s32ds/build_tools/gcc_v6.3/gcc-6.3-arm32-eabi/bin/../lib/gcc/arm-none-eabi/6.3.1/thumb/v7e-m/fpv4-sp/hard/crtbegin.o
 .init_array    0x00000000        0x4 c:/nxp/s32ds.3.4/s32ds/build_tools/gcc_v6.3/gcc-6.3-arm32-eabi/bin/../lib/gcc/arm-none-eabi/6.3.1/thumb/v7e-m/fpv4-sp/hard/crtbegin.o
 .fini_array    0x00000000        0x4 c:/nxp/s32ds.3.4/s32ds/build_tools/gcc_v6.3/gcc-6.3-arm32-eabi/bin/../lib/gcc/arm-none-eabi/6.3.1/thumb/v7e-m/fpv4-sp/hard/crtbegin.o
 .eh_frame      0x00000000        0x0 c:/nxp/s32ds.3.4/s32ds/build_tools/gcc_v6.3/gcc-6.3-arm32-eabi/bin/../lib/gcc/arm-none-eabi/6.3.1/thumb/v7e-m/fpv4-sp/hard/crtbegin.o
 .jcr           0x00000000        0x0 c:/nxp/s32ds.3.4/s32ds/build_tools/gcc_v6.3/gcc-6.3-arm32-eabi/bin/../lib/gcc/arm-none-eabi/6.3.1/thumb/v7e-m/fpv4-sp/hard/crtbegin.o
 .tm_clone_table
                0x00000000        0x0 c:/nxp/s32ds.3.4/s32ds/build_tools/gcc_v6.3/gcc-6.3-arm32-eabi/bin/../lib/gcc/arm-none-eabi/6.3.1/thumb/v7e-m/fpv4-sp/hard/crtbegin.o
 .comment       0x00000000       0xa1 c:/nxp/s32ds.3.4/s32ds/build_tools/gcc_v6.3/gcc-6.3-arm32-eabi/bin/../lib/gcc/arm-none-eabi/6.3.1/thumb/v7e-m/fpv4-sp/hard/crtbegin.o
 .ARM.attributes
                0x00000000       0x34 c:/nxp/s32ds.3.4/s32ds/build_tools/gcc_v6.3/gcc-6.3-arm32-eabi/bin/../lib/gcc/arm-none-eabi/6.3.1/thumb/v7e-m/fpv4-sp/hard/crtbegin.o
[...]
Memory Configuration

Name             Origin             Length             Attributes
m_interrupts     0x00000000         0x00000400         xr
m_flash_config   0x00000400         0x00000010         xr
m_text           0x00000410         0x0007fbf0         xr
m_data           0x1fff8000         0x00008000         rw
m_data_2         0x20000000         0x00007000         rw
*default*        0x00000000         0xffffffff

Linker script and memory map

LOAD c:/nxp/s32ds.3.4/s32ds/build_tools/gcc_v6.3/gcc-6.3-arm32-eabi/bin/../lib/gcc/arm-none-eabi/6.3.1/thumb/v7e-m/fpv4-sp/hard/crti.o
LOAD c:/nxp/s32ds.3.4/s32ds/build_tools/gcc_v6.3/gcc-6.3-arm32-eabi/bin/../lib/gcc/arm-none-eabi/6.3.1/thumb/v7e-m/fpv4-sp/hard/crtbegin.o
LOAD C:/NXP/S32DS.3.4/S32DS/build_tools/gcc_v6.3/gcc-6.3-arm32-eabi/arm-none-eabi/newlib/lib/thumb/v7e-m/fpv4-sp/hard/crt0.o
LOAD ./EXT_Driv/src/GB_MFRC522.o
LOAD ./Project_Settings/Startup_Code/startup_S32K144.o
LOAD ./SDK/platform/devices/S32K144/startup/system_S32K144.o
LOAD ./SDK/platform/devices/startup.o
LOAD ./SDK/platform/drivers/src/clock/S32K1xx/clock_S32K1xx.o
LOAD ./SDK/platform/drivers/src/edma/edma_driver.o
LOAD ./SDK/platform/drivers/src/edma/edma_hw_access.o
LOAD ./SDK/platform/drivers/src/edma/edma_irq.o
LOAD ./SDK/platform/drivers/src/interrupt/interrupt_manager.o
LOAD ./SDK/platform/drivers/src/lpspi/lpspi_hw_access.o
LOAD ./SDK/platform/drivers/src/lpspi/lpspi_irq.o
LOAD ./SDK/platform/drivers/src/lpspi/lpspi_master_driver.o
LOAD ./SDK/platform/drivers/src/lpspi/lpspi_shared_function.o
LOAD ./SDK/platform/drivers/src/lpspi/lpspi_slave_driver.o
LOAD ./SDK/platform/drivers/src/lptmr/lptmr_driver.o
LOAD ./SDK/platform/drivers/src/lptmr/lptmr_hw_access.o
LOAD ./SDK/platform/drivers/src/lpuart/lpuart_driver.o
LOAD ./SDK/platform/drivers/src/lpuart/lpuart_hw_access.o
LOAD ./SDK/platform/drivers/src/lpuart/lpuart_irq.o
LOAD ./SDK/platform/drivers/src/pins/pins_driver.o
LOAD ./SDK/platform/drivers/src/pins/pins_port_hw_access.o
LOAD ./SDK/rtos/osif/osif_baremetal.o
LOAD ./board/clock_config.o
LOAD ./board/peripherals_lpspi_1.o
LOAD ./board/peripherals_lptmr_1.o
LOAD ./board/peripherals_lpuart_1.o
LOAD ./board/pin_mux.o
LOAD ./src/main.o
START GROUP
LOAD c:/nxp/s32ds.3.4/s32ds/build_tools/gcc_v6.3/gcc-6.3-arm32-eabi/bin/../lib/gcc/arm-none-eabi/6.3.1/thumb/v7e-m/fpv4-sp/hard\libgcc.a
LOAD C:/NXP/S32DS.3.4/S32DS/build_tools/gcc_v6.3/gcc-6.3-arm32-eabi/arm-none-eabi/newlib/lib/thumb/v7e-m/fpv4-sp/hard\libc_nano.a
END GROUP
START GROUP
LOAD c:/nxp/s32ds.3.4/s32ds/build_tools/gcc_v6.3/gcc-6.3-arm32-eabi/bin/../lib/gcc/arm-none-eabi/6.3.1/thumb/v7e-m/fpv4-sp/hard\libgcc.a
LOAD C:/NXP/S32DS.3.4/S32DS/build_tools/gcc_v6.3/gcc-6.3-arm32-eabi/arm-none-eabi/newlib/lib/thumb/v7e-m/fpv4-sp/hard\libc_nano.a
LOAD C:/NXP/S32DS.3.4/S32DS/build_tools/gcc_v6.3/gcc-6.3-arm32-eabi/arm-none-eabi/newlib/lib/thumb/v7e-m/fpv4-sp/hard\libnosys.a
END GROUP
START GROUP
LOAD c:/nxp/s32ds.3.4/s32ds/build_tools/gcc_v6.3/gcc-6.3-arm32-eabi/bin/../lib/gcc/arm-none-eabi/6.3.1/thumb/v7e-m/fpv4-sp/hard\libgcc.a
LOAD C:/NXP/S32DS.3.4/S32DS/build_tools/gcc_v6.3/gcc-6.3-arm32-eabi/arm-none-eabi/newlib/lib/thumb/v7e-m/fpv4-sp/hard\libc_nano.a
LOAD C:/NXP/S32DS.3.4/S32DS/build_tools/gcc_v6.3/gcc-6.3-arm32-eabi/arm-none-eabi/newlib/lib/thumb/v7e-m/fpv4-sp/hard\libnosys.a
END GROUP
LOAD c:/nxp/s32ds.3.4/s32ds/build_tools/gcc_v6.3/gcc-6.3-arm32-eabi/bin/../lib/gcc/arm-none-eabi/6.3.1/thumb/v7e-m/fpv4-sp/hard/crtend.o
LOAD c:/nxp/s32ds.3.4/s32ds/build_tools/gcc_v6.3/gcc-6.3-arm32-eabi/bin/../lib/gcc/arm-none-eabi/6.3.1/thumb/v7e-m/fpv4-sp/hard/crtn.o
                0x00000400                HEAP_SIZE = DEFINED (__heap_size__)?__heap_size__:0x400
                0x00000400                STACK_SIZE = DEFINED (__stack_size__)?__stack_size__:0x400
                0x00000400                M_VECTOR_RAM_SIZE = DEFINED (__flash_vector_table__)?0x0:0x400

.interrupts     0x00000000      0x400
                0x00000000                __VECTOR_TABLE = .
                0x00000000                __interrupts_start__ = .
                0x00000000                . = ALIGN (0x4)
 *(.isr_vector)
 .isr_vector    0x00000000      0x400 ./Project_Settings/Startup_Code/startup_S32K144.o
                0x00000000                __isr_vector
                0x00000400                __interrupts_end__ = .
                0x00000400                . = ALIGN (0x4)

.flash_config   0x00000400       0x10
                0x00000400                . = ALIGN (0x4)
 *(.FlashConfig)
 .FlashConfig   0x00000400       0x10 ./Project_Settings/Startup_Code/startup_S32K144.o
                0x00000410                . = ALIGN (0x4)

.text           0x00000410     0x4618
                0x00000410                . = ALIGN (0x4)
 *(.text)
 .text          0x00000410       0x4c ./Project_Settings/Startup_Code/startup_S32K144.o
                0x00000410                Reset_Handler
                0x00000458                DebugMon_Handler
                0x00000458                Reserved88_IRQHandler
                0x00000458                CAN0_ORed_IRQHandler
                0x00000458                HardFault_Handler
                0x00000458                Reserved86_IRQHandler
                0x00000458                Reserved103_IRQHandler
                0x00000458                FTM2_Ovf_Reload_IRQHandler
                0x00000458                Reserved50_IRQHandler
                0x00000458                FTFC_Fault_IRQHandler
                0x00000458                FTM0_Ch6_Ch7_IRQHandler
                0x00000458                Reserved114_IRQHandler
                0x00000458                PendSV_Handler
                0x00000458                NMI_Handler
                0x00000458                Reserved89_IRQHandler
                0x00000458                ERM_double_fault_IRQHandler
                0x00000458                Reserved59_IRQHandler
                0x00000458                LPIT0_Ch0_IRQHandler
                0x00000458                Reserved99_IRQHandler
                0x00000458                FTM3_Ch6_Ch7_IRQHandler
                0x00000458                CAN2_ORed_0_15_MB_IRQHandler
                0x00000458                LPIT0_Ch3_IRQHandler
                0x00000458                Reserved92_IRQHandler
                0x00000458                FTM0_Ch4_Ch5_IRQHandler
                0x00000458                CAN1_Error_IRQHandler
                0x00000458                FTM3_Ch0_Ch1_IRQHandler
                0x00000458                SWI_IRQHandler
                0x00000458                ADC0_IRQHandler
                0x00000458                FTM2_Ch4_Ch5_IRQHandler
                0x00000458                UsageFault_Handler
                0x00000458                FTM0_Ovf_Reload_IRQHandler
                0x00000458                DefaultISR
                0x00000458                Reserved58_IRQHandler
                0x00000458                CAN1_ORed_0_15_MB_IRQHandler
                0x00000458                FTM1_Ch2_Ch3_IRQHandler
                0x00000458                Reserved82_IRQHandler
                0x00000458                CAN0_ORed_16_31_MB_IRQHandler
                0x00000458                LPI2C0_Slave_IRQHandler
                0x00000458                Reserved71_IRQHandler
                0x00000458                PORTD_IRQHandler
                0x00000458                Reserved69_IRQHandler
                0x00000458                PORTB_IRQHandler
                0x00000458                Reserved70_IRQHandler
                0x00000458                ADC1_IRQHandler
                0x00000458                FTM2_Ch2_Ch3_IRQHandler
                0x00000458                Reserved53_IRQHandler
                0x00000458                RTC_IRQHandler
                0x00000458                PDB0_IRQHandler
                0x00000458                Reserved54_IRQHandler
                0x00000458                FTM2_Ch6_Ch7_IRQHandler
                0x00000458                FTM3_Ch2_Ch3_IRQHandler
                0x00000458                FTM2_Ch0_Ch1_IRQHandler
                0x00000458                LPUART1_RxTx_IRQHandler
                0x00000458                RTC_Seconds_IRQHandler
                0x00000458                CAN2_ORed_IRQHandler
                0x00000458                Reserved72_IRQHandler
                0x00000458                Reserved110_IRQHandler
                0x00000458                Reserved107_IRQHandler
                0x00000458                Read_Collision_IRQHandler
                0x00000458                CAN2_Error_IRQHandler
                0x00000458                FTFC_IRQHandler
                0x00000458                FTM1_Ch6_Ch7_IRQHandler
                0x00000458                Reserved105_IRQHandler
                0x00000458                LPIT0_Ch1_IRQHandler
                0x00000458                FTM1_Ch4_Ch5_IRQHandler
                0x00000458                FTM3_Ovf_Reload_IRQHandler
                0x00000458                LPUART2_RxTx_IRQHandler
                0x00000458                WDOG_EWM_IRQHandler
                0x00000458                MemManage_Handler
                0x00000458                Reserved90_IRQHandler
                0x00000458                Reserved83_IRQHandler
                0x00000458                FTM0_Fault_IRQHandler
                0x00000458                Reserved48_IRQHandler
                0x00000458                SVC_Handler
                0x00000458                ERM_single_fault_IRQHandler
                0x00000458                FTM2_Fault_IRQHandler
                0x00000458                FTM0_Ch2_Ch3_IRQHandler
                0x00000458                FTM0_Ch0_Ch1_IRQHandler
                0x00000458                FTM3_Fault_IRQHandler
                0x00000458                RCM_IRQHandler
                0x00000458                Reserved100_IRQHandler
                0x00000458                Reserved91_IRQHandler
                0x00000458                CAN1_ORed_IRQHandler
                0x00000458                SCG_IRQHandler
                0x00000458                PDB1_IRQHandler
                0x00000458                Reserved81_IRQHandler
                0x00000458                Reserved46_IRQHandler
                0x00000458                Reserved45_IRQHandler
                0x00000458                CAN0_Error_IRQHandler
                0x00000458                Reserved112_IRQHandler
                0x00000458                LPI2C0_Master_IRQHandler
                0x00000458                FTM1_Fault_IRQHandler
                0x00000458                Reserved106_IRQHandler
                0x00000458                LVD_LVW_IRQHandler
                0x00000458                LPIT0_Ch2_IRQHandler
                0x00000458                PORTA_IRQHandler
                0x00000458                MCM_IRQHandler
                0x00000458                FTM3_Ch4_Ch5_IRQHandler
                0x00000458                CAN0_ORed_0_15_MB_IRQHandler
                0x00000458                PORTE_IRQHandler
                0x00000458                LPUART0_RxTx_IRQHandler
                0x00000458                BusFault_Handler
                0x00000458                Reserved87_IRQHandler
                0x00000458                FTM1_Ovf_Reload_IRQHandler
                0x00000458                Reserved93_IRQHandler
                0x00000458                CAN0_Wake_Up_IRQHandler
                0x00000458                CMP0_IRQHandler
                0x00000458                Reserved52_IRQHandler
                0x00000458                PORTC_IRQHandler
                0x00000458                FTM1_Ch0_Ch1_IRQHandler
                0x00000458                FLEXIO_IRQHandler
                0x00000458                Reserved113_IRQHandler
 .text          0x0000045c       0x30 c:/nxp/s32ds.3.4/s32ds/build_tools/gcc_v6.3/gcc-6.3-arm32-eabi/bin/../lib/gcc/arm-none-eabi/6.3.1/thumb/v7e-m/fpv4-sp/hard\libgcc.a(_aeabi_uldivmod.o)
                0x0000045c                __aeabi_uldivmod
 .text          0x0000048c      0x2e4 c:/nxp/s32ds.3.4/s32ds/build_tools/gcc_v6.3/gcc-6.3-arm32-eabi/bin/../lib/gcc/arm-none-eabi/6.3.1/thumb/v7e-m/fpv4-sp/hard\libgcc.a(_udivmoddi4.o)
                0x0000048c                __udivmoddi4
 .text          0x00000770        0x4 c:/nxp/s32ds.3.4/s32ds/build_tools/gcc_v6.3/gcc-6.3-arm32-eabi/bin/../lib/gcc/arm-none-eabi/6.3.1/thumb/v7e-m/fpv4-sp/hard\libgcc.a(_dvmd_tls.o)
                0x00000770                __aeabi_idiv0
                0x00000770                __aeabi_ldiv0
 *(.text*)
 .text.GB_MFRC522_WriteRegister
                0x00000774       0x28 ./EXT_Driv/src/GB_MFRC522.o
                0x00000774                GB_MFRC522_WriteRegister
 .text.GB_MFRC522_WriteRegister_Multi
                0x0000079c       0x3a ./EXT_Driv/src/GB_MFRC522.o
                0x0000079c                GB_MFRC522_WriteRegister_Multi
 .text.GB_MFRC522_ReadRegister
                0x000007d6       0x2c ./EXT_Driv/src/GB_MFRC522.o
                0x000007d6                GB_MFRC522_ReadRegister
 .text.GB_MFRC522_ReadRegisterMulti
                0x00000802       0x98 ./EXT_Driv/src/GB_MFRC522.o
                0x00000802                GB_MFRC522_ReadRegisterMulti
 .text.GB_MFRC522_ClearRegisterBitMask
                0x0000089a       0x18 ./EXT_Driv/src/GB_MFRC522.o
                0x0000089a                GB_MFRC522_ClearRegisterBitMask
 .text.GB_MFRC522_SetRegisterBitmask
                0x000008b2       0x18 ./EXT_Driv/src/GB_MFRC522.o
                0x000008b2                GB_MFRC522_SetRegisterBitmask
 *fill*         0x000008ca        0x2 
 .text.GB_MFRC522Version
                0x000008cc       0x74 ./EXT_Driv/src/GB_MFRC522.o
                0x000008cc                GB_MFRC522Version
 .text.GB_MFRC522_AnteenaOn
                0x00000940       0x1e ./EXT_Driv/src/GB_MFRC522.o
                0x00000940                GB_MFRC522_AnteenaOn
 .text.MFRC522_init
                0x0000095e       0x50 ./EXT_Driv/src/GB_MFRC522.o
                0x0000095e                MFRC522_init
 .text.PCD_CalculateCRC
                0x000009ae       0x70 ./EXT_Driv/src/GB_MFRC522.o
                0x000009ae                PCD_CalculateCRC
 *fill*         0x00000a1e        0x2 
 .text.GB_MFRC522_CommunicateWithPICC
                0x00000a20      0x188 ./EXT_Driv/src/GB_MFRC522.o
                0x00000a20                GB_MFRC522_CommunicateWithPICC
 .text.GB_MFRC522_TransceiveData
                0x00000ba8       0x34 ./EXT_Driv/src/GB_MFRC522.o
                0x00000ba8                GB_MFRC522_TransceiveData
 .text.GB_PICC_REQA_OR_WUPA
                0x00000bdc       0x48 ./EXT_Driv/src/GB_MFRC522.o
                0x00000bdc                GB_PICC_REQA_OR_WUPA
 .text.GB_PICC_RequestA
                0x00000c24        0xe ./EXT_Driv/src/GB_MFRC522.o
                0x00000c24                GB_PICC_RequestA
 *fill*         0x00000c32        0x2 
 .text.GB_PICC_IsNewCardPresent
                0x00000c34       0x50 ./EXT_Driv/src/GB_MFRC522.o
                0x00000c34                GB_PICC_IsNewCardPresent
 .text.GB_PICC_Select
                0x00000c84      0x318 ./EXT_Driv/src/GB_MFRC522.o
                0x00000c84                GB_PICC_Select
 .text.GB_PICC_ReadCardSerial
                0x00000f9c       0x18 ./EXT_Driv/src/GB_MFRC522.o
                0x00000f9c                GB_PICC_ReadCardSerial
 .text.GB_PICCDetails
                0x00000fb4       0x74 ./EXT_Driv/src/GB_MFRC522.o
                0x00000fb4                GB_PICCDetails
 .text.SystemInit
                0x00001028       0x3c ./SDK/platform/devices/S32K144/startup/system_S32K144.o
                0x00001028                SystemInit
 .text.init_data_bss
                0x00001064       0xd8 ./SDK/platform/devices/startup.o
                0x00001064                init_data_bss
 .text.CLOCK_SYS_GetCurrentRunMode
                0x0000113c       0x24 ./SDK/platform/drivers/src/clock/S32K1xx/clock_S32K1xx.o
 .text.CLOCK_SYS_GetSysOscFreq
                0x00001160       0x1c ./SDK/platform/drivers/src/clock/S32K1xx/clock_S32K1xx.o
 .text.CLOCK_SYS_ConfigureSOSC
                0x0000117c      0x12c ./SDK/platform/drivers/src/clock/S32K1xx/clock_S32K1xx.o
 .text.CLOCK_SYS_GetSircFreq
                0x000012a8       0x2c ./SDK/platform/drivers/src/clock/S32K1xx/clock_S32K1xx.o
 .text.CLOCK_SYS_ConfigureSIRC
                0x000012d4       0xc4 ./SDK/platform/drivers/src/clock/S32K1xx/clock_S32K1xx.o
 .text.CLOCK_SYS_GetFircFreq
                0x00001398       0x20 ./SDK/platform/drivers/src/clock/S32K1xx/clock_S32K1xx.o
 .text.CLOCK_SYS_ConfigureFIRC
                0x000013b8       0xb4 ./SDK/platform/drivers/src/clock/S32K1xx/clock_S32K1xx.o
 .text.CLOCK_SYS_GetSysPllFreq
                0x0000146c       0x44 ./SDK/platform/drivers/src/clock/S32K1xx/clock_S32K1xx.o
 .text.CLOCK_SYS_ConfigureSPLL
                0x000014b0      0x104 ./SDK/platform/drivers/src/clock/S32K1xx/clock_S32K1xx.o
 .text.CLOCK_SYS_SetSystemClockConfig
                0x000015b4      0x1e4 ./SDK/platform/drivers/src/clock/S32K1xx/clock_S32K1xx.o
 .text.CLOCK_SYS_TransitionSystemClock
                0x00001798       0x3c ./SDK/platform/drivers/src/clock/S32K1xx/clock_S32K1xx.o
 .text.CLOCK_SYS_GetSystemClockFreq
                0x000017d4       0x78 ./SDK/platform/drivers/src/clock/S32K1xx/clock_S32K1xx.o
 .text.CLOCK_SYS_GetScgClkOutFreq
                0x0000184c       0x48 ./SDK/platform/drivers/src/clock/S32K1xx/clock_S32K1xx.o
 .text.CLOCK_SYS_GetSysAsyncFreq
                0x00001894       0xdc ./SDK/platform/drivers/src/clock/S32K1xx/clock_S32K1xx.o
 .text.CLOCK_SYS_GetSimRtcClkFreq
                0x00001970       0x50 ./SDK/platform/drivers/src/clock/S32K1xx/clock_S32K1xx.o
 .text.CLOCK_SYS_GetLpoFreq
                0x000019c0       0x4c ./SDK/platform/drivers/src/clock/S32K1xx/clock_S32K1xx.o
 .text.CLOCK_SYS_GetSimClkOutFreq
                0x00001a0c       0xac ./SDK/platform/drivers/src/clock/S32K1xx/clock_S32K1xx.o
 .text.CLOCK_SYS_GetSimClockFreq
                0x00001ab8      0x1b0 ./SDK/platform/drivers/src/clock/S32K1xx/clock_S32K1xx.o
 .text.CLOCK_SYS_GetPeripheralClock
                0x00001c68       0xcc ./SDK/platform/drivers/src/clock/S32K1xx/clock_S32K1xx.o
 .text.CLOCK_DRV_Init
                0x00001d34      0x618 ./SDK/platform/drivers/src/clock/S32K1xx/clock_S32K1xx.o
                0x00001d34                CLOCK_DRV_Init
 .text.CLOCK_DRV_GetFreq
                0x0000234c      0x230 ./SDK/platform/drivers/src/clock/S32K1xx/clock_S32K1xx.o
                0x0000234c                CLOCK_DRV_GetFreq
 .text.CLOCK_SYS_GetFreq
                0x0000257c        0x8 ./SDK/platform/drivers/src/clock/S32K1xx/clock_S32K1xx.o
                0x0000257c                CLOCK_SYS_GetFreq
 .text.EDMA_DRV_InstallCallback
                0x00002584       0x20 ./SDK/platform/drivers/src/edma/edma_driver.o
                0x00002584                EDMA_DRV_InstallCallback
 .text.EDMA_DRV_IRQHandler
                0x000025a4       0x2c ./SDK/platform/drivers/src/edma/edma_driver.o
                0x000025a4                EDMA_DRV_IRQHandler
 .text.EDMA_DRV_ErrorIRQHandler
                0x000025d0       0x3c ./SDK/platform/drivers/src/edma/edma_driver.o
                0x000025d0                EDMA_DRV_ErrorIRQHandler
 .text.EDMA_DRV_ConfigSingleBlockTransfer
                0x0000260c      0x154 ./SDK/platform/drivers/src/edma/edma_driver.o
                0x0000260c                EDMA_DRV_ConfigSingleBlockTransfer
 .text.EDMA_DRV_ConfigMultiBlockTransfer
                0x00002760       0x64 ./SDK/platform/drivers/src/edma/edma_driver.o
                0x00002760                EDMA_DRV_ConfigMultiBlockTransfer
 .text.EDMA_DRV_StartChannel
                0x000027c4       0x18 ./SDK/platform/drivers/src/edma/edma_driver.o
                0x000027c4                EDMA_DRV_StartChannel
 .text.EDMA_DRV_StopChannel
                0x000027dc       0x18 ./SDK/platform/drivers/src/edma/edma_driver.o
                0x000027dc                EDMA_DRV_StopChannel
 .text.EDMA_DRV_SetSrcAddr
                0x000027f4       0x14 ./SDK/platform/drivers/src/edma/edma_driver.o
                0x000027f4                EDMA_DRV_SetSrcAddr
 .text.EDMA_DRV_SetMajorLoopIterationCount
                0x00002808       0x14 ./SDK/platform/drivers/src/edma/edma_driver.o
                0x00002808                EDMA_DRV_SetMajorLoopIterationCount
 .text.EDMA_DRV_GetDmaRegBaseAddr
                0x0000281c        0x8 ./SDK/platform/drivers/src/edma/edma_driver.o
                0x0000281c                EDMA_DRV_GetDmaRegBaseAddr
 .text.EDMA_SetDmaRequestCmd
                0x00002824        0xa ./SDK/platform/drivers/src/edma/edma_hw_access.o
                0x00002824                EDMA_SetDmaRequestCmd
 .text.EDMA_TCDClearReg
                0x0000282e       0x4a ./SDK/platform/drivers/src/edma/edma_hw_access.o
                0x0000282e                EDMA_TCDClearReg
 .text.EDMA_TCDSetAttribute
                0x00002878       0x30 ./SDK/platform/drivers/src/edma/edma_hw_access.o
                0x00002878                EDMA_TCDSetAttribute
 .text.EDMA_TCDSetNbytes
                0x000028a8       0x5c ./SDK/platform/drivers/src/edma/edma_hw_access.o
                0x000028a8                EDMA_TCDSetNbytes
 .text.EDMA_TCDSetMajorCount
                0x00002904       0x5e ./SDK/platform/drivers/src/edma/edma_hw_access.o
                0x00002904                EDMA_TCDSetMajorCount
 .text.DMA0_IRQHandler
                0x00002962        0xa ./SDK/platform/drivers/src/edma/edma_irq.o
                0x00002962                DMA0_IRQHandler
 .text.DMA1_IRQHandler
                0x0000296c        0xa ./SDK/platform/drivers/src/edma/edma_irq.o
                0x0000296c                DMA1_IRQHandler
 .text.DMA2_IRQHandler
                0x00002976        0xa ./SDK/platform/drivers/src/edma/edma_irq.o
                0x00002976                DMA2_IRQHandler
 .text.DMA3_IRQHandler
                0x00002980        0xa ./SDK/platform/drivers/src/edma/edma_irq.o
                0x00002980                DMA3_IRQHandler
 .text.DMA4_IRQHandler
                0x0000298a        0xa ./SDK/platform/drivers/src/edma/edma_irq.o
                0x0000298a                DMA4_IRQHandler
 .text.DMA5_IRQHandler
                0x00002994        0xa ./SDK/platform/drivers/src/edma/edma_irq.o
                0x00002994                DMA5_IRQHandler
 .text.DMA6_IRQHandler
                0x0000299e        0xa ./SDK/platform/drivers/src/edma/edma_irq.o
                0x0000299e                DMA6_IRQHandler
 .text.DMA7_IRQHandler
                0x000029a8        0xa ./SDK/platform/drivers/src/edma/edma_irq.o
                0x000029a8                DMA7_IRQHandler
 .text.DMA8_IRQHandler
                0x000029b2        0xa ./SDK/platform/drivers/src/edma/edma_irq.o
                0x000029b2                DMA8_IRQHandler
 .text.DMA9_IRQHandler
                0x000029bc        0xa ./SDK/platform/drivers/src/edma/edma_irq.o
                0x000029bc                DMA9_IRQHandler
 .text.DMA10_IRQHandler
                0x000029c6        0xa ./SDK/platform/drivers/src/edma/edma_irq.o
                0x000029c6                DMA10_IRQHandler
 .text.DMA11_IRQHandler
                0x000029d0        0xa ./SDK/platform/drivers/src/edma/edma_irq.o
                0x000029d0                DMA11_IRQHandler
 .text.DMA12_IRQHandler
                0x000029da        0xa ./SDK/platform/drivers/src/edma/edma_irq.o
                0x000029da                DMA12_IRQHandler
 .text.DMA13_IRQHandler
                0x000029e4        0xa ./SDK/platform/drivers/src/edma/edma_irq.o
                0x000029e4                DMA13_IRQHandler
 .text.DMA14_IRQHandler
                0x000029ee        0xa ./SDK/platform/drivers/src/edma/edma_irq.o
                0x000029ee                DMA14_IRQHandler
 .text.DMA15_IRQHandler
                0x000029f8        0xa ./SDK/platform/drivers/src/edma/edma_irq.o
                0x000029f8                DMA15_IRQHandler
 .text.DMA_Error_IRQHandler
                0x00002a02       0x28 ./SDK/platform/drivers/src/edma/edma_irq.o
                0x00002a02                DMA_Error_IRQHandler
 *fill*         0x00002a2a        0x2 
 .text.INT_SYS_InstallHandler
                0x00002a2c       0x40 ./SDK/platform/drivers/src/interrupt/interrupt_manager.o
                0x00002a2c                INT_SYS_InstallHandler
 .text.INT_SYS_EnableIRQ
                0x00002a6c       0x18 ./SDK/platform/drivers/src/interrupt/interrupt_manager.o
                0x00002a6c                INT_SYS_EnableIRQ
 .text.INT_SYS_EnableIRQGlobal
                0x00002a84       0x1c ./SDK/platform/drivers/src/interrupt/interrupt_manager.o
                0x00002a84                INT_SYS_EnableIRQGlobal
 .text.INT_SYS_DisableIRQGlobal
                0x00002aa0       0x10 ./SDK/platform/drivers/src/interrupt/interrupt_manager.o
                0x00002aa0                INT_SYS_DisableIRQGlobal
 .text.LPSPI_Init
                0x00002ab0        0xa ./SDK/platform/drivers/src/lpspi/lpspi_hw_access.o
                0x00002ab0                LPSPI_Init
 .text.LPSPI_Disable
                0x00002aba       0x18 ./SDK/platform/drivers/src/lpspi/lpspi_hw_access.o
                0x00002aba                LPSPI_Disable
 .text.LPSPI_SetMasterSlaveMode
                0x00002ad2        0xe ./SDK/platform/drivers/src/lpspi/lpspi_hw_access.o
                0x00002ad2                LPSPI_SetMasterSlaveMode
 .text.LPSPI_SetFlushFifoCmd
                0x00002ae0        0xe ./SDK/platform/drivers/src/lpspi/lpspi_hw_access.o
                0x00002ae0                LPSPI_SetFlushFifoCmd
 .text.LPSPI_ClearStatusFlag
                0x00002aee       0x20 ./SDK/platform/drivers/src/lpspi/lpspi_hw_access.o
                0x00002aee                LPSPI_ClearStatusFlag
 .text.LPSPI_SetPcsPolarityMode
                0x00002b0e       0x1c ./SDK/platform/drivers/src/lpspi/lpspi_hw_access.o
                0x00002b0e                LPSPI_SetPcsPolarityMode
 .text.LPSPI_SetPinConfigMode
                0x00002b2a       0x22 ./SDK/platform/drivers/src/lpspi/lpspi_hw_access.o
                0x00002b2a                LPSPI_SetPinConfigMode
 .text.LPSPI_SetBaudRateDivisor
                0x00002b4c       0x10 ./SDK/platform/drivers/src/lpspi/lpspi_hw_access.o
                0x00002b4c                LPSPI_SetBaudRateDivisor
 .text.LPSPI_SetBaudRate
                0x00002b5c      0x108 ./SDK/platform/drivers/src/lpspi/lpspi_hw_access.o
                0x00002b5c                LPSPI_SetBaudRate
 .text.LPSPI_SetTxCommandReg
                0x00002c64       0x4a ./SDK/platform/drivers/src/lpspi/lpspi_hw_access.o
                0x00002c64                LPSPI_SetTxCommandReg
 .text.LPSPI_SetPcs
                0x00002cae        0xe ./SDK/platform/drivers/src/lpspi/lpspi_hw_access.o
                0x00002cae                LPSPI_SetPcs
 .text.LPSPI0_IRQHandler
                0x00002cbc        0xa ./SDK/platform/drivers/src/lpspi/lpspi_irq.o
                0x00002cbc                LPSPI0_IRQHandler
 .text.LPSPI1_IRQHandler
                0x00002cc6        0xa ./SDK/platform/drivers/src/lpspi/lpspi_irq.o
                0x00002cc6                LPSPI1_IRQHandler
 .text.LPSPI2_IRQHandler
                0x00002cd0        0xa ./SDK/platform/drivers/src/lpspi/lpspi_irq.o
                0x00002cd0                LPSPI2_IRQHandler
 *fill*         0x00002cda        0x2 
 .text.LPSPI_DRV_MasterStartTransfer
                0x00002cdc      0x200 ./SDK/platform/drivers/src/lpspi/lpspi_master_driver.o
 .text.LPSPI_DRV_MasterCompleteTransfer
                0x00002edc       0x78 ./SDK/platform/drivers/src/lpspi/lpspi_master_driver.o
 .text.LPSPI_DRV_MasterConfigureBus
                0x00002f54      0x114 ./SDK/platform/drivers/src/lpspi/lpspi_master_driver.o
                0x00002f54                LPSPI_DRV_MasterConfigureBus
 .text.LPSPI_DRV_MasterInit
                0x00003068       0x80 ./SDK/platform/drivers/src/lpspi/lpspi_master_driver.o
                0x00003068                LPSPI_DRV_MasterInit
 .text.LPSPI_DRV_MasterTransferBlocking
                0x000030e8       0xc0 ./SDK/platform/drivers/src/lpspi/lpspi_master_driver.o
                0x000030e8                LPSPI_DRV_MasterTransferBlocking
 .text.LPSPI_DRV_MasterAbortTransfer
                0x000031a8       0x28 ./SDK/platform/drivers/src/lpspi/lpspi_master_driver.o
                0x000031a8                LPSPI_DRV_MasterAbortTransfer
 .text.LPSPI_DRV_MasterCompleteDMATransfer
                0x000031d0       0x44 ./SDK/platform/drivers/src/lpspi/lpspi_master_driver.o
 .text.LPSPI_DRV_MasterCompleteRX
                0x00003214       0x20 ./SDK/platform/drivers/src/lpspi/lpspi_master_driver.o
 .text.LPSPI_DRV_SetPcs
                0x00003234       0x44 ./SDK/platform/drivers/src/lpspi/lpspi_master_driver.o
                0x00003234                LPSPI_DRV_SetPcs
 .text.LPSPI_DRV_MasterIRQHandler
                0x00003278       0xb4 ./SDK/platform/drivers/src/lpspi/lpspi_master_driver.o
                0x00003278                LPSPI_DRV_MasterIRQHandler
 .text.LPSPI_DRV_IRQHandler
                0x0000332c       0x28 ./SDK/platform/drivers/src/lpspi/lpspi_shared_function.o
                0x0000332c                LPSPI_DRV_IRQHandler
 .text.LPSPI_DRV_FillupTxBuffer
                0x00003354       0xb4 ./SDK/platform/drivers/src/lpspi/lpspi_shared_function.o
                0x00003354                LPSPI_DRV_FillupTxBuffer
 .text.LPSPI_DRV_ReadRXBuffer
                0x00003408       0x8c ./SDK/platform/drivers/src/lpspi/lpspi_shared_function.o
                0x00003408                LPSPI_DRV_ReadRXBuffer
 .text.LPSPI_DRV_DisableTEIEInterrupts
                0x00003494       0x30 ./SDK/platform/drivers/src/lpspi/lpspi_shared_function.o
                0x00003494                LPSPI_DRV_DisableTEIEInterrupts
 .text.LPSPI_DRV_SlaveAbortTransfer
                0x000034c4       0x74 ./SDK/platform/drivers/src/lpspi/lpspi_slave_driver.o
                0x000034c4                LPSPI_DRV_SlaveAbortTransfer
 .text.LPSPI_DRV_SlaveIRQHandler
                0x00003538       0xd4 ./SDK/platform/drivers/src/lpspi/lpspi_slave_driver.o
                0x00003538                LPSPI_DRV_SlaveIRQHandler
 .text.lptmr_GetClkFreq
                0x0000360c       0x32 ./SDK/platform/drivers/src/lptmr/lptmr_driver.o
 *fill*         0x0000363e        0x2 
 .text.LPTMR_DRV_SetConfig
                0x00003640      0x1d0 ./SDK/platform/drivers/src/lptmr/lptmr_driver.o
                0x00003640                LPTMR_DRV_SetConfig
 .text.LPTMR_DRV_Init
                0x00003810       0x20 ./SDK/platform/drivers/src/lptmr/lptmr_driver.o
                0x00003810                LPTMR_DRV_Init
 .text.LPTMR_DRV_ClearCompareFlag
                0x00003830       0x14 ./SDK/platform/drivers/src/lptmr/lptmr_driver.o
                0x00003830                LPTMR_DRV_ClearCompareFlag
 .text.LPTMR_DRV_StartCounter
                0x00003844       0x14 ./SDK/platform/drivers/src/lptmr/lptmr_driver.o
                0x00003844                LPTMR_DRV_StartCounter
 .text.LPTMR_Init
                0x00003858       0x12 ./SDK/platform/drivers/src/lptmr/lptmr_hw_access.o
                0x00003858                LPTMR_Init
 *fill*         0x0000386a        0x2 
 .text.LPUART_DRV_StartSendDataUsingInt
                0x0000386c       0x4c ./SDK/platform/drivers/src/lpuart/lpuart_driver.o
 .text.LPUART_DRV_StartSendDataUsingDma
                0x000038b8       0x80 ./SDK/platform/drivers/src/lpuart/lpuart_driver.o
 .text.LPUART_DRV_CompleteSendDataUsingInt
                0x00003938       0x64 ./SDK/platform/drivers/src/lpuart/lpuart_driver.o
 .text.LPUART_DRV_StopTxDma
                0x0000399c       0x64 ./SDK/platform/drivers/src/lpuart/lpuart_driver.o
 .text.LPUART_DRV_TxDmaCallback
                0x00003a00       0x74 ./SDK/platform/drivers/src/lpuart/lpuart_driver.o
 .text.LPUART_DRV_PutData
                0x00003a74       0x44 ./SDK/platform/drivers/src/lpuart/lpuart_driver.o
 .text.LPUART_DRV_CompleteReceiveDataUsingInt
                0x00003ab8       0x64 ./SDK/platform/drivers/src/lpuart/lpuart_driver.o
 .text.LPUART_DRV_StopRxDma
                0x00003b1c       0x64 ./SDK/platform/drivers/src/lpuart/lpuart_driver.o
 .text.LPUART_DRV_GetData
                0x00003b80       0x5c ./SDK/platform/drivers/src/lpuart/lpuart_driver.o
 .text.LPUART_DRV_SendDataBlocking
                0x00003bdc       0x5c ./SDK/platform/drivers/src/lpuart/lpuart_driver.o
                0x00003bdc                LPUART_DRV_SendDataBlocking
 .text.LPUART_DRV_SetBaudRate
                0x00003c38       0xf0 ./SDK/platform/drivers/src/lpuart/lpuart_driver.o
                0x00003c38                LPUART_DRV_SetBaudRate
 .text.LPUART_DRV_Init
                0x00003d28       0xe0 ./SDK/platform/drivers/src/lpuart/lpuart_driver.o
                0x00003d28                LPUART_DRV_Init
 .text.LPUART_DRV_IRQHandler
                0x00003e08      0x284 ./SDK/platform/drivers/src/lpuart/lpuart_driver.o
                0x00003e08                LPUART_DRV_IRQHandler
 .text.LPUART_Init
                0x0000408c       0x24 ./SDK/platform/drivers/src/lpuart/lpuart_hw_access.o
                0x0000408c                LPUART_Init
 .text.LPUART_SetBitCountPerChar
                0x000040b0       0x30 ./SDK/platform/drivers/src/lpuart/lpuart_hw_access.o
                0x000040b0                LPUART_SetBitCountPerChar
 .text.LPUART_SetParityMode
                0x000040e0       0x1e ./SDK/platform/drivers/src/lpuart/lpuart_hw_access.o
                0x000040e0                LPUART_SetParityMode
 .text.LPUART_Putchar9
                0x000040fe       0x16 ./SDK/platform/drivers/src/lpuart/lpuart_hw_access.o
                0x000040fe                LPUART_Putchar9
 .text.LPUART_Putchar10
                0x00004114       0x22 ./SDK/platform/drivers/src/lpuart/lpuart_hw_access.o
                0x00004114                LPUART_Putchar10
 .text.LPUART_Getchar9
                0x00004136       0x12 ./SDK/platform/drivers/src/lpuart/lpuart_hw_access.o
                0x00004136                LPUART_Getchar9
 .text.LPUART_Getchar10
                0x00004148       0x1e ./SDK/platform/drivers/src/lpuart/lpuart_hw_access.o
                0x00004148                LPUART_Getchar10
 .text.LPUART_SetIntMode
                0x00004166       0x70 ./SDK/platform/drivers/src/lpuart/lpuart_hw_access.o
                0x00004166                LPUART_SetIntMode
 .text.LPUART_GetIntMode
                0x000041d6       0x4a ./SDK/platform/drivers/src/lpuart/lpuart_hw_access.o
                0x000041d6                LPUART_GetIntMode
 .text.LPUART_GetStatusFlag
                0x00004220       0x4a ./SDK/platform/drivers/src/lpuart/lpuart_hw_access.o
                0x00004220                LPUART_GetStatusFlag
 *fill*         0x0000426a        0x2 
 .text.LPUART_SetErrorInterrupts
                0x0000426c       0x40 ./SDK/platform/drivers/src/lpuart/lpuart_hw_access.o
                0x0000426c                LPUART_SetErrorInterrupts
 .text.LPUART0_IrqHandler
                0x000042ac        0xa ./SDK/platform/drivers/src/lpuart/lpuart_irq.o
                0x000042ac                LPUART0_IrqHandler
 .text.LPUART1_IrqHandler
                0x000042b6        0xa ./SDK/platform/drivers/src/lpuart/lpuart_irq.o
                0x000042b6                LPUART1_IrqHandler
 .text.LPUART2_IrqHandler
                0x000042c0        0xa ./SDK/platform/drivers/src/lpuart/lpuart_irq.o
                0x000042c0                LPUART2_IrqHandler
 .text.PINS_DRV_Init
                0x000042ca       0x20 ./SDK/platform/drivers/src/pins/pins_driver.o
                0x000042ca                PINS_DRV_Init
 *fill*         0x000042ea        0x2 
 .text.PINS_GetAdcInterleaveVal
                0x000042ec       0x6c ./SDK/platform/drivers/src/pins/pins_port_hw_access.o
 .text.PINS_Init
                0x00004358      0x114 ./SDK/platform/drivers/src/pins/pins_port_hw_access.o
                0x00004358                PINS_Init
 .text.SysTick_Handler
                0x0000446c       0x10 ./SDK/rtos/osif/osif_baremetal.o
                0x0000446c                SysTick_Handler
 .text.OSIF_SemaWait
                0x0000447c       0x84 ./SDK/rtos/osif/osif_baremetal.o
                0x0000447c                OSIF_SemaWait
 .text.OSIF_SemaPost
                0x00004500       0x26 ./SDK/rtos/osif/osif_baremetal.o
                0x00004500                OSIF_SemaPost
 .text.OSIF_SemaCreate
                0x00004526       0x14 ./SDK/rtos/osif/osif_baremetal.o
                0x00004526                OSIF_SemaCreate
 *fill*         0x0000453a        0x2 
 .text.GB_MA_SPI0_send_byte_conti
                0x0000453c       0x24 ./board/peripherals_lpspi_1.o
                0x0000453c                GB_MA_SPI0_send_byte_conti
 .text.GB_MA_SPI0_exchange_byte
                0x00004560       0x24 ./board/peripherals_lpspi_1.o
                0x00004560                GB_MA_SPI0_exchange_byte
 .text.LPTMR0_IRQHandler
                0x00004584       0x18 ./board/peripherals_lptmr_1.o
                0x00004584                LPTMR0_IRQHandler
 .text.GB_millis
                0x0000459c        0xc ./board/peripherals_lptmr_1.o
                0x0000459c                GB_millis
 .text.GB_printString0
                0x000045a8       0x26 ./board/peripherals_lpuart_1.o
                0x000045a8                GB_printString0
 *fill*         0x000045ce        0x2 
 .text.GB_decimel0
                0x000045d0       0x78 ./board/peripherals_lpuart_1.o
                0x000045d0                GB_decimel0
 .text.main     0x00004648       0xd4 ./src/main.o
                0x00004648                main
 *(.rodata)
 *(.rodata*)
 .rodata.GB_MFRC522Version.str1.4
                0x0000471c       0x6e ./EXT_Driv/src/GB_MFRC522.o
 *fill*         0x0000478a        0x2 
 .rodata.GB_MFRC522_CommunicateWithPICC.str1.4
                0x0000478c        0xd ./EXT_Driv/src/GB_MFRC522.o
 *fill*         0x00004799        0x3 
 .rodata.GB_PICCDetails.str1.4
                0x0000479c       0x20 ./EXT_Driv/src/GB_MFRC522.o
 .rodata.GB_PICC_IsNewCardPresent.str1.4
                0x000047bc       0x20 ./EXT_Driv/src/GB_MFRC522.o
                                  0x2 (size before relaxing)
 .rodata.clockNameMappings
                0x000047bc       0x9e ./SDK/platform/drivers/src/clock/S32K1xx/clock_S32K1xx.o
                0x000047bc                clockNameMappings
 *fill*         0x0000485a        0x2 
 .rodata.maxSysClksInHSRUN.7658
                0x0000485c       0x54 ./SDK/platform/drivers/src/clock/S32K1xx/clock_S32K1xx.o
 .rodata.maxSysClksInRUN.7657
                0x000048b0       0x54 ./SDK/platform/drivers/src/clock/S32K1xx/clock_S32K1xx.o
 .rodata.maxSysClksInVLPR.7656
                0x00004904       0x54 ./SDK/platform/drivers/src/clock/S32K1xx/clock_S32K1xx.o
 .rodata.peripheralFeaturesList
                0x00004958       0x4f ./SDK/platform/drivers/src/clock/S32K1xx/clock_S32K1xx.o
                0x00004958                peripheralFeaturesList
 *fill*         0x000049a7        0x1 
 .rodata.s_baudratePrescaler
                0x000049a8       0x20 ./SDK/platform/drivers/src/lpspi/lpspi_hw_access.o
 .rodata.s_lpuartBase
                0x000049c8        0xc ./SDK/platform/drivers/src/lpuart/lpuart_driver.o
 .rodata.s_lpuartClkNames
                0x000049d4        0x3 ./SDK/platform/drivers/src/lpuart/lpuart_driver.o
 *fill*         0x000049d7        0x1 
 .rodata.s_lpuartRxTxIrqId
                0x000049d8        0x3 ./SDK/platform/drivers/src/lpuart/lpuart_driver.o
 *fill*         0x000049db        0x1 
 .rodata.lpspi_0_MasterConfig0
                0x000049dc       0x20 ./board/peripherals_lpspi_1.o
                0x000049dc                lpspi_0_MasterConfig0
 .rodata.lptmr_1_config0
                0x000049fc       0x10 ./board/peripherals_lptmr_1.o
                0x000049fc                lptmr_1_config0
 .rodata.lpuart_0_InitConfig0
                0x00004a0c        0xc ./board/peripherals_lpuart_1.o
                0x00004a0c                lpuart_0_InitConfig0
 .rodata.main.str1.4
                0x00004a18        0x8 ./src/main.o
                                  0x7 (size before relaxing)
 *(.init)
 .init          0x00004a20        0x4 c:/nxp/s32ds.3.4/s32ds/build_tools/gcc_v6.3/gcc-6.3-arm32-eabi/bin/../lib/gcc/arm-none-eabi/6.3.1/thumb/v7e-m/fpv4-sp/hard/crti.o
                0x00004a20                _init
 *(.fini)
 .fini          0x00004a24        0x4 c:/nxp/s32ds.3.4/s32ds/build_tools/gcc_v6.3/gcc-6.3-arm32-eabi/bin/../lib/gcc/arm-none-eabi/6.3.1/thumb/v7e-m/fpv4-sp/hard/crti.o
                0x00004a24                _fini
 *(.eh_frame)
                0x00004a28                . = ALIGN (0x4)

.glue_7         0x00004a28        0x0
 .glue_7        0x00004a28        0x0 linker stubs

.glue_7t        0x00004a28        0x0
 .glue_7t       0x00004a28        0x0 linker stubs

.vfp11_veneer   0x00004a28        0x0
 .vfp11_veneer  0x00004a28        0x0 linker stubs

.v4_bx          0x00004a28        0x0
 .v4_bx         0x00004a28        0x0 linker stubs

.iplt           0x00004a28        0x0
 .iplt          0x00004a28        0x0 c:/nxp/s32ds.3.4/s32ds/build_tools/gcc_v6.3/gcc-6.3-arm32-eabi/bin/../lib/gcc/arm-none-eabi/6.3.1/thumb/v7e-m/fpv4-sp/hard/crtbegin.o

.ARM            0x00004a28        0x8
                0x00004a28                __exidx_start = .
 *(.ARM.exidx*)
 .ARM.exidx     0x00004a28        0x8 c:/nxp/s32ds.3.4/s32ds/build_tools/gcc_v6.3/gcc-6.3-arm32-eabi/bin/../lib/gcc/arm-none-eabi/6.3.1/thumb/v7e-m/fpv4-sp/hard\libgcc.a(_udivmoddi4.o)
                0x00004a30                __exidx_end = .
                0x00004a30                __etext = .
                0x00004a30                __DATA_ROM = .

.rel.dyn        0x00004a30        0x0
 .rel.iplt      0x00004a30        0x0 c:/nxp/s32ds.3.4/s32ds/build_tools/gcc_v6.3/gcc-6.3-arm32-eabi/bin/../lib/gcc/arm-none-eabi/6.3.1/thumb/v7e-m/fpv4-sp/hard/crtbegin.o

.interrupts_ram
                0x1fff8000      0x400
                0x1fff8000                . = ALIGN (0x4)
                0x1fff8000                __VECTOR_RAM__ = .
                0x1fff8000                __RAM_START = .
                0x1fff8000                __interrupts_ram_start__ = .
 *(.m_interrupts_ram)
                0x1fff8400                . = (. + M_VECTOR_RAM_SIZE)
 *fill*         0x1fff8000      0x400 
                0x1fff8400                . = ALIGN (0x4)
                0x1fff8400                __interrupts_ram_end__ = .
                0x1fff8000                __VECTOR_RAM = DEFINED (__flash_vector_table__)?ORIGIN (m_interrupts):__VECTOR_RAM__
                0x00000400                __RAM_VECTOR_TABLE_SIZE = DEFINED (__flash_vector_table__)?0x0:(__interrupts_ram_end__ - __interrupts_ram_start__)

.data           0x1fff8400      0x278 load address 0x00004a30
                0x1fff8400                . = ALIGN (0x4)
                0x1fff8400                __DATA_RAM = .
                0x1fff8400                __data_start__ = .
 *(.data)
 *(.data*)
 .data.peripheralClockConfig.7385
                0x1fff8400       0xa0 ./SDK/platform/drivers/src/clock/S32K1xx/clock_S32K1xx.o
 .data.g_lpspiBase
                0x1fff84a0        0xc ./SDK/platform/drivers/src/lpspi/lpspi_shared_function.o
                0x1fff84a0                g_lpspiBase
 .data.g_lpspiIrqId
                0x1fff84ac        0x3 ./SDK/platform/drivers/src/lpspi/lpspi_shared_function.o
                0x1fff84ac                g_lpspiIrqId
 *fill*         0x1fff84af        0x1 
 .data.g_lpuartIsr
                0x1fff84b0        0xc ./SDK/platform/drivers/src/lpuart/lpuart_irq.o
                0x1fff84b0                g_lpuartIsr
 .data.first_init.6877
                0x1fff84bc        0x1 ./SDK/rtos/osif/osif_baremetal.o
 *fill*         0x1fff84bd        0x3 
 .data.clockMan1_InitConfig0
                0x1fff84c0       0x88 ./board/clock_config.o
                0x1fff84c0                clockMan1_InitConfig0
 .data.peripheralClockConfig0
                0x1fff8548       0xa0 ./board/clock_config.o
                0x1fff8548                peripheralClockConfig0
 .data.g_pin_mux_InitConfigArr0
                0x1fff85e8       0x90 ./board/pin_mux.o
                0x1fff85e8                g_pin_mux_InitConfigArr0
                0x1fff8678                . = ALIGN (0x4)
                0x1fff8678                __data_end__ = .
                0x00004ca8                __DATA_END = (__DATA_ROM + (__data_end__ - __data_start__))
                0x00004ca8                __CODE_ROM = __DATA_END

.igot.plt       0x1fff8678        0x0 load address 0x00004ca8
 .igot.plt      0x1fff8678        0x0 c:/nxp/s32ds.3.4/s32ds/build_tools/gcc_v6.3/gcc-6.3-arm32-eabi/bin/../lib/gcc/arm-none-eabi/6.3.1/thumb/v7e-m/fpv4-sp/hard/crtbegin.o

.code           0x1fff8678        0x0 load address 0x00004ca8
                0x1fff8678                . = ALIGN (0x4)
                0x1fff8678                __CODE_RAM = .
                0x1fff8678                __code_start__ = .
                0x1fff8678                __code_ram_start__ = .
 *(.code_ram)
                0x1fff8678                . = ALIGN (0x4)
                0x1fff8678                __code_end__ = .
                0x1fff8678                __code_ram_end__ = .
                0x00004ca8                __CODE_END = (__CODE_ROM + (__code_end__ - __code_start__))
                0x00004ca8                __CUSTOM_ROM = __CODE_END

.customSectionBlock
                0x20000000        0x0 load address 0x00004ca8
                0x20000000                __customSection_start__ = .
 *(.customSection)
                0x20000000                __customSection_end__ = .
                0x00004ca8                __CUSTOM_END = (__CUSTOM_ROM + (__customSection_end__ - __customSection_start__))
                0x00004ca8                __rom_end = __CUSTOM_END

.bss            0x20000000      0x128
                0x20000000                . = ALIGN (0x4)
                0x20000000                __BSS_START = .
                0x20000000                __bss_start__ = .
 *(.bss)
 *(.bss*)
 .bss.UID_t     0x20000000        0xc ./EXT_Driv/src/GB_MFRC522.o
                0x20000000                UID_t
 .bss.g_RtcClkInFreq
                0x2000000c        0x4 ./SDK/platform/drivers/src/clock/S32K1xx/clock_S32K1xx.o
                0x2000000c                g_RtcClkInFreq
 .bss.g_TClkFreq
                0x20000010        0xc ./SDK/platform/drivers/src/clock/S32K1xx/clock_S32K1xx.o
                0x20000010                g_TClkFreq
 .bss.g_xtal0ClkFreq
                0x2000001c        0x4 ./SDK/platform/drivers/src/clock/S32K1xx/clock_S32K1xx.o
                0x2000001c                g_xtal0ClkFreq
 .bss.s_virtEdmaState
                0x20000020        0x4 ./SDK/platform/drivers/src/edma/edma_driver.o
 .bss.g_interruptDisableCount
                0x20000024        0x4 ./SDK/platform/drivers/src/interrupt/interrupt_manager.o
 .bss.g_lpspiStatePtr
                0x20000028        0xc ./SDK/platform/drivers/src/lpspi/lpspi_shared_function.o
                0x20000028                g_lpspiStatePtr
 .bss.s_lpuartStatePtr
                0x20000034        0xc ./SDK/platform/drivers/src/lpuart/lpuart_driver.o
 .bss.s_osif_tick_cnt
                0x20000040        0x4 ./SDK/rtos/osif/osif_baremetal.o
 .bss.lpspi_1State
                0x20000044       0x34 ./board/peripherals_lpspi_1.o
                0x20000044                lpspi_1State
 .bss.rx_value.7334
                0x20000078        0x1 ./board/peripherals_lpspi_1.o
 .bss.rx_value.7338
                0x20000079        0x1 ./board/peripherals_lpspi_1.o
 *fill*         0x2000007a        0x2 
 .bss.counter_v
                0x2000007c        0x4 ./board/peripherals_lptmr_1.o
                0x2000007c                counter_v
 .bss.lpUartState0
                0x20000080       0x34 ./board/peripherals_lpuart_1.o
                0x20000080                lpUartState0
 .bss.exit_code
                0x200000b4        0x4 ./src/main.o
                0x200000b4                exit_code
 .bss.rx_buff   0x200000b8       0x64 ./src/main.o
                0x200000b8                rx_buff
 .bss.tx_buff   0x2000011c        0xa ./src/main.o
                0x2000011c                tx_buff
 *(COMMON)
                0x20000128                . = ALIGN (0x4)
 *fill*         0x20000126        0x2 
                0x20000128                __bss_end__ = .
                0x20000128                __BSS_END = .

.heap           0x20000128      0x400
                0x20000128                . = ALIGN (0x8)
                0x20000128                __end__ = .
                0x20000128                __heap_start__ = .
                [!provide]                PROVIDE (end, .)
                [!provide]                PROVIDE (_end, .)
                [!provide]                PROVIDE (__end, .)
                0x20000128                __HeapBase = .
                0x20000528                . = (. + HEAP_SIZE)
 *fill*         0x20000128      0x400 
                0x20000528                __HeapLimit = .
                0x20000528                __heap_limit = .
                0x20000528                __heap_end__ = .
                0x20007000                __StackTop = (ORIGIN (m_data_2) + LENGTH (m_data_2))
                0x20006c00                __StackLimit = (__StackTop - STACK_SIZE)
                0x20007000                PROVIDE (__stack, __StackTop)
                0x20007000                __RAM_END = __StackTop

.stack          0x20006c00      0x400
                0x20006c00                . = ALIGN (0x8)
                0x20006c00                __stack_start__ = .
                0x20007000                . = (. + STACK_SIZE)
 *fill*         0x20006c00      0x400 
                0x20007000                __stack_end__ = .

.ARM.attributes
                0x00000000       0x30
 *(.ARM.attributes)
 .ARM.attributes
                0x00000000       0x22 c:/nxp/s32ds.3.4/s32ds/build_tools/gcc_v6.3/gcc-6.3-arm32-eabi/bin/../lib/gcc/arm-none-eabi/6.3.1/thumb/v7e-m/fpv4-sp/hard/crti.o
 .ARM.attributes
                0x00000022       0x39 ./EXT_Driv/src/GB_MFRC522.o
 .ARM.attributes
                0x0000005b       0x1f ./Project_Settings/Startup_Code/startup_S32K144.o
 .ARM.attributes
                0x0000007a       0x39 ./SDK/platform/devices/S32K144/startup/system_S32K144.o
 .ARM.attributes
                0x000000b3       0x39 ./SDK/platform/devices/startup.o
 .ARM.attributes
                0x000000ec       0x39 ./SDK/platform/drivers/src/clock/S32K1xx/clock_S32K1xx.o
 .ARM.attributes
                0x00000125       0x39 ./SDK/platform/drivers/src/edma/edma_driver.o
 .ARM.attributes
                0x0000015e       0x39 ./SDK/platform/drivers/src/edma/edma_hw_access.o
 .ARM.attributes
                0x00000197       0x39 ./SDK/platform/drivers/src/edma/edma_irq.o
 .ARM.attributes
                0x000001d0       0x39 ./SDK/platform/drivers/src/interrupt/interrupt_manager.o
 .ARM.attributes
                0x00000209       0x39 ./SDK/platform/drivers/src/lpspi/lpspi_hw_access.o
 .ARM.attributes
                0x00000242       0x39 ./SDK/platform/drivers/src/lpspi/lpspi_irq.o
 .ARM.attributes
                0x0000027b       0x39 ./SDK/platform/drivers/src/lpspi/lpspi_master_driver.o
 .ARM.attributes
                0x000002b4       0x39 ./SDK/platform/drivers/src/lpspi/lpspi_shared_function.o
 .ARM.attributes
                0x000002ed       0x39 ./SDK/platform/drivers/src/lpspi/lpspi_slave_driver.o
 .ARM.attributes
                0x00000326       0x39 ./SDK/platform/drivers/src/lptmr/lptmr_driver.o
 .ARM.attributes
                0x0000035f       0x39 ./SDK/platform/drivers/src/lptmr/lptmr_hw_access.o
 .ARM.attributes
                0x00000398       0x39 ./SDK/platform/drivers/src/lpuart/lpuart_driver.o
 .ARM.attributes
                0x000003d1       0x39 ./SDK/platform/drivers/src/lpuart/lpuart_hw_access.o
 .ARM.attributes
                0x0000040a       0x39 ./SDK/platform/drivers/src/lpuart/lpuart_irq.o
 .ARM.attributes
                0x00000443       0x39 ./SDK/platform/drivers/src/pins/pins_driver.o
 .ARM.attributes
                0x0000047c       0x39 ./SDK/platform/drivers/src/pins/pins_port_hw_access.o
 .ARM.attributes
                0x000004b5       0x39 ./SDK/rtos/osif/osif_baremetal.o
 .ARM.attributes
                0x000004ee       0x39 ./board/clock_config.o
 .ARM.attributes
                0x00000527       0x39 ./board/peripherals_lpspi_1.o
 .ARM.attributes
                0x00000560       0x39 ./board/peripherals_lptmr_1.o
 .ARM.attributes
                0x00000599       0x39 ./board/peripherals_lpuart_1.o
 .ARM.attributes
                0x000005d2       0x39 ./board/pin_mux.o
 .ARM.attributes
                0x0000060b       0x39 ./src/main.o
 .ARM.attributes
                0x00000644       0x22 c:/nxp/s32ds.3.4/s32ds/build_tools/gcc_v6.3/gcc-6.3-arm32-eabi/bin/../lib/gcc/arm-none-eabi/6.3.1/thumb/v7e-m/fpv4-sp/hard\libgcc.a(_aeabi_uldivmod.o)
 .ARM.attributes
                0x00000666       0x34 c:/nxp/s32ds.3.4/s32ds/build_tools/gcc_v6.3/gcc-6.3-arm32-eabi/bin/../lib/gcc/arm-none-eabi/6.3.1/thumb/v7e-m/fpv4-sp/hard\libgcc.a(_udivmoddi4.o)
 .ARM.attributes
                0x0000069a       0x22 c:/nxp/s32ds.3.4/s32ds/build_tools/gcc_v6.3/gcc-6.3-arm32-eabi/bin/../lib/gcc/arm-none-eabi/6.3.1/thumb/v7e-m/fpv4-sp/hard\libgcc.a(_dvmd_tls.o)
                0x00000001                ASSERT ((__rom_end <= (ORIGIN (m_text) + LENGTH (m_text))), Region m_text overflowed!)
                0x00000001                ASSERT ((__StackLimit >= __HeapLimit), region m_data_2 overflowed with stack and heap)
OUTPUT(S32K114_RFID_Module.elf elf32-littlearm)

.debug_info     0x00000000    0x23d70
 .debug_info    0x00000000     0x2d1a ./EXT_Driv/src/GB_MFRC522.o
 .debug_info    0x00002d1a       0x26 ./Project_Settings/Startup_Code/startup_S32K144.o
 .debug_info    0x00002d40      0x521 ./SDK/platform/devices/S32K144/startup/system_S32K144.o
 .debug_info    0x00003261      0x2ad ./SDK/platform/devices/startup.o
 .debug_info    0x0000350e     0x5db3 ./SDK/platform/drivers/src/clock/S32K1xx/clock_S32K1xx.o
 .debug_info    0x000092c1     0x3770 ./SDK/platform/drivers/src/edma/edma_driver.o
 .debug_info    0x0000ca31      0x95d ./SDK/platform/drivers/src/edma/edma_hw_access.o
 .debug_info    0x0000d38e      0x6da ./SDK/platform/drivers/src/edma/edma_irq.o
 .debug_info    0x0000da68      0x997 ./SDK/platform/drivers/src/interrupt/interrupt_manager.o
 .debug_info    0x0000e3ff     0x13a6 ./SDK/platform/drivers/src/lpspi/lpspi_hw_access.o
 .debug_info    0x0000f7a5      0x788 ./SDK/platform/drivers/src/lpspi/lpspi_irq.o
 .debug_info    0x0000ff2d     0x2a25 ./SDK/platform/drivers/src/lpspi/lpspi_master_driver.o
 .debug_info    0x00012952      0xb93 ./SDK/platform/drivers/src/lpspi/lpspi_shared_function.o
 .debug_info    0x000134e5     0x23f1 ./SDK/platform/drivers/src/lpspi/lpspi_slave_driver.o
 .debug_info    0x000158d6     0x2202 ./SDK/platform/drivers/src/lptmr/lptmr_driver.o
 .debug_info    0x00017ad8      0x11c ./SDK/platform/drivers/src/lptmr/lptmr_hw_access.o
 .debug_info    0x00017bf4     0x2ffd ./SDK/platform/drivers/src/lpuart/lpuart_driver.o
 .debug_info    0x0001abf1      0x96c ./SDK/platform/drivers/src/lpuart/lpuart_hw_access.o
 .debug_info    0x0001b55d      0x127 ./SDK/platform/drivers/src/lpuart/lpuart_irq.o
 .debug_info    0x0001b684     0x13d5 ./SDK/platform/drivers/src/pins/pins_driver.o
 .debug_info    0x0001ca59      0x8a8 ./SDK/platform/drivers/src/pins/pins_port_hw_access.o
 .debug_info    0x0001d301      0xac5 ./SDK/rtos/osif/osif_baremetal.o
 .debug_info    0x0001ddc6     0x12b5 ./board/clock_config.o
 .debug_info    0x0001f07b      0xb4a ./board/peripherals_lpspi_1.o
 .debug_info    0x0001fbc5      0x2e5 ./board/peripherals_lptmr_1.o
 .debug_info    0x0001feaa      0xf1d ./board/peripherals_lpuart_1.o
 .debug_info    0x00020dc7      0x405 ./board/pin_mux.o
 .debug_info    0x000211cc     0x2ba4 ./src/main.o

.debug_abbrev   0x00000000     0x3c6c
 .debug_abbrev  0x00000000      0x384 ./EXT_Driv/src/GB_MFRC522.o
 .debug_abbrev  0x00000384       0x14 ./Project_Settings/Startup_Code/startup_S32K144.o
 .debug_abbrev  0x00000398      0x140 ./SDK/platform/devices/S32K144/startup/system_S32K144.o
 .debug_abbrev  0x000004d8       0xe0 ./SDK/platform/devices/startup.o
 .debug_abbrev  0x000005b8      0x3e3 ./SDK/platform/drivers/src/clock/S32K1xx/clock_S32K1xx.o
 .debug_abbrev  0x0000099b      0x422 ./SDK/platform/drivers/src/edma/edma_driver.o
 .debug_abbrev  0x00000dbd      0x205 ./SDK/platform/drivers/src/edma/edma_hw_access.o
 .debug_abbrev  0x00000fc2      0x1b8 ./SDK/platform/drivers/src/edma/edma_irq.o
 .debug_abbrev  0x0000117a      0x1f4 ./SDK/platform/drivers/src/interrupt/interrupt_manager.o
 .debug_abbrev  0x0000136e      0x2a7 ./SDK/platform/drivers/src/lpspi/lpspi_hw_access.o
 .debug_abbrev  0x00001615      0x15d ./SDK/platform/drivers/src/lpspi/lpspi_irq.o
 .debug_abbrev  0x00001772      0x3c5 ./SDK/platform/drivers/src/lpspi/lpspi_master_driver.o
 .debug_abbrev  0x00001b37      0x277 ./SDK/platform/drivers/src/lpspi/lpspi_shared_function.o
 .debug_abbrev  0x00001dae      0x3ad ./SDK/platform/drivers/src/lpspi/lpspi_slave_driver.o
 .debug_abbrev  0x0000215b      0x358 ./SDK/platform/drivers/src/lptmr/lptmr_driver.o
 .debug_abbrev  0x000024b3       0xaf ./SDK/platform/drivers/src/lptmr/lptmr_hw_access.o
 .debug_abbrev  0x00002562      0x3a4 ./SDK/platform/drivers/src/lpuart/lpuart_driver.o
 .debug_abbrev  0x00002906      0x1d0 ./SDK/platform/drivers/src/lpuart/lpuart_hw_access.o
 .debug_abbrev  0x00002ad6       0xb9 ./SDK/platform/drivers/src/lpuart/lpuart_irq.o
 .debug_abbrev  0x00002b8f      0x2db ./SDK/platform/drivers/src/pins/pins_driver.o
 .debug_abbrev  0x00002e6a      0x1f5 ./SDK/platform/drivers/src/pins/pins_port_hw_access.o
 .debug_abbrev  0x0000305f      0x2c6 ./SDK/rtos/osif/osif_baremetal.o
 .debug_abbrev  0x00003325      0x122 ./board/clock_config.o
 .debug_abbrev  0x00003447      0x1a4 ./board/peripherals_lpspi_1.o
 .debug_abbrev  0x000035eb      0x104 ./board/peripherals_lptmr_1.o
 .debug_abbrev  0x000036ef      0x254 ./board/peripherals_lpuart_1.o
 .debug_abbrev  0x00003943       0xca ./board/pin_mux.o
 .debug_abbrev  0x00003a0d      0x25f ./src/main.o

.debug_loc      0x00000000    0x10679
 .debug_loc     0x00000000      0xe62 ./EXT_Driv/src/GB_MFRC522.o
 .debug_loc     0x00000e62      0x10a ./SDK/platform/devices/S32K144/startup/system_S32K144.o
 .debug_loc     0x00000f6c       0xec ./SDK/platform/devices/startup.o
 .debug_loc     0x00001058     0x5181 ./SDK/platform/drivers/src/clock/S32K1xx/clock_S32K1xx.o
 .debug_loc     0x000061d9     0x28d9 ./SDK/platform/drivers/src/edma/edma_driver.o
 .debug_loc     0x00008ab2      0x6fa ./SDK/platform/drivers/src/edma/edma_hw_access.o
 .debug_loc     0x000091ac       0x50 ./SDK/platform/drivers/src/edma/edma_irq.o
 .debug_loc     0x000091fc      0x252 ./SDK/platform/drivers/src/interrupt/interrupt_manager.o
 .debug_loc     0x0000944e      0x821 ./SDK/platform/drivers/src/lpspi/lpspi_hw_access.o
 .debug_loc     0x00009c6f      0xfd8 ./SDK/platform/drivers/src/lpspi/lpspi_master_driver.o
 .debug_loc     0x0000ac47      0x365 ./SDK/platform/drivers/src/lpspi/lpspi_shared_function.o
 .debug_loc     0x0000afac      0xb2c ./SDK/platform/drivers/src/lpspi/lpspi_slave_driver.o
 .debug_loc     0x0000bad8     0x12d7 ./SDK/platform/drivers/src/lptmr/lptmr_driver.o
 .debug_loc     0x0000cdaf       0x1f ./SDK/platform/drivers/src/lptmr/lptmr_hw_access.o
 .debug_loc     0x0000cdce     0x2030 ./SDK/platform/drivers/src/lpuart/lpuart_driver.o
 .debug_loc     0x0000edfe      0x738 ./SDK/platform/drivers/src/lpuart/lpuart_hw_access.o
 .debug_loc     0x0000f536      0x77f ./SDK/platform/drivers/src/pins/pins_driver.o
 .debug_loc     0x0000fcb5      0x56a ./SDK/platform/drivers/src/pins/pins_port_hw_access.o
 .debug_loc     0x0001021f      0x275 ./SDK/rtos/osif/osif_baremetal.o
 .debug_loc     0x00010494       0x3e ./board/peripherals_lpspi_1.o
 .debug_loc     0x000104d2      0x175 ./board/peripherals_lpuart_1.o
 .debug_loc     0x00010647       0x32 ./src/main.o

.debug_aranges  0x00000000      0xbc0
 .debug_aranges
                0x00000000       0xb0 ./EXT_Driv/src/GB_MFRC522.o
 .debug_aranges
                0x000000b0       0x20 ./Project_Settings/Startup_Code/startup_S32K144.o
 .debug_aranges
                0x000000d0       0x30 ./SDK/platform/devices/S32K144/startup/system_S32K144.o
 .debug_aranges
                0x00000100       0x20 ./SDK/platform/devices/startup.o
 .debug_aranges
                0x00000120      0x128 ./SDK/platform/drivers/src/clock/S32K1xx/clock_S32K1xx.o
 .debug_aranges
                0x00000248      0x138 ./SDK/platform/drivers/src/edma/edma_driver.o
 .debug_aranges
                0x00000380       0x88 ./SDK/platform/drivers/src/edma/edma_hw_access.o
 .debug_aranges
                0x00000408       0xa0 ./SDK/platform/drivers/src/edma/edma_irq.o
 .debug_aranges
                0x000004a8       0x70 ./SDK/platform/drivers/src/interrupt/interrupt_manager.o
 .debug_aranges
                0x00000518       0x70 ./SDK/platform/drivers/src/lpspi/lpspi_hw_access.o
 .debug_aranges
                0x00000588       0x30 ./SDK/platform/drivers/src/lpspi/lpspi_irq.o
 .debug_aranges
                0x000005b8       0x90 ./SDK/platform/drivers/src/lpspi/lpspi_master_driver.o
 .debug_aranges
                0x00000648       0x38 ./SDK/platform/drivers/src/lpspi/lpspi_shared_function.o
 .debug_aranges
                0x00000680       0x60 ./SDK/platform/drivers/src/lpspi/lpspi_slave_driver.o
 .debug_aranges
                0x000006e0       0xa8 ./SDK/platform/drivers/src/lptmr/lptmr_driver.o
 .debug_aranges
                0x00000788       0x20 ./SDK/platform/drivers/src/lptmr/lptmr_hw_access.o
 .debug_aranges
                0x000007a8      0x118 ./SDK/platform/drivers/src/lpuart/lpuart_driver.o
 .debug_aranges
                0x000008c0       0x78 ./SDK/platform/drivers/src/lpuart/lpuart_hw_access.o
 .debug_aranges
                0x00000938       0x30 ./SDK/platform/drivers/src/lpuart/lpuart_irq.o
 .debug_aranges
                0x00000968       0xe0 ./SDK/platform/drivers/src/pins/pins_driver.o
 .debug_aranges
                0x00000a48       0x40 ./SDK/platform/drivers/src/pins/pins_port_hw_access.o
 .debug_aranges
                0x00000a88       0x70 ./SDK/rtos/osif/osif_baremetal.o
 .debug_aranges
                0x00000af8       0x18 ./board/clock_config.o
 .debug_aranges
                0x00000b10       0x28 ./board/peripherals_lpspi_1.o
 .debug_aranges
                0x00000b38       0x28 ./board/peripherals_lptmr_1.o
 .debug_aranges
                0x00000b60       0x28 ./board/peripherals_lpuart_1.o
 .debug_aranges
                0x00000b88       0x18 ./board/pin_mux.o
 .debug_aranges
                0x00000ba0       0x20 ./src/main.o

.debug_ranges   0x00000000     0x1048
 .debug_ranges  0x00000000      0x160 ./EXT_Driv/src/GB_MFRC522.o
 .debug_ranges  0x00000160       0x20 ./SDK/platform/devices/S32K144/startup/system_S32K144.o
 .debug_ranges  0x00000180       0x10 ./SDK/platform/devices/startup.o
 .debug_ranges  0x00000190      0x488 ./SDK/platform/drivers/src/clock/S32K1xx/clock_S32K1xx.o
 .debug_ranges  0x00000618      0x158 ./SDK/platform/drivers/src/edma/edma_driver.o
 .debug_ranges  0x00000770       0x90 ./SDK/platform/drivers/src/edma/edma_hw_access.o
 .debug_ranges  0x00000800       0x90 ./SDK/platform/drivers/src/edma/edma_irq.o
 .debug_ranges  0x00000890       0x98 ./SDK/platform/drivers/src/interrupt/interrupt_manager.o
 .debug_ranges  0x00000928       0x78 ./SDK/platform/drivers/src/lpspi/lpspi_hw_access.o
 .debug_ranges  0x000009a0       0x20 ./SDK/platform/drivers/src/lpspi/lpspi_irq.o
 .debug_ranges  0x000009c0       0x80 ./SDK/platform/drivers/src/lpspi/lpspi_master_driver.o
 .debug_ranges  0x00000a40       0x28 ./SDK/platform/drivers/src/lpspi/lpspi_shared_function.o
 .debug_ranges  0x00000a68       0x50 ./SDK/platform/drivers/src/lpspi/lpspi_slave_driver.o
 .debug_ranges  0x00000ab8      0x1a8 ./SDK/platform/drivers/src/lptmr/lptmr_driver.o
 .debug_ranges  0x00000c60       0x10 ./SDK/platform/drivers/src/lptmr/lptmr_hw_access.o
 .debug_ranges  0x00000c70      0x150 ./SDK/platform/drivers/src/lpuart/lpuart_driver.o
 .debug_ranges  0x00000dc0       0x68 ./SDK/platform/drivers/src/lpuart/lpuart_hw_access.o
 .debug_ranges  0x00000e28       0x20 ./SDK/platform/drivers/src/lpuart/lpuart_irq.o
 .debug_ranges  0x00000e48       0xd0 ./SDK/platform/drivers/src/pins/pins_driver.o
 .debug_ranges  0x00000f18       0x30 ./SDK/platform/drivers/src/pins/pins_port_hw_access.o
 .debug_ranges  0x00000f48       0x90 ./SDK/rtos/osif/osif_baremetal.o
 .debug_ranges  0x00000fd8       0x18 ./board/peripherals_lpspi_1.o
 .debug_ranges  0x00000ff0       0x18 ./board/peripherals_lptmr_1.o
 .debug_ranges  0x00001008       0x30 ./board/peripherals_lpuart_1.o
 .debug_ranges  0x00001038       0x10 ./src/main.o

.debug_line     0x00000000     0x7858
 .debug_line    0x00000000      0x780 ./EXT_Driv/src/GB_MFRC522.o
 .debug_line    0x00000780       0x82 ./Project_Settings/Startup_Code/startup_S32K144.o
 .debug_line    0x00000802      0x26b ./SDK/platform/devices/S32K144/startup/system_S32K144.o
 .debug_line    0x00000a6d      0x16d ./SDK/platform/devices/startup.o
 .debug_line    0x00000bda     0x11a1 ./SDK/platform/drivers/src/clock/S32K1xx/clock_S32K1xx.o
 .debug_line    0x00001d7b      0x87f ./SDK/platform/drivers/src/edma/edma_driver.o
 .debug_line    0x000025fa      0x357 ./SDK/platform/drivers/src/edma/edma_hw_access.o
 .debug_line    0x00002951      0x2ef ./SDK/platform/drivers/src/edma/edma_irq.o
 .debug_line    0x00002c40      0x35a ./SDK/platform/drivers/src/interrupt/interrupt_manager.o
 .debug_line    0x00002f9a      0x431 ./SDK/platform/drivers/src/lpspi/lpspi_hw_access.o
 .debug_line    0x000033cb      0x2ca ./SDK/platform/drivers/src/lpspi/lpspi_irq.o
 .debug_line    0x00003695      0x709 ./SDK/platform/drivers/src/lpspi/lpspi_master_driver.o
 .debug_line    0x00003d9e      0x3a8 ./SDK/platform/drivers/src/lpspi/lpspi_shared_function.o
 .debug_line    0x00004146      0x604 ./SDK/platform/drivers/src/lpspi/lpspi_slave_driver.o
 .debug_line    0x0000474a      0x62a ./SDK/platform/drivers/src/lptmr/lptmr_driver.o
 .debug_line    0x00004d74      0x1b7 ./SDK/platform/drivers/src/lptmr/lptmr_hw_access.o
 .debug_line    0x00004f2b      0x948 ./SDK/platform/drivers/src/lpuart/lpuart_driver.o
 .debug_line    0x00005873      0x3d7 ./SDK/platform/drivers/src/lpuart/lpuart_hw_access.o
 .debug_line    0x00005c4a       0xc3 ./SDK/platform/drivers/src/lpuart/lpuart_irq.o
 .debug_line    0x00005d0d      0x4bf ./SDK/platform/drivers/src/pins/pins_driver.o
 .debug_line    0x000061cc      0x2da ./SDK/platform/drivers/src/pins/pins_port_hw_access.o
 .debug_line    0x000064a6      0x3c5 ./SDK/rtos/osif/osif_baremetal.o
 .debug_line    0x0000686b      0x247 ./board/clock_config.o
 .debug_line    0x00006ab2      0x2f4 ./board/peripherals_lpspi_1.o
 .debug_line    0x00006da6      0x181 ./board/peripherals_lptmr_1.o
 .debug_line    0x00006f27      0x2d3 ./board/peripherals_lpuart_1.o
 .debug_line    0x000071fa      0x1b9 ./board/pin_mux.o
 .debug_line    0x000073b3      0x4a5 ./src/main.o

.debug_str      0x00000000     0xa25e
 .debug_str     0x00000000     0x2c24 ./EXT_Driv/src/GB_MFRC522.o
                               0x2da0 (size before relaxing)
 .debug_str     0x00002c24       0x3f ./Project_Settings/Startup_Code/startup_S32K144.o
                                 0x8e (size before relaxing)
 .debug_str     0x00002c63      0x1cc ./SDK/platform/devices/S32K144/startup/system_S32K144.o
                                0x477 (size before relaxing)
 .debug_str     0x00002e2f      0x20c ./SDK/platform/devices/startup.o
                                0x466 (size before relaxing)
 .debug_str     0x0000303b     0x2a2a ./SDK/platform/drivers/src/clock/S32K1xx/clock_S32K1xx.o
                               0x3a52 (size before relaxing)
 .debug_str     0x00005a65     0x1885 ./SDK/platform/drivers/src/edma/edma_driver.o
                               0x2a64 (size before relaxing)
 .debug_str     0x000072ea       0x46 ./SDK/platform/drivers/src/edma/edma_hw_access.o
                                0x828 (size before relaxing)
 .debug_str     0x00007330      0x162 ./SDK/platform/drivers/src/edma/edma_irq.o
                                0x53d (size before relaxing)
 .debug_str     0x00007492      0x180 ./SDK/platform/drivers/src/interrupt/interrupt_manager.o
                                0xbbc (size before relaxing)
 .debug_str     0x00007612      0x4e7 ./SDK/platform/drivers/src/lpspi/lpspi_hw_access.o
                               0x1d45 (size before relaxing)
 .debug_str     0x00007af9       0x79 ./SDK/platform/drivers/src/lpspi/lpspi_irq.o
                                0xb44 (size before relaxing)
 .debug_str     0x00007b72      0x450 ./SDK/platform/drivers/src/lpspi/lpspi_master_driver.o
                               0x2276 (size before relaxing)
 .debug_str     0x00007fc2       0xe4 ./SDK/platform/drivers/src/lpspi/lpspi_shared_function.o
                                0xd88 (size before relaxing)
 .debug_str     0x000080a6      0x162 ./SDK/platform/drivers/src/lpspi/lpspi_slave_driver.o
                               0x20e2 (size before relaxing)
 .debug_str     0x00008208      0x61c ./SDK/platform/drivers/src/lptmr/lptmr_driver.o
                               0x1a05 (size before relaxing)
 .debug_str     0x00008824       0x34 ./SDK/platform/drivers/src/lptmr/lptmr_hw_access.o
                                0x29d (size before relaxing)
 .debug_str     0x00008858      0xaaf ./SDK/platform/drivers/src/lpuart/lpuart_driver.o
                               0x253e (size before relaxing)
 .debug_str     0x00009307       0xb9 ./SDK/platform/drivers/src/lpuart/lpuart_hw_access.o
                               0x10bb (size before relaxing)
 .debug_str     0x000093c0       0x69 ./SDK/platform/drivers/src/lpuart/lpuart_irq.o
                                0x2c5 (size before relaxing)
 .debug_str     0x00009429      0x967 ./SDK/platform/drivers/src/pins/pins_driver.o
                               0x1482 (size before relaxing)
 .debug_str     0x00009d90      0x19d ./SDK/platform/drivers/src/pins/pins_port_hw_access.o
                                0x96a (size before relaxing)
 .debug_str     0x00009f2d      0x197 ./SDK/rtos/osif/osif_baremetal.o
                               0x111e (size before relaxing)
 .debug_str     0x0000a0c4       0x71 ./board/clock_config.o
                               0x237e (size before relaxing)
 .debug_str     0x0000a135       0x28 ./board/peripherals_lpspi_1.o
                               0x10a0 (size before relaxing)
 .debug_str     0x0000a15d       0x3b ./board/peripherals_lptmr_1.o
                                0x748 (size before relaxing)
 .debug_str     0x0000a198       0x63 ./board/peripherals_lpuart_1.o
                               0x12ab (size before relaxing)
 .debug_str     0x0000a1fb       0x2c ./board/pin_mux.o
                                0x62e (size before relaxing)
 .debug_str     0x0000a227       0x37 ./src/main.o
                               0x390d (size before relaxing)

.comment        0x00000000       0xa0
 .comment       0x00000000       0xa0 ./EXT_Driv/src/GB_MFRC522.o
                                 0xa1 (size before relaxing)
 .comment       0x000000a0       0xa1 ./SDK/platform/devices/S32K144/startup/system_S32K144.o
 .comment       0x000000a0       0xa1 ./SDK/platform/devices/startup.o
 .comment       0x000000a0       0xa1 ./SDK/platform/drivers/src/clock/S32K1xx/clock_S32K1xx.o
 .comment       0x000000a0       0xa1 ./SDK/platform/drivers/src/edma/edma_driver.o
 .comment       0x000000a0       0xa1 ./SDK/platform/drivers/src/edma/edma_hw_access.o
 .comment       0x000000a0       0xa1 ./SDK/platform/drivers/src/edma/edma_irq.o
 .comment       0x000000a0       0xa1 ./SDK/platform/drivers/src/interrupt/interrupt_manager.o
 .comment       0x000000a0       0xa1 ./SDK/platform/drivers/src/lpspi/lpspi_hw_access.o
 .comment       0x000000a0       0xa1 ./SDK/platform/drivers/src/lpspi/lpspi_irq.o
 .comment       0x000000a0       0xa1 ./SDK/platform/drivers/src/lpspi/lpspi_master_driver.o
 .comment       0x000000a0       0xa1 ./SDK/platform/drivers/src/lpspi/lpspi_shared_function.o
 .comment       0x000000a0       0xa1 ./SDK/platform/drivers/src/lpspi/lpspi_slave_driver.o
 .comment       0x000000a0       0xa1 ./SDK/platform/drivers/src/lptmr/lptmr_driver.o
 .comment       0x000000a0       0xa1 ./SDK/platform/drivers/src/lptmr/lptmr_hw_access.o
 .comment       0x000000a0       0xa1 ./SDK/platform/drivers/src/lpuart/lpuart_driver.o
 .comment       0x000000a0       0xa1 ./SDK/platform/drivers/src/lpuart/lpuart_hw_access.o
 .comment       0x000000a0       0xa1 ./SDK/platform/drivers/src/lpuart/lpuart_irq.o
 .comment       0x000000a0       0xa1 ./SDK/platform/drivers/src/pins/pins_driver.o
 .comment       0x000000a0       0xa1 ./SDK/platform/drivers/src/pins/pins_port_hw_access.o
 .comment       0x000000a0       0xa1 ./SDK/rtos/osif/osif_baremetal.o
 .comment       0x000000a0       0xa1 ./board/clock_config.o
 .comment       0x000000a0       0xa1 ./board/peripherals_lpspi_1.o
 .comment       0x000000a0       0xa1 ./board/peripherals_lptmr_1.o
 .comment       0x000000a0       0xa1 ./board/peripherals_lpuart_1.o
 .comment       0x000000a0       0xa1 ./board/pin_mux.o
 .comment       0x000000a0       0xa1 ./src/main.o

.debug_frame    0x00000000     0x1dc0
 .debug_frame   0x00000000      0x244 ./EXT_Driv/src/GB_MFRC522.o
 .debug_frame   0x00000244       0x40 ./SDK/platform/devices/S32K144/startup/system_S32K144.o
 .debug_frame   0x00000284       0x2c ./SDK/platform/devices/startup.o
 .debug_frame   0x000002b0      0x398 ./SDK/platform/drivers/src/clock/S32K1xx/clock_S32K1xx.o
 .debug_frame   0x00000648      0x388 ./SDK/platform/drivers/src/edma/edma_driver.o
 .debug_frame   0x000009d0      0x144 ./SDK/platform/drivers/src/edma/edma_hw_access.o
 .debug_frame   0x00000b14      0x1ac ./SDK/platform/drivers/src/edma/edma_irq.o
 .debug_frame   0x00000cc0       0xd8 ./SDK/platform/drivers/src/interrupt/interrupt_manager.o
 .debug_frame   0x00000d98       0xf4 ./SDK/platform/drivers/src/lpspi/lpspi_hw_access.o
 .debug_frame   0x00000e8c       0x58 ./SDK/platform/drivers/src/lpspi/lpspi_irq.o
 .debug_frame   0x00000ee4      0x1bc ./SDK/platform/drivers/src/lpspi/lpspi_master_driver.o
 .debug_frame   0x000010a0       0x90 ./SDK/platform/drivers/src/lpspi/lpspi_shared_function.o
 .debug_frame   0x00001130      0x120 ./SDK/platform/drivers/src/lpspi/lpspi_slave_driver.o
 .debug_frame   0x00001250      0x198 ./SDK/platform/drivers/src/lptmr/lptmr_driver.o
 .debug_frame   0x000013e8       0x20 ./SDK/platform/drivers/src/lptmr/lptmr_hw_access.o
 .debug_frame   0x00001408      0x398 ./SDK/platform/drivers/src/lpuart/lpuart_driver.o
 .debug_frame   0x000017a0       0xf4 ./SDK/platform/drivers/src/lpuart/lpuart_hw_access.o
 .debug_frame   0x00001894       0x58 ./SDK/platform/drivers/src/lpuart/lpuart_irq.o
 .debug_frame   0x000018ec      0x1e4 ./SDK/platform/drivers/src/pins/pins_driver.o
 .debug_frame   0x00001ad0       0x98 ./SDK/platform/drivers/src/pins/pins_port_hw_access.o
 .debug_frame   0x00001b68       0xf8 ./SDK/rtos/osif/osif_baremetal.o
 .debug_frame   0x00001c60       0x4c ./board/peripherals_lpspi_1.o
 .debug_frame   0x00001cac       0x38 ./board/peripherals_lptmr_1.o
 .debug_frame   0x00001ce4       0x4c ./board/peripherals_lpuart_1.o
 .debug_frame   0x00001d30       0x30 ./src/main.o
 .debug_frame   0x00001d60       0x2c c:/nxp/s32ds.3.4/s32ds/build_tools/gcc_v6.3/gcc-6.3-arm32-eabi/bin/../lib/gcc/arm-none-eabi/6.3.1/thumb/v7e-m/fpv4-sp/hard\libgcc.a(_aeabi_uldivmod.o)
 .debug_frame   0x00001d8c       0x34 c:/nxp/s32ds.3.4/s32ds/build_tools/gcc_v6.3/gcc-6.3-arm32-eabi/bin/../lib/gcc/arm-none-eabi/6.3.1/thumb/v7e-m/fpv4-sp/hard\libgcc.a(_udivmoddi4.o)
