Archive member included to satisfy reference by file (symbol)

c:/nxp/s32ds.3.4/s32ds/build_tools/gcc_v6.3/gcc-6.3-arm32-eabi/bin/../lib/gcc/arm-none-eabi/6.3.1/thumb/v7e-m/fpv4-sp/hard\libgcc.a(_arm_addsubdf3.o)
                              ./Drivers/src/GB_SSD1306.o (__aeabi_f2d)
C:/NXP/S32DS.3.4/S32DS/build_tools/gcc_v6.3/gcc-6.3-arm32-eabi/arm-none-eabi/newlib/lib/thumb/v7e-m/fpv4-sp/hard\libc_nano.a(lib_a-exit.o)
                              C:/NXP/S32DS.3.4/S32DS/build_tools/gcc_v6.3/gcc-6.3-arm32-eabi/arm-none-eabi/newlib/lib/thumb/v7e-m/fpv4-sp/hard/crt0.o (exit)
C:/NXP/S32DS.3.4/S32DS/build_tools/gcc_v6.3/gcc-6.3-arm32-eabi/arm-none-eabi/newlib/lib/thumb/v7e-m/fpv4-sp/hard\libc_nano.a(lib_a-impure.o)
                              C:/NXP/S32DS.3.4/S32DS/build_tools/gcc_v6.3/gcc-6.3-arm32-eabi/arm-none-eabi/newlib/lib/thumb/v7e-m/fpv4-sp/hard\libc_nano.a(lib_a-exit.o) (_global_impure_ptr)
C:/NXP/S32DS.3.4/S32DS/build_tools/gcc_v6.3/gcc-6.3-arm32-eabi/arm-none-eabi/newlib/lib/thumb/v7e-m/fpv4-sp/hard\libc_nano.a(lib_a-init.o)
                              C:/NXP/S32DS.3.4/S32DS/build_tools/gcc_v6.3/gcc-6.3-arm32-eabi/arm-none-eabi/newlib/lib/thumb/v7e-m/fpv4-sp/hard/crt0.o (__libc_init_array)
C:/NXP/S32DS.3.4/S32DS/build_tools/gcc_v6.3/gcc-6.3-arm32-eabi/arm-none-eabi/newlib/lib/thumb/v7e-m/fpv4-sp/hard\libc_nano.a(lib_a-memcpy-stub.o)
                              ./Drivers/src/GB_SSD1306.o (memcpy)
C:/NXP/S32DS.3.4/S32DS/build_tools/gcc_v6.3/gcc-6.3-arm32-eabi/arm-none-eabi/newlib/lib/thumb/v7e-m/fpv4-sp/hard\libc_nano.a(lib_a-memset.o)
                              C:/NXP/S32DS.3.4/S32DS/build_tools/gcc_v6.3/gcc-6.3-arm32-eabi/arm-none-eabi/newlib/lib/thumb/v7e-m/fpv4-sp/hard/crt0.o (memset)
C:/NXP/S32DS.3.4/S32DS/build_tools/gcc_v6.3/gcc-6.3-arm32-eabi/arm-none-eabi/newlib/lib/thumb/v7e-m/fpv4-sp/hard\libc_nano.a(lib_a-sprintf.o)
                              ./Drivers/src/GB_SSD1306.o (sprintf)
C:/NXP/S32DS.3.4/S32DS/build_tools/gcc_v6.3/gcc-6.3-arm32-eabi/arm-none-eabi/newlib/lib/thumb/v7e-m/fpv4-sp/hard\libc_nano.a(lib_a-nano-svfprintf.o)
                              C:/NXP/S32DS.3.4/S32DS/build_tools/gcc_v6.3/gcc-6.3-arm32-eabi/arm-none-eabi/newlib/lib/thumb/v7e-m/fpv4-sp/hard\libc_nano.a(lib_a-sprintf.o) (_svfprintf_r)
C:/NXP/S32DS.3.4/S32DS/build_tools/gcc_v6.3/gcc-6.3-arm32-eabi/arm-none-eabi/newlib/lib/thumb/v7e-m/fpv4-sp/hard\libc_nano.a(lib_a-nano-vfprintf_i.o)
                              C:/NXP/S32DS.3.4/S32DS/build_tools/gcc_v6.3/gcc-6.3-arm32-eabi/arm-none-eabi/newlib/lib/thumb/v7e-m/fpv4-sp/hard\libc_nano.a(lib_a-nano-svfprintf.o) (_printf_i)
C:/NXP/S32DS.3.4/S32DS/build_tools/gcc_v6.3/gcc-6.3-arm32-eabi/arm-none-eabi/newlib/lib/thumb/v7e-m/fpv4-sp/hard\libc_nano.a(lib_a-memchr.o)
                              C:/NXP/S32DS.3.4/S32DS/build_tools/gcc_v6.3/gcc-6.3-arm32-eabi/arm-none-eabi/newlib/lib/thumb/v7e-m/fpv4-sp/hard\libc_nano.a(lib_a-nano-svfprintf.o) (memchr)
C:/NXP/S32DS.3.4/S32DS/build_tools/gcc_v6.3/gcc-6.3-arm32-eabi/arm-none-eabi/newlib/lib/thumb/v7e-m/fpv4-sp/hard\libc_nano.a(lib_a-memmove.o)
                              C:/NXP/S32DS.3.4/S32DS/build_tools/gcc_v6.3/gcc-6.3-arm32-eabi/arm-none-eabi/newlib/lib/thumb/v7e-m/fpv4-sp/hard\libc_nano.a(lib_a-nano-svfprintf.o) (memmove)
C:/NXP/S32DS.3.4/S32DS/build_tools/gcc_v6.3/gcc-6.3-arm32-eabi/arm-none-eabi/newlib/lib/thumb/v7e-m/fpv4-sp/hard\libc_nano.a(lib_a-nano-freer.o)
                              C:/NXP/S32DS.3.4/S32DS/build_tools/gcc_v6.3/gcc-6.3-arm32-eabi/arm-none-eabi/newlib/lib/thumb/v7e-m/fpv4-sp/hard\libc_nano.a(lib_a-nano-svfprintf.o) (_free_r)
C:/NXP/S32DS.3.4/S32DS/build_tools/gcc_v6.3/gcc-6.3-arm32-eabi/arm-none-eabi/newlib/lib/thumb/v7e-m/fpv4-sp/hard\libc_nano.a(lib_a-nano-mallocr.o)
                              C:/NXP/S32DS.3.4/S32DS/build_tools/gcc_v6.3/gcc-6.3-arm32-eabi/arm-none-eabi/newlib/lib/thumb/v7e-m/fpv4-sp/hard\libc_nano.a(lib_a-nano-svfprintf.o) (_malloc_r)
C:/NXP/S32DS.3.4/S32DS/build_tools/gcc_v6.3/gcc-6.3-arm32-eabi/arm-none-eabi/newlib/lib/thumb/v7e-m/fpv4-sp/hard\libc_nano.a(lib_a-nano-reallocr.o)
                              C:/NXP/S32DS.3.4/S32DS/build_tools/gcc_v6.3/gcc-6.3-arm32-eabi/arm-none-eabi/newlib/lib/thumb/v7e-m/fpv4-sp/hard\libc_nano.a(lib_a-nano-svfprintf.o) (_realloc_r)
C:/NXP/S32DS.3.4/S32DS/build_tools/gcc_v6.3/gcc-6.3-arm32-eabi/arm-none-eabi/newlib/lib/thumb/v7e-m/fpv4-sp/hard\libc_nano.a(lib_a-sbrkr.o)
                              C:/NXP/S32DS.3.4/S32DS/build_tools/gcc_v6.3/gcc-6.3-arm32-eabi/arm-none-eabi/newlib/lib/thumb/v7e-m/fpv4-sp/hard\libc_nano.a(lib_a-nano-mallocr.o) (_sbrk_r)
C:/NXP/S32DS.3.4/S32DS/build_tools/gcc_v6.3/gcc-6.3-arm32-eabi/arm-none-eabi/newlib/lib/thumb/v7e-m/fpv4-sp/hard\libc_nano.a(lib_a-mlock.o)
                              C:/NXP/S32DS.3.4/S32DS/build_tools/gcc_v6.3/gcc-6.3-arm32-eabi/arm-none-eabi/newlib/lib/thumb/v7e-m/fpv4-sp/hard\libc_nano.a(lib_a-nano-freer.o) (__malloc_lock)
[...]
Memory Configuration

Name             Origin             Length             Attributes
m_interrupts     0x00000000         0x00000400         xr
m_flash_config   0x00000400         0x00000010         xr
m_text           0x00000410         0x0007fbf0         xr
m_data           0x1fff8000         0x00008000         rw
m_data_2         0x20000000         0x00007000         rw
*default*        0x00000000         0xffffffff

Linker script and memory map

LOAD c:/nxp/s32ds.3.4/s32ds/build_tools/gcc_v6.3/gcc-6.3-arm32-eabi/bin/../lib/gcc/arm-none-eabi/6.3.1/thumb/v7e-m/fpv4-sp/hard/crti.o
LOAD c:/nxp/s32ds.3.4/s32ds/build_tools/gcc_v6.3/gcc-6.3-arm32-eabi/bin/../lib/gcc/arm-none-eabi/6.3.1/thumb/v7e-m/fpv4-sp/hard/crtbegin.o
LOAD C:/NXP/S32DS.3.4/S32DS/build_tools/gcc_v6.3/gcc-6.3-arm32-eabi/arm-none-eabi/newlib/lib/thumb/v7e-m/fpv4-sp/hard/crt0.o
LOAD ./Drivers/src/GB_SSD1306.o
LOAD ./Project_Settings/Startup_Code/startup_S32K144.o
LOAD ./SDK/platform/devices/S32K144/startup/system_S32K144.o
LOAD ./SDK/platform/devices/startup.o
LOAD ./SDK/platform/drivers/src/clock/S32K1xx/clock_S32K1xx.o
LOAD ./SDK/platform/drivers/src/edma/edma_driver.o
LOAD ./SDK/platform/drivers/src/edma/edma_hw_access.o
LOAD ./SDK/platform/drivers/src/edma/edma_irq.o
LOAD ./SDK/platform/drivers/src/interrupt/interrupt_manager.o
LOAD ./SDK/platform/drivers/src/lpi2c/lpi2c_driver.o
LOAD ./SDK/platform/drivers/src/lpi2c/lpi2c_hw_access.o
LOAD ./SDK/platform/drivers/src/lpi2c/lpi2c_irq.o
LOAD ./SDK/platform/drivers/src/pins/pins_driver.o
LOAD ./SDK/platform/drivers/src/pins/pins_port_hw_access.o
LOAD ./SDK/rtos/osif/osif_baremetal.o
LOAD ./board/clock_config.o
LOAD ./board/peripherals_edma_config_1.o
LOAD ./board/peripherals_lpi2c_config_1.o
LOAD ./board/peripherals_osif_1.o
LOAD ./board/pin_mux.o
LOAD ./src/main.o
START GROUP
LOAD c:/nxp/s32ds.3.4/s32ds/build_tools/gcc_v6.3/gcc-6.3-arm32-eabi/bin/../lib/gcc/arm-none-eabi/6.3.1/thumb/v7e-m/fpv4-sp/hard\libgcc.a
LOAD C:/NXP/S32DS.3.4/S32DS/build_tools/gcc_v6.3/gcc-6.3-arm32-eabi/arm-none-eabi/newlib/lib/thumb/v7e-m/fpv4-sp/hard\libc_nano.a
END GROUP
START GROUP
LOAD c:/nxp/s32ds.3.4/s32ds/build_tools/gcc_v6.3/gcc-6.3-arm32-eabi/bin/../lib/gcc/arm-none-eabi/6.3.1/thumb/v7e-m/fpv4-sp/hard\libgcc.a
LOAD C:/NXP/S32DS.3.4/S32DS/build_tools/gcc_v6.3/gcc-6.3-arm32-eabi/arm-none-eabi/newlib/lib/thumb/v7e-m/fpv4-sp/hard\libc_nano.a
LOAD C:/NXP/S32DS.3.4/S32DS/build_tools/gcc_v6.3/gcc-6.3-arm32-eabi/arm-none-eabi/newlib/lib/thumb/v7e-m/fpv4-sp/hard\libnosys.a
END GROUP
START GROUP
LOAD c:/nxp/s32ds.3.4/s32ds/build_tools/gcc_v6.3/gcc-6.3-arm32-eabi/bin/../lib/gcc/arm-none-eabi/6.3.1/thumb/v7e-m/fpv4-sp/hard\libgcc.a
LOAD C:/NXP/S32DS.3.4/S32DS/build_tools/gcc_v6.3/gcc-6.3-arm32-eabi/arm-none-eabi/newlib/lib/thumb/v7e-m/fpv4-sp/hard\libc_nano.a
LOAD C:/NXP/S32DS.3.4/S32DS/build_tools/gcc_v6.3/gcc-6.3-arm32-eabi/arm-none-eabi/newlib/lib/thumb/v7e-m/fpv4-sp/hard\libnosys.a
END GROUP
LOAD c:/nxp/s32ds.3.4/s32ds/build_tools/gcc_v6.3/gcc-6.3-arm32-eabi/bin/../lib/gcc/arm-none-eabi/6.3.1/thumb/v7e-m/fpv4-sp/hard/crtend.o
LOAD c:/nxp/s32ds.3.4/s32ds/build_tools/gcc_v6.3/gcc-6.3-arm32-eabi/bin/../lib/gcc/arm-none-eabi/6.3.1/thumb/v7e-m/fpv4-sp/hard/crtn.o
                0x00000400                HEAP_SIZE = DEFINED (__heap_size__)?__heap_size__:0x400
                0x00000400                STACK_SIZE = DEFINED (__stack_size__)?__stack_size__:0x400
                0x00000400                M_VECTOR_RAM_SIZE = DEFINED (__flash_vector_table__)?0x0:0x400

.interrupts     0x00000000      0x400
                0x00000000                __VECTOR_TABLE = .
                0x00000000                __interrupts_start__ = .
                0x00000000                . = ALIGN (0x4)
 *(.isr_vector)
 .isr_vector    0x00000000      0x400 ./Project_Settings/Startup_Code/startup_S32K144.o
                0x00000000                __isr_vector
                0x00000400                __interrupts_end__ = .
                0x00000400                . = ALIGN (0x4)

.flash_config   0x00000400       0x10
                0x00000400                . = ALIGN (0x4)
 *(.FlashConfig)
 .FlashConfig   0x00000400       0x10 ./Project_Settings/Startup_Code/startup_S32K144.o
                0x00000410                . = ALIGN (0x4)

.text           0x00000410     0x6060
                0x00000410                . = ALIGN (0x4)
 *(.text)
 .text          0x00000410       0x4c ./Project_Settings/Startup_Code/startup_S32K144.o
                0x00000410                Reset_Handler
                0x00000458                DebugMon_Handler
                0x00000458                Reserved88_IRQHandler
                0x00000458                CAN0_ORed_IRQHandler
                0x00000458                HardFault_Handler
                0x00000458                Reserved86_IRQHandler
                0x00000458                Reserved103_IRQHandler
                0x00000458                FTM2_Ovf_Reload_IRQHandler
                0x00000458                Reserved50_IRQHandler
                0x00000458                FTFC_Fault_IRQHandler
                0x00000458                FTM0_Ch6_Ch7_IRQHandler
                0x00000458                Reserved114_IRQHandler
                0x00000458                PendSV_Handler
                0x00000458                NMI_Handler
                0x00000458                Reserved89_IRQHandler
                0x00000458                ERM_double_fault_IRQHandler
                0x00000458                Reserved59_IRQHandler
                0x00000458                LPIT0_Ch0_IRQHandler
                0x00000458                Reserved99_IRQHandler
                0x00000458                FTM3_Ch6_Ch7_IRQHandler
                0x00000458                CAN2_ORed_0_15_MB_IRQHandler
                0x00000458                LPIT0_Ch3_IRQHandler
                0x00000458                Reserved92_IRQHandler
                0x00000458                FTM0_Ch4_Ch5_IRQHandler
                0x00000458                CAN1_Error_IRQHandler
                0x00000458                FTM3_Ch0_Ch1_IRQHandler
                0x00000458                SWI_IRQHandler
                0x00000458                ADC0_IRQHandler
                0x00000458                FTM2_Ch4_Ch5_IRQHandler
                0x00000458                UsageFault_Handler
                0x00000458                FTM0_Ovf_Reload_IRQHandler
                0x00000458                DefaultISR
                0x00000458                Reserved58_IRQHandler
                0x00000458                CAN1_ORed_0_15_MB_IRQHandler
                0x00000458                FTM1_Ch2_Ch3_IRQHandler
                0x00000458                Reserved82_IRQHandler
                0x00000458                CAN0_ORed_16_31_MB_IRQHandler
                0x00000458                Reserved71_IRQHandler
                0x00000458                PORTD_IRQHandler
                0x00000458                Reserved69_IRQHandler
                0x00000458                PORTB_IRQHandler
                0x00000458                Reserved70_IRQHandler
                0x00000458                ADC1_IRQHandler
                0x00000458                FTM2_Ch2_Ch3_IRQHandler
                0x00000458                Reserved53_IRQHandler
                0x00000458                RTC_IRQHandler
                0x00000458                PDB0_IRQHandler
                0x00000458                Reserved54_IRQHandler
                0x00000458                FTM2_Ch6_Ch7_IRQHandler
                0x00000458                FTM3_Ch2_Ch3_IRQHandler
                0x00000458                FTM2_Ch0_Ch1_IRQHandler
                0x00000458                LPSPI1_IRQHandler
                0x00000458                LPUART1_RxTx_IRQHandler
                0x00000458                RTC_Seconds_IRQHandler
                0x00000458                CAN2_ORed_IRQHandler
                0x00000458                Reserved72_IRQHandler
                0x00000458                Reserved110_IRQHandler
                0x00000458                Reserved107_IRQHandler
                0x00000458                Read_Collision_IRQHandler
                0x00000458                CAN2_Error_IRQHandler
                0x00000458                FTFC_IRQHandler
                0x00000458                FTM1_Ch6_Ch7_IRQHandler
                0x00000458                Reserved105_IRQHandler
                0x00000458                LPIT0_Ch1_IRQHandler
                0x00000458                FTM1_Ch4_Ch5_IRQHandler
                0x00000458                FTM3_Ovf_Reload_IRQHandler
                0x00000458                LPUART2_RxTx_IRQHandler
                0x00000458                LPSPI0_IRQHandler
                0x00000458                WDOG_EWM_IRQHandler
                0x00000458                MemManage_Handler
                0x00000458                Reserved90_IRQHandler
                0x00000458                Reserved83_IRQHandler
                0x00000458                FTM0_Fault_IRQHandler
                0x00000458                Reserved48_IRQHandler
                0x00000458                SVC_Handler
                0x00000458                ERM_single_fault_IRQHandler
                0x00000458                FTM2_Fault_IRQHandler
                0x00000458                FTM0_Ch2_Ch3_IRQHandler
                0x00000458                FTM0_Ch0_Ch1_IRQHandler
                0x00000458                FTM3_Fault_IRQHandler
                0x00000458                RCM_IRQHandler
                0x00000458                Reserved100_IRQHandler
                0x00000458                Reserved91_IRQHandler
                0x00000458                CAN1_ORed_IRQHandler
                0x00000458                SCG_IRQHandler
                0x00000458                PDB1_IRQHandler
                0x00000458                Reserved81_IRQHandler
                0x00000458                Reserved46_IRQHandler
                0x00000458                Reserved45_IRQHandler
                0x00000458                CAN0_Error_IRQHandler
                0x00000458                Reserved112_IRQHandler
                0x00000458                FTM1_Fault_IRQHandler
                0x00000458                Reserved106_IRQHandler
                0x00000458                LVD_LVW_IRQHandler
                0x00000458                LPIT0_Ch2_IRQHandler
                0x00000458                PORTA_IRQHandler
                0x00000458                MCM_IRQHandler
                0x00000458                LPSPI2_IRQHandler
                0x00000458                FTM3_Ch4_Ch5_IRQHandler
                0x00000458                CAN0_ORed_0_15_MB_IRQHandler
                0x00000458                PORTE_IRQHandler
                0x00000458                LPUART0_RxTx_IRQHandler
                0x00000458                LPTMR0_IRQHandler
                0x00000458                BusFault_Handler
                0x00000458                Reserved87_IRQHandler
                0x00000458                FTM1_Ovf_Reload_IRQHandler
                0x00000458                Reserved93_IRQHandler
                0x00000458                CAN0_Wake_Up_IRQHandler
                0x00000458                CMP0_IRQHandler
                0x00000458                Reserved52_IRQHandler
                0x00000458                PORTC_IRQHandler
                0x00000458                FTM1_Ch0_Ch1_IRQHandler
                0x00000458                FLEXIO_IRQHandler
                0x00000458                Reserved113_IRQHandler
 *(.text*)
 .text.OLED_I2C_MASTER_SEND
                0x0000045c       0x2c ./Drivers/src/GB_SSD1306.o
                0x0000045c                OLED_I2C_MASTER_SEND
 .text.delay    0x00000488       0x20 ./Drivers/src/GB_SSD1306.o
 .text.ssd1306_init
                0x000004a8       0xb4 ./Drivers/src/GB_SSD1306.o
                0x000004a8                ssd1306_init
 .text.ssd1306_sendcommand
                0x0000055c       0x28 ./Drivers/src/GB_SSD1306.o
                0x0000055c                ssd1306_sendcommand
 .text.ssd1306_update_data
                0x00000584       0x80 ./Drivers/src/GB_SSD1306.o
                0x00000584                ssd1306_update_data
 .text.ssd1306_clear
                0x00000604       0x30 ./Drivers/src/GB_SSD1306.o
                0x00000604                ssd1306_clear
 .text.ssd1306_bitmap
                0x00000634       0x28 ./Drivers/src/GB_SSD1306.o
                0x00000634                ssd1306_bitmap
 .text.SystemInit
                0x0000065c       0x58 ./SDK/platform/devices/S32K144/startup/system_S32K144.o
                0x0000065c                SystemInit
 .text.init_data_bss
                0x000006b4      0x12c ./SDK/platform/devices/startup.o
                0x000006b4                init_data_bss
 .text.SIM_GetRtcClkSrc
                0x000007e0       0x1e ./SDK/platform/drivers/src/clock/S32K1xx/clock_S32K1xx.o
 .text.SIM_SetLpoClocks
                0x000007fe       0x72 ./SDK/platform/drivers/src/clock/S32K1xx/clock_S32K1xx.o
 .text.SIM_SetEimClockGate
                0x00000870       0x3e ./SDK/platform/drivers/src/clock/S32K1xx/clock_S32K1xx.o
 .text.SIM_GetEimClockGate
                0x000008ae       0x30 ./SDK/platform/drivers/src/clock/S32K1xx/clock_S32K1xx.o
 .text.SIM_SetErmClockGate
                0x000008de       0x3e ./SDK/platform/drivers/src/clock/S32K1xx/clock_S32K1xx.o
 .text.SIM_GetErmClockGate
                0x0000091c       0x30 ./SDK/platform/drivers/src/clock/S32K1xx/clock_S32K1xx.o
 .text.SIM_SetDmaClockGate
                0x0000094c       0x3e ./SDK/platform/drivers/src/clock/S32K1xx/clock_S32K1xx.o
 .text.SIM_GetDmaClockGate
                0x0000098a       0x30 ./SDK/platform/drivers/src/clock/S32K1xx/clock_S32K1xx.o
 .text.SIM_SetMpuClockGate
                0x000009ba       0x3e ./SDK/platform/drivers/src/clock/S32K1xx/clock_S32K1xx.o
 .text.SIM_GetMpuClockGate
                0x000009f8       0x30 ./SDK/platform/drivers/src/clock/S32K1xx/clock_S32K1xx.o
 .text.SIM_SetMscmClockGate
                0x00000a28       0x3e ./SDK/platform/drivers/src/clock/S32K1xx/clock_S32K1xx.o
 .text.SIM_GetMscmClockGate
                0x00000a66       0x2e ./SDK/platform/drivers/src/clock/S32K1xx/clock_S32K1xx.o
 .text.SIM_GetFtm0ExternalClkPinMode
                0x00000a94       0x1e ./SDK/platform/drivers/src/clock/S32K1xx/clock_S32K1xx.o
 .text.SIM_GetFtm1ExternalClkPinMode
                0x00000ab2       0x1e ./SDK/platform/drivers/src/clock/S32K1xx/clock_S32K1xx.o
 .text.SIM_GetFtm2ExternalClkPinMode
                0x00000ad0       0x1e ./SDK/platform/drivers/src/clock/S32K1xx/clock_S32K1xx.o
 .text.SIM_GetFtm3ExternalClkPinMode
                0x00000aee       0x1e ./SDK/platform/drivers/src/clock/S32K1xx/clock_S32K1xx.o
 .text.SIM_GetLpo32KStatus
                0x00000b0c       0x26 ./SDK/platform/drivers/src/clock/S32K1xx/clock_S32K1xx.o
 .text.SIM_GetLpo1KStatus
                0x00000b32       0x26 ./SDK/platform/drivers/src/clock/S32K1xx/clock_S32K1xx.o
 .text.SIM_GetLpoClkSelectorValue
                0x00000b58       0x1e ./SDK/platform/drivers/src/clock/S32K1xx/clock_S32K1xx.o
 .text.SIM_GetClockoutStatus
                0x00000b76       0x26 ./SDK/platform/drivers/src/clock/S32K1xx/clock_S32K1xx.o
 .text.SIM_GetClockoutDividerValue
                0x00000b9c       0x1e ./SDK/platform/drivers/src/clock/S32K1xx/clock_S32K1xx.o
 .text.SIM_GetClockoutSelectorValue
                0x00000bba       0x1e ./SDK/platform/drivers/src/clock/S32K1xx/clock_S32K1xx.o
 .text.SIM_SetExtPinSourceFtm
                0x00000bd8       0x9c ./SDK/platform/drivers/src/clock/S32K1xx/clock_S32K1xx.o
 .text.SIM_SetClockout
                0x00000c74       0x6a ./SDK/platform/drivers/src/clock/S32K1xx/clock_S32K1xx.o
 .text.SIM_SetTraceClockSource
                0x00000cde       0x38 ./SDK/platform/drivers/src/clock/S32K1xx/clock_S32K1xx.o
 .text.SIM_ClearTraceClockConfig
                0x00000d16       0x1e ./SDK/platform/drivers/src/clock/S32K1xx/clock_S32K1xx.o
 .text.SIM_SetTraceClockConfig
                0x00000d34       0x40 ./SDK/platform/drivers/src/clock/S32K1xx/clock_S32K1xx.o
 .text.SCG_GetClockoutSourceSel
                0x00000d74       0x1e ./SDK/platform/drivers/src/clock/S32K1xx/clock_S32K1xx.o
 .text.SCG_GetCurrentSystemClockSource
                0x00000d92       0x1e ./SDK/platform/drivers/src/clock/S32K1xx/clock_S32K1xx.o
 .text.SCG_GetCurrentCoreClockDividerRatio
                0x00000db0       0x1e ./SDK/platform/drivers/src/clock/S32K1xx/clock_S32K1xx.o
 .text.SCG_GetCurrentBusClockDividerRatio
                0x00000dce       0x1e ./SDK/platform/drivers/src/clock/S32K1xx/clock_S32K1xx.o
 .text.SCG_GetCurrentSlowClockDividerRatio
                0x00000dec       0x1c ./SDK/platform/drivers/src/clock/S32K1xx/clock_S32K1xx.o
 .text.SCG_SetRunClockControl
                0x00000e08       0x44 ./SDK/platform/drivers/src/clock/S32K1xx/clock_S32K1xx.o
 .text.SCG_SetVlprClockControl
                0x00000e4c       0x44 ./SDK/platform/drivers/src/clock/S32K1xx/clock_S32K1xx.o
 .text.SCG_SetHsrunClockControl
                0x00000e90       0x44 ./SDK/platform/drivers/src/clock/S32K1xx/clock_S32K1xx.o
 .text.SCG_GetFircFirstAsyncDivider
                0x00000ed4       0x1e ./SDK/platform/drivers/src/clock/S32K1xx/clock_S32K1xx.o
 .text.SCG_GetFircSecondAsyncDivider
                0x00000ef2       0x20 ./SDK/platform/drivers/src/clock/S32K1xx/clock_S32K1xx.o
 .text.SCG_SetFircAsyncConfig
                0x00000f12       0x32 ./SDK/platform/drivers/src/clock/S32K1xx/clock_S32K1xx.o
 .text.SCG_GetSircFirstAsyncDivider
                0x00000f44       0x1e ./SDK/platform/drivers/src/clock/S32K1xx/clock_S32K1xx.o
 .text.SCG_GetSircSecondAsyncDivider
                0x00000f62       0x20 ./SDK/platform/drivers/src/clock/S32K1xx/clock_S32K1xx.o
 .text.SCG_SetSircAsyncConfig
                0x00000f82       0x32 ./SDK/platform/drivers/src/clock/S32K1xx/clock_S32K1xx.o
 .text.SCG_GetSoscFirstAsyncDivider
                0x00000fb4       0x1e ./SDK/platform/drivers/src/clock/S32K1xx/clock_S32K1xx.o
 .text.SCG_GetSoscSecondAsyncDivider
                0x00000fd2       0x20 ./SDK/platform/drivers/src/clock/S32K1xx/clock_S32K1xx.o
 .text.SCG_SetSoscAsyncConfig
                0x00000ff2       0x32 ./SDK/platform/drivers/src/clock/S32K1xx/clock_S32K1xx.o
 .text.SCG_GetSpllFirstAsyncDivider
                0x00001024       0x1e ./SDK/platform/drivers/src/clock/S32K1xx/clock_S32K1xx.o
 .text.SCG_GetSpllSecondAsyncDivider
                0x00001042       0x20 ./SDK/platform/drivers/src/clock/S32K1xx/clock_S32K1xx.o
 .text.SCG_SetSpllAsyncConfig
                0x00001062       0x32 ./SDK/platform/drivers/src/clock/S32K1xx/clock_S32K1xx.o
 .text.SCG_SetClockoutSourceSel
                0x00001094       0x38 ./SDK/platform/drivers/src/clock/S32K1xx/clock_S32K1xx.o
 .text.SCG_GetSircSystemClockMode
                0x000010cc       0x32 ./SDK/platform/drivers/src/clock/S32K1xx/clock_S32K1xx.o
 .text.SCG_GetSircStatus
                0x000010fe       0x28 ./SDK/platform/drivers/src/clock/S32K1xx/clock_S32K1xx.o
 .text.SCG_GetSircRange
                0x00001126       0x1e ./SDK/platform/drivers/src/clock/S32K1xx/clock_S32K1xx.o
 .text.SCG_ClearSircLock
                0x00001144       0x24 ./SDK/platform/drivers/src/clock/S32K1xx/clock_S32K1xx.o
 .text.SCG_ClearSircControl
                0x00001168       0x1c ./SDK/platform/drivers/src/clock/S32K1xx/clock_S32K1xx.o
 .text.SCG_SetSircConfiguration
                0x00001184       0x24 ./SDK/platform/drivers/src/clock/S32K1xx/clock_S32K1xx.o
 .text.SCG_SetSircControl
                0x000011a8       0x5a ./SDK/platform/drivers/src/clock/S32K1xx/clock_S32K1xx.o
 .text.SCG_GetFircSystemClockMode
                0x00001202       0x32 ./SDK/platform/drivers/src/clock/S32K1xx/clock_S32K1xx.o
 .text.SCG_GetFircStatus
                0x00001234       0x28 ./SDK/platform/drivers/src/clock/S32K1xx/clock_S32K1xx.o
 .text.SCG_GetFircRange
                0x0000125c       0x1e ./SDK/platform/drivers/src/clock/S32K1xx/clock_S32K1xx.o
 .text.SCG_ClearFircLock
                0x0000127a       0x24 ./SDK/platform/drivers/src/clock/S32K1xx/clock_S32K1xx.o
 .text.SCG_ClearFircControl
                0x0000129e       0x1e ./SDK/platform/drivers/src/clock/S32K1xx/clock_S32K1xx.o
 .text.SCG_SetFircConfiguration
                0x000012bc       0x24 ./SDK/platform/drivers/src/clock/S32K1xx/clock_S32K1xx.o
 .text.SCG_SetFircControl
                0x000012e0       0x42 ./SDK/platform/drivers/src/clock/S32K1xx/clock_S32K1xx.o
 .text.SCG_GetSoscSystemClockMode
                0x00001322       0x32 ./SDK/platform/drivers/src/clock/S32K1xx/clock_S32K1xx.o
 .text.SCG_GetSoscStatus
                0x00001354       0x28 ./SDK/platform/drivers/src/clock/S32K1xx/clock_S32K1xx.o
 .text.SCG_ClearSoscLock
                0x0000137c       0x24 ./SDK/platform/drivers/src/clock/S32K1xx/clock_S32K1xx.o
 .text.SCG_ClearSoscControl
                0x000013a0       0x1e ./SDK/platform/drivers/src/clock/S32K1xx/clock_S32K1xx.o
 .text.SCG_SetSoscConfiguration
                0x000013be       0x3c ./SDK/platform/drivers/src/clock/S32K1xx/clock_S32K1xx.o
 .text.SCG_SetSoscControl
                0x000013fa       0x5e ./SDK/platform/drivers/src/clock/S32K1xx/clock_S32K1xx.o
 .text.SCG_GetSpllSystemClockMode
                0x00001458       0x32 ./SDK/platform/drivers/src/clock/S32K1xx/clock_S32K1xx.o
 .text.SCG_GetSpllStatus
                0x0000148a       0x28 ./SDK/platform/drivers/src/clock/S32K1xx/clock_S32K1xx.o
 .text.SCG_GetSpllPredivider
                0x000014b2       0x20 ./SDK/platform/drivers/src/clock/S32K1xx/clock_S32K1xx.o
 .text.SCG_GetSpllMultiplier
                0x000014d2       0x20 ./SDK/platform/drivers/src/clock/S32K1xx/clock_S32K1xx.o
 .text.SCG_ClearSpllLock
                0x000014f2       0x24 ./SDK/platform/drivers/src/clock/S32K1xx/clock_S32K1xx.o
 .text.SCG_ClearSpllControl
                0x00001516       0x1e ./SDK/platform/drivers/src/clock/S32K1xx/clock_S32K1xx.o
 .text.SCG_SetSpllConfiguration
                0x00001534       0x34 ./SDK/platform/drivers/src/clock/S32K1xx/clock_S32K1xx.o
 .text.SCG_SetSpllControl
                0x00001568       0x5e ./SDK/platform/drivers/src/clock/S32K1xx/clock_S32K1xx.o
 *fill*         0x000015c6        0x2 
 .text.PCC_SetPeripheralClockControl
                0x000015c8       0x60 ./SDK/platform/drivers/src/clock/S32K1xx/clock_S32K1xx.o
 .text.PCC_SetClockMode
                0x00001628       0x70 ./SDK/platform/drivers/src/clock/S32K1xx/clock_S32K1xx.o
 .text.PCC_GetClockMode
                0x00001698       0x44 ./SDK/platform/drivers/src/clock/S32K1xx/clock_S32K1xx.o
 .text.PCC_GetClockSourceSel
                0x000016dc       0x34 ./SDK/platform/drivers/src/clock/S32K1xx/clock_S32K1xx.o
 .text.PCC_GetFracValueSel
                0x00001710       0x34 ./SDK/platform/drivers/src/clock/S32K1xx/clock_S32K1xx.o
 .text.PCC_GetDividerSel
                0x00001744       0x30 ./SDK/platform/drivers/src/clock/S32K1xx/clock_S32K1xx.o
 .text.PMC_SetLpoMode
                0x00001774       0x3e ./SDK/platform/drivers/src/clock/S32K1xx/clock_S32K1xx.o
 .text.PMC_GetLpoMode
                0x000017b2       0x2c ./SDK/platform/drivers/src/clock/S32K1xx/clock_S32K1xx.o
 .text.PMC_SetLpoTrimValue
                0x000017de       0x5e ./SDK/platform/drivers/src/clock/S32K1xx/clock_S32K1xx.o
 .text.SMC_GetCurrentRunningMode
                0x0000183c       0x1a ./SDK/platform/drivers/src/clock/S32K1xx/clock_S32K1xx.o
 .text.CLOCK_DRV_Init
                0x00001856       0x6e ./SDK/platform/drivers/src/clock/S32K1xx/clock_S32K1xx.o
                0x00001856                CLOCK_DRV_Init
 .text.CLOCK_SYS_SetScgConfiguration
                0x000018c4       0xb8 ./SDK/platform/drivers/src/clock/S32K1xx/clock_S32K1xx.o
 .text.CLOCK_SYS_SetPccConfiguration
                0x0000197c       0xb8 ./SDK/platform/drivers/src/clock/S32K1xx/clock_S32K1xx.o
 .text.CLOCK_SYS_SetSimConfiguration
                0x00001a34      0x14c ./SDK/platform/drivers/src/clock/S32K1xx/clock_S32K1xx.o
 .text.CLOCK_SYS_SetPmcConfiguration
                0x00001b80       0x38 ./SDK/platform/drivers/src/clock/S32K1xx/clock_S32K1xx.o
 .text.CLOCK_SYS_GetDefaultConfiguration
                0x00001bb8      0x274 ./SDK/platform/drivers/src/clock/S32K1xx/clock_S32K1xx.o
 .text.CLOCK_SYS_GetScgClockFreq
                0x00001e2c      0x148 ./SDK/platform/drivers/src/clock/S32K1xx/clock_S32K1xx.o
 .text.CLOCK_SYS_GetSimClockFreq
                0x00001f74      0x104 ./SDK/platform/drivers/src/clock/S32K1xx/clock_S32K1xx.o
 .text.CLOCK_SYS_GetOtherSimClockFreq
                0x00002078       0xfc ./SDK/platform/drivers/src/clock/S32K1xx/clock_S32K1xx.o
 .text.CLOCK_SYS_CheckPCCClock
                0x00002174       0x68 ./SDK/platform/drivers/src/clock/S32K1xx/clock_S32K1xx.o
 .text.CLOCK_SYS_GetPccClockFreq
                0x000021dc      0x114 ./SDK/platform/drivers/src/clock/S32K1xx/clock_S32K1xx.o
 .text.CLOCK_DRV_GetFreq
                0x000022f0       0x5c ./SDK/platform/drivers/src/clock/S32K1xx/clock_S32K1xx.o
                0x000022f0                CLOCK_DRV_GetFreq
 .text.CLOCK_SYS_GetFtmOptionFreq
                0x0000234c       0x6c ./SDK/platform/drivers/src/clock/S32K1xx/clock_S32K1xx.o
 .text.SIM_CheckPeripheralClockGate
                0x000023b8       0xd4 ./SDK/platform/drivers/src/clock/S32K1xx/clock_S32K1xx.o
 .text.CLOCK_SYS_GetPeripheralClock
                0x0000248c       0xe4 ./SDK/platform/drivers/src/clock/S32K1xx/clock_S32K1xx.o
 .text.CLOCK_SYS_GetCurrentRunMode
                0x00002570       0x44 ./SDK/platform/drivers/src/clock/S32K1xx/clock_S32K1xx.o
 .text.CLOCK_SYS_TransitionSystemClock
                0x000025b4       0x60 ./SDK/platform/drivers/src/clock/S32K1xx/clock_S32K1xx.o
 .text.CLOCK_SYS_GetSimClkOutFreq
                0x00002614       0xe8 ./SDK/platform/drivers/src/clock/S32K1xx/clock_S32K1xx.o
 .text.CLOCK_SYS_GetScgClkOutFreq
                0x000026fc       0x68 ./SDK/platform/drivers/src/clock/S32K1xx/clock_S32K1xx.o
 .text.CLOCK_SYS_GetSimRtcClkFreq
                0x00002764       0x70 ./SDK/platform/drivers/src/clock/S32K1xx/clock_S32K1xx.o
 .text.CLOCK_SYS_ConfigureSIRC
                0x000027d4       0xc8 ./SDK/platform/drivers/src/clock/S32K1xx/clock_S32K1xx.o
 .text.CLOCK_SYS_ConfigureFIRC
                0x0000289c       0xc4 ./SDK/platform/drivers/src/clock/S32K1xx/clock_S32K1xx.o
 .text.CLOCK_SYS_ConfigureSOSC
                0x00002960      0x124 ./SDK/platform/drivers/src/clock/S32K1xx/clock_S32K1xx.o
 .text.CLOCK_SYS_ConfigureSPLL
                0x00002a84      0x118 ./SDK/platform/drivers/src/clock/S32K1xx/clock_S32K1xx.o
 .text.CLOCK_SYS_ConfigureTemporarySystemClock
                0x00002b9c       0x68 ./SDK/platform/drivers/src/clock/S32K1xx/clock_S32K1xx.o
 .text.CLOCK_SYS_ConfigureModulesFromScg
                0x00002c04      0x1c8 ./SDK/platform/drivers/src/clock/S32K1xx/clock_S32K1xx.o
 .text.CLOCK_SYS_GetSystemClockFreq
                0x00002dcc       0xb0 ./SDK/platform/drivers/src/clock/S32K1xx/clock_S32K1xx.o
 .text.CLOCK_SYS_GetSrcFreq
                0x00002e7c       0x58 ./SDK/platform/drivers/src/clock/S32K1xx/clock_S32K1xx.o
 .text.CLOCK_SYS_SetSystemClockConfig
                0x00002ed4      0x234 ./SDK/platform/drivers/src/clock/S32K1xx/clock_S32K1xx.o
 .text.CLOCK_SYS_GetSysAsyncFreq
                0x00003108      0x110 ./SDK/platform/drivers/src/clock/S32K1xx/clock_S32K1xx.o
 .text.CLOCK_SYS_GetSysOscFreq
                0x00003218       0x30 ./SDK/platform/drivers/src/clock/S32K1xx/clock_S32K1xx.o
 .text.CLOCK_SYS_GetSircFreq
                0x00003248       0x38 ./SDK/platform/drivers/src/clock/S32K1xx/clock_S32K1xx.o
 .text.CLOCK_SYS_GetFircFreq
                0x00003280       0x3c ./SDK/platform/drivers/src/clock/S32K1xx/clock_S32K1xx.o
 .text.CLOCK_SYS_GetSysPllFreq
                0x000032bc       0x64 ./SDK/platform/drivers/src/clock/S32K1xx/clock_S32K1xx.o
 .text.CLOCK_SYS_GetLpoFreq
                0x00003320       0x7c ./SDK/platform/drivers/src/clock/S32K1xx/clock_S32K1xx.o
 .text.CLOCK_SYS_GetFreq
                0x0000339c       0x20 ./SDK/platform/drivers/src/clock/S32K1xx/clock_S32K1xx.o
                0x0000339c                CLOCK_SYS_GetFreq
 .text.EDMA_SetMinorLoopMappingCmd
                0x000033bc       0x3e ./SDK/platform/drivers/src/edma/edma_driver.o
 .text.EDMA_ClearErrorIntStatusFlag
                0x000033fa       0x1e ./SDK/platform/drivers/src/edma/edma_driver.o
 .text.EDMA_ClearDoneStatusFlag
                0x00003418       0x1e ./SDK/platform/drivers/src/edma/edma_driver.o
 .text.EDMA_ClearIntStatusFlag
                0x00003436       0x1e ./SDK/platform/drivers/src/edma/edma_driver.o
 .text.EDMA_TCDSetSrcAddr
                0x00003454       0x28 ./SDK/platform/drivers/src/edma/edma_driver.o
 .text.EDMA_TCDSetSrcOffset
                0x0000347c       0x2e ./SDK/platform/drivers/src/edma/edma_driver.o
 .text.EDMA_TCDSetSrcLastAdjust
                0x000034aa       0x2c ./SDK/platform/drivers/src/edma/edma_driver.o
 .text.EDMA_TCDSetDestAddr
                0x000034d6       0x2c ./SDK/platform/drivers/src/edma/edma_driver.o
 .text.EDMA_TCDSetDestOffset
                0x00003502       0x30 ./SDK/platform/drivers/src/edma/edma_driver.o
 .text.EDMA_TCDSetDisableDmaRequestAfterTCDDoneCmd
                0x00003532       0x5e ./SDK/platform/drivers/src/edma/edma_driver.o
 .text.EDMA_TCDSetMajorCompleteIntCmd
                0x00003590       0x5e ./SDK/platform/drivers/src/edma/edma_driver.o
 .text.DMAMUX_SetChannelCmd
                0x000035ee       0x54 ./SDK/platform/drivers/src/edma/edma_driver.o
 .text.DMAMUX_SetChannelTrigger
                0x00003642       0x52 ./SDK/platform/drivers/src/edma/edma_driver.o
 .text.DMAMUX_SetChannelSource
                0x00003694       0x50 ./SDK/platform/drivers/src/edma/edma_driver.o
 .text.EDMA_DRV_InstallCallback
                0x000036e4       0x3c ./SDK/platform/drivers/src/edma/edma_driver.o
                0x000036e4                EDMA_DRV_InstallCallback
 .text.EDMA_DRV_ClearIntStatus
                0x00003720       0x3c ./SDK/platform/drivers/src/edma/edma_driver.o
 .text.EDMA_DRV_IRQHandler
                0x0000375c       0x4c ./SDK/platform/drivers/src/edma/edma_driver.o
                0x0000375c                EDMA_DRV_IRQHandler
 .text.EDMA_DRV_ErrorIRQHandler
                0x000037a8       0x7c ./SDK/platform/drivers/src/edma/edma_driver.o
                0x000037a8                EDMA_DRV_ErrorIRQHandler
 .text.EDMA_DRV_ConfigSingleBlockTransfer
                0x00003824      0x16c ./SDK/platform/drivers/src/edma/edma_driver.o
                0x00003824                EDMA_DRV_ConfigSingleBlockTransfer
 .text.EDMA_DRV_ConfigMultiBlockTransfer
                0x00003990       0x70 ./SDK/platform/drivers/src/edma/edma_driver.o
                0x00003990                EDMA_DRV_ConfigMultiBlockTransfer
 .text.EDMA_DRV_StartChannel
                0x00003a00       0x38 ./SDK/platform/drivers/src/edma/edma_driver.o
                0x00003a00                EDMA_DRV_StartChannel
 .text.EDMA_DRV_StopChannel
                0x00003a38       0x38 ./SDK/platform/drivers/src/edma/edma_driver.o
                0x00003a38                EDMA_DRV_StopChannel
 .text.EDMA_DRV_SetChannelRequestAndTrigger
                0x00003a70       0x60 ./SDK/platform/drivers/src/edma/edma_driver.o
                0x00003a70                EDMA_DRV_SetChannelRequestAndTrigger
 .text.EDMA_DRV_SetSrcLastAddrAdjustment
                0x00003ad0       0x38 ./SDK/platform/drivers/src/edma/edma_driver.o
                0x00003ad0                EDMA_DRV_SetSrcLastAddrAdjustment
 .text.EDMA_DRV_DisableRequestsOnTransferComplete
                0x00003b08       0x3c ./SDK/platform/drivers/src/edma/edma_driver.o
                0x00003b08                EDMA_DRV_DisableRequestsOnTransferComplete
 .text.EDMA_DRV_GetDmaRegBaseAddr
                0x00003b44       0x1c ./SDK/platform/drivers/src/edma/edma_driver.o
                0x00003b44                EDMA_DRV_GetDmaRegBaseAddr
 .text.EDMA_SetDmaRequestCmd
                0x00003b60       0x30 ./SDK/platform/drivers/src/edma/edma_hw_access.o
                0x00003b60                EDMA_SetDmaRequestCmd
 .text.EDMA_TCDClearReg
                0x00003b90       0xd6 ./SDK/platform/drivers/src/edma/edma_hw_access.o
                0x00003b90                EDMA_TCDClearReg
 .text.EDMA_TCDSetAttribute
                0x00003c66       0x70 ./SDK/platform/drivers/src/edma/edma_hw_access.o
                0x00003c66                EDMA_TCDSetAttribute
 .text.EDMA_TCDSetNbytes
                0x00003cd6       0xcc ./SDK/platform/drivers/src/edma/edma_hw_access.o
                0x00003cd6                EDMA_TCDSetNbytes
 .text.EDMA_TCDSetMajorCount
                0x00003da2      0x14c ./SDK/platform/drivers/src/edma/edma_hw_access.o
                0x00003da2                EDMA_TCDSetMajorCount
 .text.EDMA_GetErrorIntStatusFlag
                0x00003eee       0x18 ./SDK/platform/drivers/src/edma/edma_irq.o
 .text.DMA0_IRQHandler
                0x00003f06        0xe ./SDK/platform/drivers/src/edma/edma_irq.o
                0x00003f06                DMA0_IRQHandler
 .text.DMA1_IRQHandler
                0x00003f14        0xe ./SDK/platform/drivers/src/edma/edma_irq.o
                0x00003f14                DMA1_IRQHandler
 .text.DMA2_IRQHandler
                0x00003f22        0xe ./SDK/platform/drivers/src/edma/edma_irq.o
                0x00003f22                DMA2_IRQHandler
 .text.DMA3_IRQHandler
                0x00003f30        0xe ./SDK/platform/drivers/src/edma/edma_irq.o
                0x00003f30                DMA3_IRQHandler
 .text.DMA4_IRQHandler
                0x00003f3e        0xe ./SDK/platform/drivers/src/edma/edma_irq.o
                0x00003f3e                DMA4_IRQHandler
 .text.DMA5_IRQHandler
                0x00003f4c        0xe ./SDK/platform/drivers/src/edma/edma_irq.o
                0x00003f4c                DMA5_IRQHandler
 .text.DMA6_IRQHandler
                0x00003f5a        0xe ./SDK/platform/drivers/src/edma/edma_irq.o
                0x00003f5a                DMA6_IRQHandler
 .text.DMA7_IRQHandler
                0x00003f68        0xe ./SDK/platform/drivers/src/edma/edma_irq.o
                0x00003f68                DMA7_IRQHandler
 .text.DMA8_IRQHandler
                0x00003f76        0xe ./SDK/platform/drivers/src/edma/edma_irq.o
                0x00003f76                DMA8_IRQHandler
 .text.DMA9_IRQHandler
                0x00003f84        0xe ./SDK/platform/drivers/src/edma/edma_irq.o
                0x00003f84                DMA9_IRQHandler
 .text.DMA10_IRQHandler
                0x00003f92        0xe ./SDK/platform/drivers/src/edma/edma_irq.o
                0x00003f92                DMA10_IRQHandler
 .text.DMA11_IRQHandler
                0x00003fa0        0xe ./SDK/platform/drivers/src/edma/edma_irq.o
                0x00003fa0                DMA11_IRQHandler
 .text.DMA12_IRQHandler
                0x00003fae        0xe ./SDK/platform/drivers/src/edma/edma_irq.o
                0x00003fae                DMA12_IRQHandler
 .text.DMA13_IRQHandler
                0x00003fbc        0xe ./SDK/platform/drivers/src/edma/edma_irq.o
                0x00003fbc                DMA13_IRQHandler
 .text.DMA14_IRQHandler
                0x00003fca        0xe ./SDK/platform/drivers/src/edma/edma_irq.o
                0x00003fca                DMA14_IRQHandler
 .text.DMA15_IRQHandler
                0x00003fd8        0xe ./SDK/platform/drivers/src/edma/edma_irq.o
                0x00003fd8                DMA15_IRQHandler
 .text.DMA_Error_IRQHandler
                0x00003fe6       0x4c ./SDK/platform/drivers/src/edma/edma_irq.o
                0x00003fe6                DMA_Error_IRQHandler
 *fill*         0x00004032        0x2 
 .text.INT_SYS_EnableIRQ
                0x00004034       0x34 ./SDK/platform/drivers/src/interrupt/interrupt_manager.o
                0x00004034                INT_SYS_EnableIRQ
 .text.INT_SYS_EnableIRQGlobal
                0x00004068       0x30 ./SDK/platform/drivers/src/interrupt/interrupt_manager.o
                0x00004068                INT_SYS_EnableIRQGlobal
 .text.INT_SYS_DisableIRQGlobal
                0x00004098       0x20 ./SDK/platform/drivers/src/interrupt/interrupt_manager.o
                0x00004098                INT_SYS_DisableIRQGlobal
 .text.LPI2C_Get_MasterTxFIFOSize
                0x000040b8       0x30 ./SDK/platform/drivers/src/lpi2c/lpi2c_driver.o
 .text.LPI2C_Reset_MasterRxFIFOCmd
                0x000040e8       0x30 ./SDK/platform/drivers/src/lpi2c/lpi2c_driver.o
 .text.LPI2C_Reset_MasterTxFIFOCmd
                0x00004118       0x30 ./SDK/platform/drivers/src/lpi2c/lpi2c_driver.o
 .text.LPI2C_Set_MasterEnable
                0x00004148       0x34 ./SDK/platform/drivers/src/lpi2c/lpi2c_driver.o
 .text.LPI2C_Get_MasterReceiveDataReadyEvent
                0x0000417c       0x30 ./SDK/platform/drivers/src/lpi2c/lpi2c_driver.o
 .text.LPI2C_Get_MasterTransmitDataRequestEvent
                0x000041ac       0x2e ./SDK/platform/drivers/src/lpi2c/lpi2c_driver.o
 .text.LPI2C_Get_MasterFIFOErrorEvent
                0x000041da       0x30 ./SDK/platform/drivers/src/lpi2c/lpi2c_driver.o
 .text.LPI2C_Get_MasterArbitrationLostEvent
                0x0000420a       0x30 ./SDK/platform/drivers/src/lpi2c/lpi2c_driver.o
 .text.LPI2C_Get_MasterNACKDetectEvent
                0x0000423a       0x30 ./SDK/platform/drivers/src/lpi2c/lpi2c_driver.o
 .text.LPI2C_Clear_MasterFIFOErrorEvent
                0x0000426a       0x1c ./SDK/platform/drivers/src/lpi2c/lpi2c_driver.o
 .text.LPI2C_Clear_MasterArbitrationLostEvent
                0x00004286       0x1c ./SDK/platform/drivers/src/lpi2c/lpi2c_driver.o
 .text.LPI2C_Clear_MasterNACKDetectEvent
                0x000042a2       0x1c ./SDK/platform/drivers/src/lpi2c/lpi2c_driver.o
 .text.LPI2C_Set_MasterRxDMA
                0x000042be       0x3a ./SDK/platform/drivers/src/lpi2c/lpi2c_driver.o
 .text.LPI2C_Set_MasterTxDMA
                0x000042f8       0x34 ./SDK/platform/drivers/src/lpi2c/lpi2c_driver.o
 .text.LPI2C_Set_MasterInt
                0x0000432c       0x40 ./SDK/platform/drivers/src/lpi2c/lpi2c_driver.o
 .text.LPI2C_Set_MasterPinConfig
                0x0000436c       0x3a ./SDK/platform/drivers/src/lpi2c/lpi2c_driver.o
 .text.LPI2C_Set_MasterNACKConfig
                0x000043a6       0x3a ./SDK/platform/drivers/src/lpi2c/lpi2c_driver.o
 .text.LPI2C_Set_MasterPrescaler
                0x000043e0       0x38 ./SDK/platform/drivers/src/lpi2c/lpi2c_driver.o
 .text.LPI2C_Set_MasterClockHighPeriod
                0x00004418       0x3a ./SDK/platform/drivers/src/lpi2c/lpi2c_driver.o
 .text.LPI2C_Set_MasterDataValidDelay
                0x00004452       0x3a ./SDK/platform/drivers/src/lpi2c/lpi2c_driver.o
 .text.LPI2C_Set_MasterSetupHoldDelay
                0x0000448c       0x3a ./SDK/platform/drivers/src/lpi2c/lpi2c_driver.o
 .text.LPI2C_Set_MasterClockLowPeriod
                0x000044c6       0x38 ./SDK/platform/drivers/src/lpi2c/lpi2c_driver.o
 .text.LPI2C_Set_MasterRxFIFOWatermark
                0x000044fe       0x3a ./SDK/platform/drivers/src/lpi2c/lpi2c_driver.o
 .text.LPI2C_Get_MasterRxFIFOWatermark
                0x00004538       0x28 ./SDK/platform/drivers/src/lpi2c/lpi2c_driver.o
 .text.LPI2C_Set_MasterTxFIFOWatermark
                0x00004560       0x38 ./SDK/platform/drivers/src/lpi2c/lpi2c_driver.o
 .text.LPI2C_Get_MasterRxFIFOCount
                0x00004598       0x28 ./SDK/platform/drivers/src/lpi2c/lpi2c_driver.o
 .text.LPI2C_Get_MasterTxFIFOCount
                0x000045c0       0x26 ./SDK/platform/drivers/src/lpi2c/lpi2c_driver.o
 .text.LPI2C_Cmd_MasterTransmit
                0x000045e6       0x28 ./SDK/platform/drivers/src/lpi2c/lpi2c_driver.o
 .text.LPI2C_Get_MasterRxData
                0x0000460e       0x24 ./SDK/platform/drivers/src/lpi2c/lpi2c_driver.o
 .text.LPI2C_Set_SlaveEnable
                0x00004632       0x38 ./SDK/platform/drivers/src/lpi2c/lpi2c_driver.o
 .text.LPI2C_Get_SlaveBitErrorEvent
                0x0000466a       0x32 ./SDK/platform/drivers/src/lpi2c/lpi2c_driver.o
 .text.LPI2C_Get_SlaveSTOPDetectEvent
                0x0000469c       0x32 ./SDK/platform/drivers/src/lpi2c/lpi2c_driver.o
 .text.LPI2C_Get_SlaveRepeatedStartEvent
                0x000046ce       0x32 ./SDK/platform/drivers/src/lpi2c/lpi2c_driver.o
 .text.LPI2C_Get_SlaveAddressValidEvent
                0x00004700       0x32 ./SDK/platform/drivers/src/lpi2c/lpi2c_driver.o
 .text.LPI2C_Get_SlaveReceiveDataEvent
                0x00004732       0x32 ./SDK/platform/drivers/src/lpi2c/lpi2c_driver.o
 .text.LPI2C_Get_SlaveTransmitDataEvent
                0x00004764       0x30 ./SDK/platform/drivers/src/lpi2c/lpi2c_driver.o
 .text.LPI2C_Clear_SlaveBitErrorEvent
                0x00004794       0x1e ./SDK/platform/drivers/src/lpi2c/lpi2c_driver.o
 .text.LPI2C_Clear_SlaveSTOPDetectEvent
                0x000047b2       0x1e ./SDK/platform/drivers/src/lpi2c/lpi2c_driver.o
 .text.LPI2C_Clear_SlaveRepeatedStartEvent
                0x000047d0       0x1e ./SDK/platform/drivers/src/lpi2c/lpi2c_driver.o
 .text.LPI2C_Set_SlaveInt
                0x000047ee       0x44 ./SDK/platform/drivers/src/lpi2c/lpi2c_driver.o
 .text.LPI2C_Get_SlaveInt
                0x00004832       0x32 ./SDK/platform/drivers/src/lpi2c/lpi2c_driver.o
 .text.LPI2C_Set_SlaveRxDMA
                0x00004864       0x3e ./SDK/platform/drivers/src/lpi2c/lpi2c_driver.o
 .text.LPI2C_Set_SlaveTxDMA
                0x000048a2       0x38 ./SDK/platform/drivers/src/lpi2c/lpi2c_driver.o
 .text.LPI2C_Get_SlaveReceivedAddr
                0x000048da       0x28 ./SDK/platform/drivers/src/lpi2c/lpi2c_driver.o
 .text.LPI2C_Transmit_SlaveData
                0x00004902       0x20 ./SDK/platform/drivers/src/lpi2c/lpi2c_driver.o
 .text.LPI2C_Get_SlaveData
                0x00004922       0x26 ./SDK/platform/drivers/src/lpi2c/lpi2c_driver.o
 .text.LPI2C_DRV_MasterCmdQueueEmpty
                0x00004948       0x26 ./SDK/platform/drivers/src/lpi2c/lpi2c_driver.o
 .text.LPI2C_DRV_MasterResetQueue
                0x0000496e       0x20 ./SDK/platform/drivers/src/lpi2c/lpi2c_driver.o
 .text.LPI2C_DRV_MasterQueueCmd
                0x0000498e       0x6e ./SDK/platform/drivers/src/lpi2c/lpi2c_driver.o
 .text.LPI2C_DRV_MasterSendQueuedCmd
                0x000049fc       0x88 ./SDK/platform/drivers/src/lpi2c/lpi2c_driver.o
 .text.LPI2C_DRV_MasterSendAddress
                0x00004a84       0x9a ./SDK/platform/drivers/src/lpi2c/lpi2c_driver.o
 .text.LPI2C_DRV_MasterQueueData
                0x00004b1e       0x72 ./SDK/platform/drivers/src/lpi2c/lpi2c_driver.o
 .text.LPI2C_DRV_MasterEndTransfer
                0x00004b90       0x9c ./SDK/platform/drivers/src/lpi2c/lpi2c_driver.o
 .text.LPI2C_DRV_SlaveEndTransfer
                0x00004c2c       0x6c ./SDK/platform/drivers/src/lpi2c/lpi2c_driver.o
 .text.LPI2C_DRV_MasterSetOperatingMode
                0x00004c98       0x40 ./SDK/platform/drivers/src/lpi2c/lpi2c_driver.o
 .text.LPI2C_DRV_ConfigureDmaTransfer
                0x00004cd8       0x9c ./SDK/platform/drivers/src/lpi2c/lpi2c_driver.o
 .text.LPI2C_DRV_MasterStartDmaTransfer
                0x00004d74      0x114 ./SDK/platform/drivers/src/lpi2c/lpi2c_driver.o
 .text.LPI2C_DRV_SlaveStartDmaTransfer
                0x00004e88       0xb4 ./SDK/platform/drivers/src/lpi2c/lpi2c_driver.o
 .text.LPI2C_DRV_MasterCompleteDMATransfer
                0x00004f3c       0xac ./SDK/platform/drivers/src/lpi2c/lpi2c_driver.o
 .text.LPI2C_DRV_MasterReinit
                0x00004fe8       0x84 ./SDK/platform/drivers/src/lpi2c/lpi2c_driver.o
 .text.LPI2C_DRV_MasterWaitTransferEnd
                0x0000506c      0x11c ./SDK/platform/drivers/src/lpi2c/lpi2c_driver.o
 .text.LPI2C_DRV_MasterHandleTransmitDataRequest
                0x00005188       0x94 ./SDK/platform/drivers/src/lpi2c/lpi2c_driver.o
 .text.LPI2C_DRV_MasterHandleReceiveDataReadyEvent
                0x0000521c       0xb6 ./SDK/platform/drivers/src/lpi2c/lpi2c_driver.o
 *fill*         0x000052d2        0x2 
 .text.LPI2C_DRV_SlaveHandleAddressValidEvent
                0x000052d4       0xb8 ./SDK/platform/drivers/src/lpi2c/lpi2c_driver.o
 .text.LPI2C_DRV_SlaveHandleTransmitDataEvent
                0x0000538c       0x7a ./SDK/platform/drivers/src/lpi2c/lpi2c_driver.o
 .text.LPI2C_DRV_SlaveHandleReceiveDataEvent
                0x00005406       0x6a ./SDK/platform/drivers/src/lpi2c/lpi2c_driver.o
 .text.LPI2C_DRV_MasterInit
                0x00005470      0x104 ./SDK/platform/drivers/src/lpi2c/lpi2c_driver.o
                0x00005470                LPI2C_DRV_MasterInit
 .text.LPI2C_DRV_MasterSetBaudRate
                0x00005574      0x16c ./SDK/platform/drivers/src/lpi2c/lpi2c_driver.o
                0x00005574                LPI2C_DRV_MasterSetBaudRate
 .text.LPI2C_DRV_MasterSetSlaveAddr
                0x000056e0       0x38 ./SDK/platform/drivers/src/lpi2c/lpi2c_driver.o
                0x000056e0                LPI2C_DRV_MasterSetSlaveAddr
 .text.LPI2C_DRV_MasterSendData
                0x00005718       0xac ./SDK/platform/drivers/src/lpi2c/lpi2c_driver.o
                0x00005718                LPI2C_DRV_MasterSendData
 .text.LPI2C_DRV_MasterSendDataBlocking
                0x000057c4       0x64 ./SDK/platform/drivers/src/lpi2c/lpi2c_driver.o
                0x000057c4                LPI2C_DRV_MasterSendDataBlocking
 .text.LPI2C_DRV_MasterIRQHandler
                0x00005828      0x16c ./SDK/platform/drivers/src/lpi2c/lpi2c_driver.o
                0x00005828                LPI2C_DRV_MasterIRQHandler
 .text.LPI2C_DRV_SlaveEndTransferHandler
                0x00005994       0x62 ./SDK/platform/drivers/src/lpi2c/lpi2c_driver.o
 *fill*         0x000059f6        0x2 
 .text.LPI2C_DRV_SlaveIRQHandler
                0x000059f8      0x130 ./SDK/platform/drivers/src/lpi2c/lpi2c_driver.o
                0x000059f8                LPI2C_DRV_SlaveIRQHandler
 .text.LPI2C_Set_MasterSoftwareReset
                0x00005b28       0x3a ./SDK/platform/drivers/src/lpi2c/lpi2c_hw_access.o
 .text.LPI2C_Set_SlaveSoftwareReset
                0x00005b62       0x3e ./SDK/platform/drivers/src/lpi2c/lpi2c_hw_access.o
 .text.LPI2C_Init
                0x00005ba0       0x2e ./SDK/platform/drivers/src/lpi2c/lpi2c_hw_access.o
                0x00005ba0                LPI2C_Init
 .text.LPI2C0_Master_IRQHandler
                0x00005bce        0xe ./SDK/platform/drivers/src/lpi2c/lpi2c_irq.o
                0x00005bce                LPI2C0_Master_IRQHandler
 .text.LPI2C0_Slave_IRQHandler
                0x00005bdc        0xe ./SDK/platform/drivers/src/lpi2c/lpi2c_irq.o
                0x00005bdc                LPI2C0_Slave_IRQHandler
 .text.PINS_GPIO_SetPins
                0x00005bea       0x1c ./SDK/platform/drivers/src/pins/pins_driver.o
 .text.PINS_GPIO_TogglePins
                0x00005c06       0x1c ./SDK/platform/drivers/src/pins/pins_driver.o
 .text.PINS_DRV_Init
                0x00005c22       0x3e ./SDK/platform/drivers/src/pins/pins_driver.o
                0x00005c22                PINS_DRV_Init
 .text.PINS_DRV_SetPins
                0x00005c60       0x1a ./SDK/platform/drivers/src/pins/pins_driver.o
                0x00005c60                PINS_DRV_SetPins
 .text.PINS_DRV_TogglePins
                0x00005c7a       0x1a ./SDK/platform/drivers/src/pins/pins_driver.o
                0x00005c7a                PINS_DRV_TogglePins
 .text.PINS_GPIO_WritePin
                0x00005c94       0x44 ./SDK/platform/drivers/src/pins/pins_port_hw_access.o
 .text.PINS_GetAdcInterleaveVal
                0x00005cd8       0xb4 ./SDK/platform/drivers/src/pins/pins_port_hw_access.o
 .text.PINS_Init
                0x00005d8c      0x1ec ./SDK/platform/drivers/src/pins/pins_port_hw_access.o
                0x00005d8c                PINS_Init
 .text.osif_Tick
                0x00005f78       0x1c ./SDK/rtos/osif/osif_baremetal.o
 .text.osif_GetCurrentTickCount
                0x00005f94       0x18 ./SDK/rtos/osif/osif_baremetal.o
 .text.SysTick_Handler
                0x00005fac        0xc ./SDK/rtos/osif/osif_baremetal.o
                0x00005fac                SysTick_Handler
 .text.osif_UpdateTickConfig
                0x00005fb8       0x64 ./SDK/rtos/osif/osif_baremetal.o
 .text.osif_DisableIrqGlobal
                0x0000601c        0xc ./SDK/rtos/osif/osif_baremetal.o
 .text.osif_EnableIrqGlobal
                0x00006028        0xc ./SDK/rtos/osif/osif_baremetal.o
 .text.OSIF_SemaWait
                0x00006034       0xa8 ./SDK/rtos/osif/osif_baremetal.o
                0x00006034                OSIF_SemaWait
 .text.OSIF_SemaPost
                0x000060dc       0x3c ./SDK/rtos/osif/osif_baremetal.o
                0x000060dc                OSIF_SemaPost
 .text.OSIF_SemaCreate
                0x00006118       0x24 ./SDK/rtos/osif/osif_baremetal.o
                0x00006118                OSIF_SemaCreate
 .text.delay    0x0000613c       0x20 ./src/main.o
                0x0000613c                delay
 .text.main     0x0000615c       0xd8 ./src/main.o
                0x0000615c                main
 .text.memcpy   0x00006234       0x16 C:/NXP/S32DS.3.4/S32DS/build_tools/gcc_v6.3/gcc-6.3-arm32-eabi/arm-none-eabi/newlib/lib/thumb/v7e-m/fpv4-sp/hard\libc_nano.a(lib_a-memcpy-stub.o)
                0x00006234                memcpy
 .text.memset   0x0000624a       0x10 C:/NXP/S32DS.3.4/S32DS/build_tools/gcc_v6.3/gcc-6.3-arm32-eabi/arm-none-eabi/newlib/lib/thumb/v7e-m/fpv4-sp/hard\libc_nano.a(lib_a-memset.o)
                0x0000624a                memset
 *(.rodata)
 *(.rodata*)
 *fill*         0x0000625a        0x2 
 .rodata.clockNameMappings
                0x0000625c       0x9e ./SDK/platform/drivers/src/clock/S32K1xx/clock_S32K1xx.o
                0x0000625c                clockNameMappings
 *fill*         0x000062fa        0x2 
 .rodata.peripheralFeaturesList
                0x000062fc       0x4f ./SDK/platform/drivers/src/clock/S32K1xx/clock_S32K1xx.o
                0x000062fc                peripheralFeaturesList
 *fill*         0x0000634b        0x1 
 .rodata.tmpSysClk.7612
                0x0000634c        0xc ./SDK/platform/drivers/src/clock/S32K1xx/clock_S32K1xx.o
 .rodata.tmpSysClk.7619
                0x00006358        0xc ./SDK/platform/drivers/src/clock/S32K1xx/clock_S32K1xx.o
 .rodata.maxSysClksInRUN.7657
                0x00006364       0x54 ./SDK/platform/drivers/src/clock/S32K1xx/clock_S32K1xx.o
 .rodata.maxSysClksInVLPR.7656
                0x000063b8       0x54 ./SDK/platform/drivers/src/clock/S32K1xx/clock_S32K1xx.o
 .rodata.maxSysClksInHSRUN.7658
                0x0000640c       0x54 ./SDK/platform/drivers/src/clock/S32K1xx/clock_S32K1xx.o
 .rodata.fircFreq.7701
                0x00006460        0x4 ./SDK/platform/drivers/src/clock/S32K1xx/clock_S32K1xx.o
 .rodata.g_lpi2cDMASrc
                0x00006464        0x2 ./SDK/platform/drivers/src/lpi2c/lpi2c_driver.o
 *(.init)
 *fill*         0x00006466        0x2 
 .init          0x00006468        0x4 c:/nxp/s32ds.3.4/s32ds/build_tools/gcc_v6.3/gcc-6.3-arm32-eabi/bin/../lib/gcc/arm-none-eabi/6.3.1/thumb/v7e-m/fpv4-sp/hard/crti.o
                0x00006468                _init
 *(.fini)
 .fini          0x0000646c        0x4 c:/nxp/s32ds.3.4/s32ds/build_tools/gcc_v6.3/gcc-6.3-arm32-eabi/bin/../lib/gcc/arm-none-eabi/6.3.1/thumb/v7e-m/fpv4-sp/hard/crti.o
                0x0000646c                _fini
 *(.eh_frame)
                0x00006470                . = ALIGN (0x4)

.glue_7         0x00006470        0x0
 .glue_7        0x00006470        0x0 linker stubs

.glue_7t        0x00006470        0x0
 .glue_7t       0x00006470        0x0 linker stubs

.vfp11_veneer   0x00006470        0x0
 .vfp11_veneer  0x00006470        0x0 linker stubs

.v4_bx          0x00006470        0x0
 .v4_bx         0x00006470        0x0 linker stubs

.iplt           0x00006470        0x0
 .iplt          0x00006470        0x0 c:/nxp/s32ds.3.4/s32ds/build_tools/gcc_v6.3/gcc-6.3-arm32-eabi/bin/../lib/gcc/arm-none-eabi/6.3.1/thumb/v7e-m/fpv4-sp/hard/crtbegin.o

.rel.dyn        0x00006470        0x0
 .rel.iplt      0x00006470        0x0 c:/nxp/s32ds.3.4/s32ds/build_tools/gcc_v6.3/gcc-6.3-arm32-eabi/bin/../lib/gcc/arm-none-eabi/6.3.1/thumb/v7e-m/fpv4-sp/hard/crtbegin.o

.ARM            0x00006470        0x0
                0x00006470                __exidx_start = .
 *(.ARM.exidx*)
                0x00006470                __exidx_end = .
                0x00006470                __etext = .
                0x00006470                __DATA_ROM = .

.interrupts_ram
                0x1fff8000      0x400
                0x1fff8000                . = ALIGN (0x4)
                0x1fff8000                __VECTOR_RAM__ = .
                0x1fff8000                __RAM_START = .
                0x1fff8000                __interrupts_ram_start__ = .
 *(.m_interrupts_ram)
                0x1fff8400                . = (. + M_VECTOR_RAM_SIZE)
 *fill*         0x1fff8000      0x400 
                0x1fff8400                . = ALIGN (0x4)
                0x1fff8400                __interrupts_ram_end__ = .
                0x1fff8000                __VECTOR_RAM = DEFINED (__flash_vector_table__)?ORIGIN (m_interrupts):__VECTOR_RAM__
                0x00000400                __RAM_VECTOR_TABLE_SIZE = DEFINED (__flash_vector_table__)?0x0:(__interrupts_ram_end__ - __interrupts_ram_start__)

.data           0x1fff8400     0x1640 load address 0x00006470
                0x1fff8400                . = ALIGN (0x4)
                0x1fff8400                __DATA_RAM = .
                0x1fff8400                __data_start__ = .
 *(.data)
 *(.data*)
 .data.peripheralClockConfig.7385
                0x1fff8400       0xa0 ./SDK/platform/drivers/src/clock/S32K1xx/clock_S32K1xx.o
 .data.first_init.6877
                0x1fff84a0        0x1 ./SDK/rtos/osif/osif_baremetal.o
 *fill*         0x1fff84a1        0x3 
 .data.peripheralClockConfig0
                0x1fff84a4       0xa0 ./board/clock_config.o
                0x1fff84a4                peripheralClockConfig0
 .data.clockMan1_InitConfig0
                0x1fff8544       0x88 ./board/clock_config.o
                0x1fff8544                clockMan1_InitConfig0
 .data.lpi2c0_MasterConfig0
                0x1fff85cc       0x14 ./board/peripherals_lpi2c_config_1.o
                0x1fff85cc                lpi2c0_MasterConfig0
 .data.g_pin_mux_InitConfigArr0
                0x1fff85e0       0x60 ./board/pin_mux.o
                0x1fff85e0                g_pin_mux_InitConfigArr0
 .data.reiv_1   0x1fff8640      0x400 ./src/main.o
                0x1fff8640                reiv_1
 .data.reiv_2   0x1fff8a40      0x400 ./src/main.o
                0x1fff8a40                reiv_2
 .data.reiv_3   0x1fff8e40      0x400 ./src/main.o
                0x1fff8e40                reiv_3
 .data.reiv_4   0x1fff9240      0x400 ./src/main.o
                0x1fff9240                reiv_4
 .data.reiv_5   0x1fff9640      0x400 ./src/main.o
                0x1fff9640                reiv_5
                0x1fff9a40                . = ALIGN (0x4)
                0x1fff9a40                __data_end__ = .
                0x00007ab0                __DATA_END = (__DATA_ROM + (__data_end__ - __data_start__))
                0x00007ab0                __CODE_ROM = __DATA_END

.igot.plt       0x1fff9a40        0x0 load address 0x00007ab0
 .igot.plt      0x1fff9a40        0x0 c:/nxp/s32ds.3.4/s32ds/build_tools/gcc_v6.3/gcc-6.3-arm32-eabi/bin/../lib/gcc/arm-none-eabi/6.3.1/thumb/v7e-m/fpv4-sp/hard/crtbegin.o

.code           0x1fff9a40        0x0 load address 0x00007ab0
                0x1fff9a40                . = ALIGN (0x4)
                0x1fff9a40                __CODE_RAM = .
                0x1fff9a40                __code_start__ = .
                0x1fff9a40                __code_ram_start__ = .
 *(.code_ram)
                0x1fff9a40                . = ALIGN (0x4)
                0x1fff9a40                __code_end__ = .
                0x1fff9a40                __code_ram_end__ = .
                0x00007ab0                __CODE_END = (__CODE_ROM + (__code_end__ - __code_start__))
                0x00007ab0                __CUSTOM_ROM = __CODE_END

.customSectionBlock
                0x20000000        0x0 load address 0x00007ab0
                0x20000000                __customSection_start__ = .
 *(.customSection)
                0x20000000                __customSection_end__ = .
                0x00007ab0                __CUSTOM_END = (__CUSTOM_ROM + (__customSection_end__ - __customSection_start__))
                0x00007ab0                __rom_end = __CUSTOM_END

.bss            0x20000000      0x430
                0x20000000                . = ALIGN (0x4)
                0x20000000                __BSS_START = .
                0x20000000                __bss_start__ = .
 *(.bss)
 *(.bss*)
 .bss.GB_SSD1306_Buffer
                0x20000000      0x400 ./Drivers/src/GB_SSD1306.o
 .bss.GB_SSD1306
                0x20000400        0x6 ./Drivers/src/GB_SSD1306.o
 *fill*         0x20000406        0x2 
 .bss.g_TClkFreq
                0x20000408        0xc ./SDK/platform/drivers/src/clock/S32K1xx/clock_S32K1xx.o
                0x20000408                g_TClkFreq
 .bss.g_RtcClkInFreq
                0x20000414        0x4 ./SDK/platform/drivers/src/clock/S32K1xx/clock_S32K1xx.o
                0x20000414                g_RtcClkInFreq
 .bss.g_xtal0ClkFreq
                0x20000418        0x4 ./SDK/platform/drivers/src/clock/S32K1xx/clock_S32K1xx.o
                0x20000418                g_xtal0ClkFreq
 .bss.s_virtEdmaState
                0x2000041c        0x4 ./SDK/platform/drivers/src/edma/edma_driver.o
 .bss.g_interruptDisableCount
                0x20000420        0x4 ./SDK/platform/drivers/src/interrupt/interrupt_manager.o
 .bss.g_lpi2cMasterStatePtr
                0x20000424        0x4 ./SDK/platform/drivers/src/lpi2c/lpi2c_driver.o
 .bss.g_lpi2cSlaveStatePtr
                0x20000428        0x4 ./SDK/platform/drivers/src/lpi2c/lpi2c_driver.o
 .bss.s_osif_tick_cnt
                0x2000042c        0x4 ./SDK/rtos/osif/osif_baremetal.o
 *(COMMON)
                0x20000430                . = ALIGN (0x4)
                0x20000430                __bss_end__ = .
                0x20000430                __BSS_END = .

.heap           0x20000430      0x400
                0x20000430                . = ALIGN (0x8)
                0x20000430                __end__ = .
                0x20000430                __heap_start__ = .
                0x20000430                PROVIDE (end, .)
                [!provide]                PROVIDE (_end, .)
                [!provide]                PROVIDE (__end, .)
                0x20000430                __HeapBase = .
                0x20000830                . = (. + HEAP_SIZE)
 *fill*         0x20000430      0x400 
                0x20000830                __HeapLimit = .
                0x20000830                __heap_limit = .
                0x20000830                __heap_end__ = .
                0x20007000                __StackTop = (ORIGIN (m_data_2) + LENGTH (m_data_2))
                0x20006c00                __StackLimit = (__StackTop - STACK_SIZE)
                0x20007000                PROVIDE (__stack, __StackTop)
                0x20007000                __RAM_END = __StackTop

.stack          0x20006c00      0x400
                0x20006c00                . = ALIGN (0x8)
                0x20006c00                __stack_start__ = .
                0x20007000                . = (. + STACK_SIZE)
 *fill*         0x20006c00      0x400 
                0x20007000                __stack_end__ = .

.ARM.attributes
                0x00000000       0x30
 *(.ARM.attributes)
 .ARM.attributes
                0x00000000       0x22 c:/nxp/s32ds.3.4/s32ds/build_tools/gcc_v6.3/gcc-6.3-arm32-eabi/bin/../lib/gcc/arm-none-eabi/6.3.1/thumb/v7e-m/fpv4-sp/hard/crti.o
 .ARM.attributes
                0x00000022       0x39 ./Drivers/src/GB_SSD1306.o
 .ARM.attributes
                0x0000005b       0x1f ./Project_Settings/Startup_Code/startup_S32K144.o
 .ARM.attributes
                0x0000007a       0x39 ./SDK/platform/devices/S32K144/startup/system_S32K144.o
 .ARM.attributes
                0x000000b3       0x39 ./SDK/platform/devices/startup.o
 .ARM.attributes
                0x000000ec       0x39 ./SDK/platform/drivers/src/clock/S32K1xx/clock_S32K1xx.o
 .ARM.attributes
                0x00000125       0x39 ./SDK/platform/drivers/src/edma/edma_driver.o
 .ARM.attributes
                0x0000015e       0x39 ./SDK/platform/drivers/src/edma/edma_hw_access.o
 .ARM.attributes
                0x00000197       0x39 ./SDK/platform/drivers/src/edma/edma_irq.o
 .ARM.attributes
                0x000001d0       0x39 ./SDK/platform/drivers/src/interrupt/interrupt_manager.o
 .ARM.attributes
                0x00000209       0x39 ./SDK/platform/drivers/src/lpi2c/lpi2c_driver.o
 .ARM.attributes
                0x00000242       0x39 ./SDK/platform/drivers/src/lpi2c/lpi2c_hw_access.o
 .ARM.attributes
                0x0000027b       0x39 ./SDK/platform/drivers/src/lpi2c/lpi2c_irq.o
 .ARM.attributes
                0x000002b4       0x39 ./SDK/platform/drivers/src/pins/pins_driver.o
 .ARM.attributes
                0x000002ed       0x39 ./SDK/platform/drivers/src/pins/pins_port_hw_access.o
 .ARM.attributes
                0x00000326       0x39 ./SDK/rtos/osif/osif_baremetal.o
 .ARM.attributes
                0x0000035f       0x39 ./board/clock_config.o
 .ARM.attributes
                0x00000398       0x39 ./board/peripherals_lpi2c_config_1.o
 .ARM.attributes
                0x000003d1       0x39 ./board/pin_mux.o
 .ARM.attributes
                0x0000040a       0x39 ./src/main.o
 .ARM.attributes
                0x00000443       0x34 C:/NXP/S32DS.3.4/S32DS/build_tools/gcc_v6.3/gcc-6.3-arm32-eabi/arm-none-eabi/newlib/lib/thumb/v7e-m/fpv4-sp/hard\libc_nano.a(lib_a-memcpy-stub.o)
 .ARM.attributes
                0x00000477       0x34 C:/NXP/S32DS.3.4/S32DS/build_tools/gcc_v6.3/gcc-6.3-arm32-eabi/arm-none-eabi/newlib/lib/thumb/v7e-m/fpv4-sp/hard\libc_nano.a(lib_a-memset.o)
                0x00000001                ASSERT ((__rom_end <= (ORIGIN (m_text) + LENGTH (m_text))), Region m_text overflowed!)
                0x00000001                ASSERT ((__StackLimit >= __HeapLimit), region m_data_2 overflowed with stack and heap)
OUTPUT(S32K144_OLEDSCR_I2C_SSD1306.elf elf32-littlearm)

.debug_info     0x00000000    0x14f15
 .debug_info    0x00000000     0x2a0e ./Drivers/src/GB_SSD1306.o
 .debug_info    0x00002a0e       0x26 ./Project_Settings/Startup_Code/startup_S32K144.o
 .debug_info    0x00002a34      0x51e ./SDK/platform/devices/S32K144/startup/system_S32K144.o
 .debug_info    0x00002f52      0x46d ./SDK/platform/devices/startup.o
 .debug_info    0x000033bf     0x4030 ./SDK/platform/drivers/src/clock/S32K1xx/clock_S32K1xx.o
 .debug_info    0x000073ef     0x2a15 ./SDK/platform/drivers/src/edma/edma_driver.o
 .debug_info    0x00009e04      0x936 ./SDK/platform/drivers/src/edma/edma_hw_access.o
 .debug_info    0x0000a73a      0x53e ./SDK/platform/drivers/src/edma/edma_irq.o
 .debug_info    0x0000ac78      0x9a7 ./SDK/platform/drivers/src/interrupt/interrupt_manager.o
 .debug_info    0x0000b61f     0x333c ./SDK/platform/drivers/src/lpi2c/lpi2c_driver.o
 .debug_info    0x0000e95b      0x3e9 ./SDK/platform/drivers/src/lpi2c/lpi2c_hw_access.o
 .debug_info    0x0000ed44       0x9c ./SDK/platform/drivers/src/lpi2c/lpi2c_irq.o
 .debug_info    0x0000ede0     0x1143 ./SDK/platform/drivers/src/pins/pins_driver.o
 .debug_info    0x0000ff23      0x862 ./SDK/platform/drivers/src/pins/pins_port_hw_access.o
 .debug_info    0x00010785      0x914 ./SDK/rtos/osif/osif_baremetal.o
 .debug_info    0x00011099     0x12b5 ./board/clock_config.o
 .debug_info    0x0001234e      0x1c9 ./board/peripherals_lpi2c_config_1.o
 .debug_info    0x00012517      0x405 ./board/pin_mux.o
 .debug_info    0x0001291c     0x25f9 ./src/main.o

.debug_abbrev   0x00000000     0x1ea0
 .debug_abbrev  0x00000000      0x2e7 ./Drivers/src/GB_SSD1306.o
 .debug_abbrev  0x000002e7       0x14 ./Project_Settings/Startup_Code/startup_S32K144.o
 .debug_abbrev  0x000002fb      0x122 ./SDK/platform/devices/S32K144/startup/system_S32K144.o
 .debug_abbrev  0x0000041d      0x105 ./SDK/platform/devices/startup.o
 .debug_abbrev  0x00000522      0x2ca ./SDK/platform/drivers/src/clock/S32K1xx/clock_S32K1xx.o
 .debug_abbrev  0x000007ec      0x2ac ./SDK/platform/drivers/src/edma/edma_driver.o
 .debug_abbrev  0x00000a98      0x1c9 ./SDK/platform/drivers/src/edma/edma_hw_access.o
 .debug_abbrev  0x00000c61      0x166 ./SDK/platform/drivers/src/edma/edma_irq.o
 .debug_abbrev  0x00000dc7      0x1b3 ./SDK/platform/drivers/src/interrupt/interrupt_manager.o
 .debug_abbrev  0x00000f7a      0x2f5 ./SDK/platform/drivers/src/lpi2c/lpi2c_driver.o
 .debug_abbrev  0x0000126f      0x13a ./SDK/platform/drivers/src/lpi2c/lpi2c_hw_access.o
 .debug_abbrev  0x000013a9       0x42 ./SDK/platform/drivers/src/lpi2c/lpi2c_irq.o
 .debug_abbrev  0x000013eb      0x23a ./SDK/platform/drivers/src/pins/pins_driver.o
 .debug_abbrev  0x00001625      0x191 ./SDK/platform/drivers/src/pins/pins_port_hw_access.o
 .debug_abbrev  0x000017b6      0x229 ./SDK/rtos/osif/osif_baremetal.o
 .debug_abbrev  0x000019df      0x122 ./board/clock_config.o
 .debug_abbrev  0x00001b01       0xa5 ./board/peripherals_lpi2c_config_1.o
 .debug_abbrev  0x00001ba6       0xca ./board/pin_mux.o
 .debug_abbrev  0x00001c70      0x230 ./src/main.o

.debug_aranges  0x00000000     0x1048
 .debug_aranges
                0x00000000       0xd0 ./Drivers/src/GB_SSD1306.o
 .debug_aranges
                0x000000d0       0x20 ./Project_Settings/Startup_Code/startup_S32K144.o
 .debug_aranges
                0x000000f0       0x30 ./SDK/platform/devices/S32K144/startup/system_S32K144.o
 .debug_aranges
                0x00000120       0x20 ./SDK/platform/devices/startup.o
 .debug_aranges
                0x00000140      0x498 ./SDK/platform/drivers/src/clock/S32K1xx/clock_S32K1xx.o
 .debug_aranges
                0x000005d8      0x220 ./SDK/platform/drivers/src/edma/edma_driver.o
 .debug_aranges
                0x000007f8       0x88 ./SDK/platform/drivers/src/edma/edma_hw_access.o
 .debug_aranges
                0x00000880       0xa8 ./SDK/platform/drivers/src/edma/edma_irq.o
 .debug_aranges
                0x00000928       0x70 ./SDK/platform/drivers/src/interrupt/interrupt_manager.o
 .debug_aranges
                0x00000998      0x380 ./SDK/platform/drivers/src/lpi2c/lpi2c_driver.o
 .debug_aranges
                0x00000d18       0x30 ./SDK/platform/drivers/src/lpi2c/lpi2c_hw_access.o
 .debug_aranges
                0x00000d48       0x28 ./SDK/platform/drivers/src/lpi2c/lpi2c_irq.o
 .debug_aranges
                0x00000d70      0x188 ./SDK/platform/drivers/src/pins/pins_driver.o
 .debug_aranges
                0x00000ef8       0x48 ./SDK/platform/drivers/src/pins/pins_port_hw_access.o
 .debug_aranges
                0x00000f40       0x98 ./SDK/rtos/osif/osif_baremetal.o
 .debug_aranges
                0x00000fd8       0x18 ./board/clock_config.o
 .debug_aranges
                0x00000ff0       0x18 ./board/peripherals_lpi2c_config_1.o
 .debug_aranges
                0x00001008       0x18 ./board/pin_mux.o
 .debug_aranges
                0x00001020       0x28 ./src/main.o

.debug_ranges   0x00000000      0xef0
 .debug_ranges  0x00000000       0xc0 ./Drivers/src/GB_SSD1306.o
 .debug_ranges  0x000000c0       0x20 ./SDK/platform/devices/S32K144/startup/system_S32K144.o
 .debug_ranges  0x000000e0       0x10 ./SDK/platform/devices/startup.o
 .debug_ranges  0x000000f0      0x488 ./SDK/platform/drivers/src/clock/S32K1xx/clock_S32K1xx.o
 .debug_ranges  0x00000578      0x210 ./SDK/platform/drivers/src/edma/edma_driver.o
 .debug_ranges  0x00000788       0x78 ./SDK/platform/drivers/src/edma/edma_hw_access.o
 .debug_ranges  0x00000800       0x98 ./SDK/platform/drivers/src/edma/edma_irq.o
 .debug_ranges  0x00000898       0x60 ./SDK/platform/drivers/src/interrupt/interrupt_manager.o
 .debug_ranges  0x000008f8      0x370 ./SDK/platform/drivers/src/lpi2c/lpi2c_driver.o
 .debug_ranges  0x00000c68       0x20 ./SDK/platform/drivers/src/lpi2c/lpi2c_hw_access.o
 .debug_ranges  0x00000c88       0x18 ./SDK/platform/drivers/src/lpi2c/lpi2c_irq.o
 .debug_ranges  0x00000ca0      0x178 ./SDK/platform/drivers/src/pins/pins_driver.o
 .debug_ranges  0x00000e18       0x38 ./SDK/platform/drivers/src/pins/pins_port_hw_access.o
 .debug_ranges  0x00000e50       0x88 ./SDK/rtos/osif/osif_baremetal.o
 .debug_ranges  0x00000ed8       0x18 ./src/main.o

.debug_line     0x00000000     0x617d
 .debug_line    0x00000000      0x731 ./Drivers/src/GB_SSD1306.o
 .debug_line    0x00000731       0x82 ./Project_Settings/Startup_Code/startup_S32K144.o
 .debug_line    0x000007b3      0x278 ./SDK/platform/devices/S32K144/startup/system_S32K144.o
 .debug_line    0x00000a2b      0x1a8 ./SDK/platform/devices/startup.o
 .debug_line    0x00000bd3     0x16ea ./SDK/platform/drivers/src/clock/S32K1xx/clock_S32K1xx.o
 .debug_line    0x000022bd      0xbd0 ./SDK/platform/drivers/src/edma/edma_driver.o
 .debug_line    0x00002e8d      0x3aa ./SDK/platform/drivers/src/edma/edma_hw_access.o
 .debug_line    0x00003237      0x32a ./SDK/platform/drivers/src/edma/edma_irq.o
 .debug_line    0x00003561      0x392 ./SDK/platform/drivers/src/interrupt/interrupt_manager.o
 .debug_line    0x000038f3      0xe9c ./SDK/platform/drivers/src/lpi2c/lpi2c_driver.o
 .debug_line    0x0000478f      0x1fd ./SDK/platform/drivers/src/lpi2c/lpi2c_hw_access.o
 .debug_line    0x0000498c       0x72 ./SDK/platform/drivers/src/lpi2c/lpi2c_irq.o
 .debug_line    0x000049fe      0x624 ./SDK/platform/drivers/src/pins/pins_driver.o
 .debug_line    0x00005022      0x2f2 ./SDK/platform/drivers/src/pins/pins_port_hw_access.o
 .debug_line    0x00005314      0x3c0 ./SDK/rtos/osif/osif_baremetal.o
 .debug_line    0x000056d4      0x257 ./board/clock_config.o
 .debug_line    0x0000592b      0x1da ./board/peripherals_lpi2c_config_1.o
 .debug_line    0x00005b05      0x1c1 ./board/pin_mux.o
 .debug_line    0x00005cc6      0x4b7 ./src/main.o

.debug_str      0x00000000     0x9002
 .debug_str     0x00000000     0x3493 ./Drivers/src/GB_SSD1306.o
                               0x35b2 (size before relaxing)
 .debug_str     0x00003493       0x3f ./Project_Settings/Startup_Code/startup_S32K144.o
                                 0x96 (size before relaxing)
 .debug_str     0x000034d2      0x1f2 ./SDK/platform/devices/S32K144/startup/system_S32K144.o
                                0x4a3 (size before relaxing)
 .debug_str     0x000036c4      0x20c ./SDK/platform/devices/startup.o
                                0x537 (size before relaxing)
 .debug_str     0x000038d0     0x1a7b ./SDK/platform/drivers/src/clock/S32K1xx/clock_S32K1xx.o
                               0x3a4d (size before relaxing)
 .debug_str     0x0000534b     0x15e7 ./SDK/platform/drivers/src/edma/edma_driver.o
                               0x2cfa (size before relaxing)
 .debug_str     0x00006932      0x176 ./SDK/platform/drivers/src/edma/edma_hw_access.o
                                0x854 (size before relaxing)
 .debug_str     0x00006aa8      0x162 ./SDK/platform/drivers/src/edma/edma_irq.o
                                0x521 (size before relaxing)
 .debug_str     0x00006c0a      0x1d6 ./SDK/platform/drivers/src/interrupt/interrupt_manager.o
                                0xbe8 (size before relaxing)
 .debug_str     0x00006de0     0x16bc ./SDK/platform/drivers/src/lpi2c/lpi2c_driver.o
                               0x3337 (size before relaxing)
 .debug_str     0x0000849c       0x7a ./SDK/platform/drivers/src/lpi2c/lpi2c_hw_access.o
                                0x438 (size before relaxing)
 .debug_str     0x00008516       0x5f ./SDK/platform/drivers/src/lpi2c/lpi2c_irq.o
                                0x2c5 (size before relaxing)
 .debug_str     0x00008575      0x591 ./SDK/platform/drivers/src/pins/pins_driver.o
                               0x145f (size before relaxing)
 .debug_str     0x00008b06      0x1f1 ./SDK/platform/drivers/src/pins/pins_port_hw_access.o
                                0x996 (size before relaxing)
 .debug_str     0x00008cf7      0x1d4 ./SDK/rtos/osif/osif_baremetal.o
                               0x1107 (size before relaxing)
 .debug_str     0x00008ecb       0x18 ./board/clock_config.o
                               0x23aa (size before relaxing)
 .debug_str     0x00008ee3       0x26 ./board/peripherals_lpi2c_config_1.o
                                0x410 (size before relaxing)
 .debug_str     0x00008f09       0x13 ./board/pin_mux.o
                                0x65a (size before relaxing)
 .debug_str     0x00008f1c       0xe6 ./src/main.o
                               0x32ef (size before relaxing)

.comment        0x00000000       0xa0
 .comment       0x00000000       0xa0 ./Drivers/src/GB_SSD1306.o
                                 0xa1 (size before relaxing)
 .comment       0x000000a0       0xa1 ./SDK/platform/devices/S32K144/startup/system_S32K144.o
 .comment       0x000000a0       0xa1 ./SDK/platform/devices/startup.o
 .comment       0x000000a0       0xa1 ./SDK/platform/drivers/src/clock/S32K1xx/clock_S32K1xx.o
 .comment       0x000000a0       0xa1 ./SDK/platform/drivers/src/edma/edma_driver.o
 .comment       0x000000a0       0xa1 ./SDK/platform/drivers/src/edma/edma_hw_access.o
 .comment       0x000000a0       0xa1 ./SDK/platform/drivers/src/edma/edma_irq.o
 .comment       0x000000a0       0xa1 ./SDK/platform/drivers/src/interrupt/interrupt_manager.o
 .comment       0x000000a0       0xa1 ./SDK/platform/drivers/src/lpi2c/lpi2c_driver.o
 .comment       0x000000a0       0xa1 ./SDK/platform/drivers/src/lpi2c/lpi2c_hw_access.o
 .comment       0x000000a0       0xa1 ./SDK/platform/drivers/src/lpi2c/lpi2c_irq.o
 .comment       0x000000a0       0xa1 ./SDK/platform/drivers/src/pins/pins_driver.o
 .comment       0x000000a0       0xa1 ./SDK/platform/drivers/src/pins/pins_port_hw_access.o
 .comment       0x000000a0       0xa1 ./SDK/rtos/osif/osif_baremetal.o
 .comment       0x000000a0       0xa1 ./board/clock_config.o
 .comment       0x000000a0       0xa1 ./board/peripherals_lpi2c_config_1.o
 .comment       0x000000a0       0xa1 ./board/pin_mux.o
 .comment       0x000000a0       0xa1 ./src/main.o

.debug_frame    0x00000000     0x45c4
 .debug_frame   0x00000000      0x364 ./Drivers/src/GB_SSD1306.o
 .debug_frame   0x00000364       0x80 ./SDK/platform/devices/S32K144/startup/system_S32K144.o
 .debug_frame   0x000003e4       0x38 ./SDK/platform/devices/startup.o
 .debug_frame   0x0000041c     0x15d8 ./SDK/platform/drivers/src/clock/S32K1xx/clock_S32K1xx.o
 .debug_frame   0x000019f4      0x9bc ./SDK/platform/drivers/src/edma/edma_driver.o
 .debug_frame   0x000023b0      0x23c ./SDK/platform/drivers/src/edma/edma_hw_access.o
 .debug_frame   0x000025ec      0x21c ./SDK/platform/drivers/src/edma/edma_irq.o
 .debug_frame   0x00002808      0x1b8 ./SDK/platform/drivers/src/interrupt/interrupt_manager.o
 .debug_frame   0x000029c0     0x1088 ./SDK/platform/drivers/src/lpi2c/lpi2c_driver.o
 .debug_frame   0x00003a48       0x84 ./SDK/platform/drivers/src/lpi2c/lpi2c_hw_access.o
 .debug_frame   0x00003acc       0x48 ./SDK/platform/drivers/src/lpi2c/lpi2c_irq.o
 .debug_frame   0x00003b14      0x6dc ./SDK/platform/drivers/src/pins/pins_driver.o
 .debug_frame   0x000041f0       0xf8 ./SDK/platform/drivers/src/pins/pins_port_hw_access.o
 .debug_frame   0x000042e8      0x23c ./SDK/rtos/osif/osif_baremetal.o
 .debug_frame   0x00004524       0x58 ./src/main.o
 .debug_frame   0x0000457c       0x28 C:/NXP/S32DS.3.4/S32DS/build_tools/gcc_v6.3/gcc-6.3-arm32-eabi/arm-none-eabi/newlib/lib/thumb/v7e-m/fpv4-sp/hard\libc_nano.a(lib_a-memcpy-stub.o)
 .debug_frame   0x000045a4       0x20 C:/NXP/S32DS.3.4/S32DS/build_tools/gcc_v6.3/gcc-6.3-arm32-eabi/arm-none-eabi/newlib/lib/thumb/v7e-m/fpv4-sp/hard\libc_nano.a(lib_a-memset.o)
