Archive member included to satisfy reference by file (symbol)

C:/NXP/S32DS.3.4/S32DS/build_tools/gcc_v6.3/gcc-6.3-arm32-eabi/arm-none-eabi/newlib/lib/thumb/v7e-m/fpv4-sp/hard\libc_nano.a(lib_a-exit.o)
                              C:/NXP/S32DS.3.4/S32DS/build_tools/gcc_v6.3/gcc-6.3-arm32-eabi/arm-none-eabi/newlib/lib/thumb/v7e-m/fpv4-sp/hard/crt0.o (exit)
C:/NXP/S32DS.3.4/S32DS/build_tools/gcc_v6.3/gcc-6.3-arm32-eabi/arm-none-eabi/newlib/lib/thumb/v7e-m/fpv4-sp/hard\libc_nano.a(lib_a-impure.o)
                              C:/NXP/S32DS.3.4/S32DS/build_tools/gcc_v6.3/gcc-6.3-arm32-eabi/arm-none-eabi/newlib/lib/thumb/v7e-m/fpv4-sp/hard\libc_nano.a(lib_a-exit.o) (_global_impure_ptr)
C:/NXP/S32DS.3.4/S32DS/build_tools/gcc_v6.3/gcc-6.3-arm32-eabi/arm-none-eabi/newlib/lib/thumb/v7e-m/fpv4-sp/hard\libc_nano.a(lib_a-init.o)
                              C:/NXP/S32DS.3.4/S32DS/build_tools/gcc_v6.3/gcc-6.3-arm32-eabi/arm-none-eabi/newlib/lib/thumb/v7e-m/fpv4-sp/hard/crt0.o (__libc_init_array)
C:/NXP/S32DS.3.4/S32DS/build_tools/gcc_v6.3/gcc-6.3-arm32-eabi/arm-none-eabi/newlib/lib/thumb/v7e-m/fpv4-sp/hard\libc_nano.a(lib_a-memset.o)
                              C:/NXP/S32DS.3.4/S32DS/build_tools/gcc_v6.3/gcc-6.3-arm32-eabi/arm-none-eabi/newlib/lib/thumb/v7e-m/fpv4-sp/hard/crt0.o (memset)
C:/NXP/S32DS.3.4/S32DS/build_tools/gcc_v6.3/gcc-6.3-arm32-eabi/arm-none-eabi/newlib/lib/thumb/v7e-m/fpv4-sp/hard\libnosys.a(_exit.o)
                              C:/NXP/S32DS.3.4/S32DS/build_tools/gcc_v6.3/gcc-6.3-arm32-eabi/arm-none-eabi/newlib/lib/thumb/v7e-m/fpv4-sp/hard\libc_nano.a(lib_a-exit.o) (_exit)

Discarded input sections

 .text          0x00000000        0x0 c:/nxp/s32ds.3.4/s32ds/build_tools/gcc_v6.3/gcc-6.3-arm32-eabi/bin/../lib/gcc/arm-none-eabi/6.3.1/thumb/v7e-m/fpv4-sp/hard/crti.o
 .data          0x00000000        0x0 c:/nxp/s32ds.3.4/s32ds/build_tools/gcc_v6.3/gcc-6.3-arm32-eabi/bin/../lib/gcc/arm-none-eabi/6.3.1/thumb/v7e-m/fpv4-sp/hard/crti.o
 .bss           0x00000000        0x0 c:/nxp/s32ds.3.4/s32ds/build_tools/gcc_v6.3/gcc-6.3-arm32-eabi/bin/../lib/gcc/arm-none-eabi/6.3.1/thumb/v7e-m/fpv4-sp/hard/crti.o
 .text          0x00000000       0xa4 c:/nxp/s32ds.3.4/s32ds/build_tools/gcc_v6.3/gcc-6.3-arm32-eabi/bin/../lib/gcc/arm-none-eabi/6.3.1/thumb/v7e-m/fpv4-sp/hard/crtbegin.o
 .data          0x00000000        0x4 c:/nxp/s32ds.3.4/s32ds/build_tools/gcc_v6.3/gcc-6.3-arm32-eabi/bin/../lib/gcc/arm-none-eabi/6.3.1/thumb/v7e-m/fpv4-sp/hard/crtbegin.o
 .bss           0x00000000       0x1c c:/nxp/s32ds.3.4/s32ds/build_tools/gcc_v6.3/gcc-6.3-arm32-eabi/bin/../lib/gcc/arm-none-eabi/6.3.1/thumb/v7e-m/fpv4-sp/hard/crtbegin.o
 .init_array    0x00000000        0x4 c:/nxp/s32ds.3.4/s32ds/build_tools/gcc_v6.3/gcc-6.3-arm32-eabi/bin/../lib/gcc/arm-none-eabi/6.3.1/thumb/v7e-m/fpv4-sp/hard/crtbegin.o
 .fini_array    0x00000000        0x4 c:/nxp/s32ds.3.4/s32ds/build_tools/gcc_v6.3/gcc-6.3-arm32-eabi/bin/../lib/gcc/arm-none-eabi/6.3.1/thumb/v7e-m/fpv4-sp/hard/crtbegin.o
 .eh_frame      0x00000000        0x0 c:/nxp/s32ds.3.4/s32ds/build_tools/gcc_v6.3/gcc-6.3-arm32-eabi/bin/../lib/gcc/arm-none-eabi/6.3.1/thumb/v7e-m/fpv4-sp/hard/crtbegin.o
 .jcr           0x00000000        0x0 c:/nxp/s32ds.3.4/s32ds/build_tools/gcc_v6.3/gcc-6.3-arm32-eabi/bin/../lib/gcc/arm-none-eabi/6.3.1/thumb/v7e-m/fpv4-sp/hard/crtbegin.o
 .tm_clone_table
                0x00000000        0x0 c:/nxp/s32ds.3.4/s32ds/build_tools/gcc_v6.3/gcc-6.3-arm32-eabi/bin/../lib/gcc/arm-none-eabi/6.3.1/thumb/v7e-m/fpv4-sp/hard/crtbegin.o
 .comment       0x00000000       0xa1 c:/nxp/s32ds.3.4/s32ds/build_tools/gcc_v6.3/gcc-6.3-arm32-eabi/bin/../lib/gcc/arm-none-eabi/6.3.1/thumb/v7e-m/fpv4-sp/hard/crtbegin.o
 .ARM.attributes
                0x00000000       0x34 c:/nxp/s32ds.3.4/s32ds/build_tools/gcc_v6.3/gcc-6.3-arm32-eabi/bin/../lib/gcc/arm-none-eabi/6.3.1/thumb/v7e-m/fpv4-sp/hard/crtbegin.o
 .text          0x00000000       0x74 C:/NXP/S32DS.3.4/S32DS/build_tools/gcc_v6.3/gcc-6.3-arm32-eabi/arm-none-eabi/newlib/lib/thumb/v7e-m/fpv4-sp/hard/crt0.o
 .data          0x00000000        0x0 C:/NXP/S32DS.3.4/S32DS/build_tools/gcc_v6.3/gcc-6.3-arm32-eabi/arm-none-eabi/newlib/lib/thumb/v7e-m/fpv4-sp/hard/crt0.o
 .bss           0x00000000        0x0 C:/NXP/S32DS.3.4/S32DS/build_tools/gcc_v6.3/gcc-6.3-arm32-eabi/arm-none-eabi/newlib/lib/thumb/v7e-m/fpv4-sp/hard/crt0.o
 .ARM.extab     0x00000000        0x0 C:/NXP/S32DS.3.4/S32DS/build_tools/gcc_v6.3/gcc-6.3-arm32-eabi/arm-none-eabi/newlib/lib/thumb/v7e-m/fpv4-sp/hard/crt0.o
 .ARM.exidx     0x00000000        0x8 C:/NXP/S32DS.3.4/S32DS/build_tools/gcc_v6.3/gcc-6.3-arm32-eabi/arm-none-eabi/newlib/lib/thumb/v7e-m/fpv4-sp/hard/crt0.o
 .ARM.attributes
                0x00000000       0x20 C:/NXP/S32DS.3.4/S32DS/build_tools/gcc_v6.3/gcc-6.3-arm32-eabi/arm-none-eabi/newlib/lib/thumb/v7e-m/fpv4-sp/hard/crt0.o
 .data          0x00000000        0x0 ./Project_Settings/Startup_Code/startup_S32K144.o
 .bss           0x00000000        0x0 ./Project_Settings/Startup_Code/startup_S32K144.o
 .text          0x00000000        0x0 ./S&M_Driv/src/ST7789_low_level.o
 .data          0x00000000        0x0 ./S&M_Driv/src/ST7789_low_level.o
 .bss           0x00000000        0x0 ./S&M_Driv/src/ST7789_low_level.o
 .text          0x00000000        0x0 ./SDK/platform/devices/S32K144/startup/system_S32K144.o
 .data          0x00000000        0x0 ./SDK/platform/devices/S32K144/startup/system_S32K144.o
 .bss           0x00000000        0x0 ./SDK/platform/devices/S32K144/startup/system_S32K144.o
 .text.SystemCoreClockUpdate
                0x00000000       0x88 ./SDK/platform/devices/S32K144/startup/system_S32K144.o
 .text.SystemSoftwareReset
                0x00000000       0x18 ./SDK/platform/devices/S32K144/startup/system_S32K144.o
 .data.SystemCoreClock
                0x00000000        0x4 ./SDK/platform/devices/S32K144/startup/system_S32K144.o
 .text          0x00000000        0x0 ./SDK/platform/devices/startup.o
 .data          0x00000000        0x0 ./SDK/platform/devices/startup.o
 .bss           0x00000000        0x0 ./SDK/platform/devices/startup.o
 .text          0x00000000        0x0 ./SDK/platform/drivers/src/clock/S32K1xx/clock_S32K1xx.o
 .data          0x00000000        0x0 ./SDK/platform/drivers/src/clock/S32K1xx/clock_S32K1xx.o
 .bss           0x00000000        0x0 ./SDK/platform/drivers/src/clock/S32K1xx/clock_S32K1xx.o
 .text.CLOCK_SYS_TransitionToTmpSysClk
                0x00000000       0xee ./SDK/platform/drivers/src/clock/S32K1xx/clock_S32K1xx.o
 .text.CLOCK_SYS_GetCurrentSysClkConfig
                0x00000000       0x5c ./SDK/platform/drivers/src/clock/S32K1xx/clock_S32K1xx.o
 .text.CLOCK_SYS_ConvertAsyncDividerValue
                0x00000000       0x3e ./SDK/platform/drivers/src/clock/S32K1xx/clock_S32K1xx.o
 .text.CLOCK_DRV_SetModuleClock
                0x00000000      0x174 ./SDK/platform/drivers/src/clock/S32K1xx/clock_S32K1xx.o
 .text.CLOCK_DRV_SetSystemClock
                0x00000000      0x124 ./SDK/platform/drivers/src/clock/S32K1xx/clock_S32K1xx.o
 .text.CLOCK_DRV_GetSystemClockSource
                0x00000000       0x5c ./SDK/platform/drivers/src/clock/S32K1xx/clock_S32K1xx.o
 .text.CLOCK_DRV_SetClockSource
                0x00000000      0x298 ./SDK/platform/drivers/src/clock/S32K1xx/clock_S32K1xx.o
 .text.CLOCK_SYS_Init
                0x00000000       0x1c ./SDK/platform/drivers/src/clock/S32K1xx/clock_S32K1xx.o
 .text.CLOCK_SYS_UpdateConfiguration
                0x00000000       0xf8 ./SDK/platform/drivers/src/clock/S32K1xx/clock_S32K1xx.o
 .text.CLOCK_SYS_GetCurrentConfiguration
                0x00000000        0xc ./SDK/platform/drivers/src/clock/S32K1xx/clock_S32K1xx.o
 .text.CLOCK_SYS_GetErrorCallback
                0x00000000       0x1c ./SDK/platform/drivers/src/clock/S32K1xx/clock_S32K1xx.o
 .text.CLOCK_SYS_SetConfiguration
                0x00000000        0x8 ./SDK/platform/drivers/src/clock/S32K1xx/clock_S32K1xx.o
 .bss.g_clockState
                0x00000000       0x10 ./SDK/platform/drivers/src/clock/S32K1xx/clock_S32K1xx.o
 .rodata.sysClkDivMappings.7727
                0x00000000       0x10 ./SDK/platform/drivers/src/clock/S32K1xx/clock_S32K1xx.o
 .rodata.sysClkDivMappings.7805
                0x00000000       0x11 ./SDK/platform/drivers/src/clock/S32K1xx/clock_S32K1xx.o
 .text          0x00000000        0x0 ./SDK/platform/drivers/src/edma/edma_driver.o
 .data          0x00000000        0x0 ./SDK/platform/drivers/src/edma/edma_driver.o
 .bss           0x00000000        0x0 ./SDK/platform/drivers/src/edma/edma_driver.o
 .text.EDMA_DRV_ClearStructure
                0x00000000       0x10 ./SDK/platform/drivers/src/edma/edma_driver.o
 .text.EDMA_DRV_ReleaseChannel
                0x00000000       0x34 ./SDK/platform/drivers/src/edma/edma_driver.o
 .text.EDMA_DRV_Deinit
                0x00000000       0x50 ./SDK/platform/drivers/src/edma/edma_driver.o
 .text.EDMA_DRV_StopChannel
                0x00000000       0x18 ./SDK/platform/drivers/src/edma/edma_driver.o
 .text.EDMA_DRV_SetChannelRequestAndTrigger
                0x00000000       0x44 ./SDK/platform/drivers/src/edma/edma_driver.o
 .text.EDMA_DRV_ChannelInit
                0x00000000       0xa0 ./SDK/platform/drivers/src/edma/edma_driver.o
 .text.EDMA_DRV_Init
                0x00000000       0xb0 ./SDK/platform/drivers/src/edma/edma_driver.o
 .text.EDMA_DRV_ClearTCD
                0x00000000       0x14 ./SDK/platform/drivers/src/edma/edma_driver.o
 .text.EDMA_DRV_SetSrcAddr
                0x00000000       0x14 ./SDK/platform/drivers/src/edma/edma_driver.o
 .text.EDMA_DRV_SetSrcOffset
                0x00000000       0x14 ./SDK/platform/drivers/src/edma/edma_driver.o
 .text.EDMA_DRV_SetSrcReadChunkSize
                0x00000000       0x26 ./SDK/platform/drivers/src/edma/edma_driver.o
 .text.EDMA_DRV_SetSrcLastAddrAdjustment
                0x00000000       0x16 ./SDK/platform/drivers/src/edma/edma_driver.o
 .text.EDMA_DRV_SetDestLastAddrAdjustment
                0x00000000       0x16 ./SDK/platform/drivers/src/edma/edma_driver.o
 .text.EDMA_DRV_SetDestAddr
                0x00000000       0x16 ./SDK/platform/drivers/src/edma/edma_driver.o
 .text.EDMA_DRV_SetDestOffset
                0x00000000       0x18 ./SDK/platform/drivers/src/edma/edma_driver.o
 .text.EDMA_DRV_SetDestWriteChunkSize
                0x00000000       0x24 ./SDK/platform/drivers/src/edma/edma_driver.o
 .text.EDMA_DRV_SetMinorLoopBlockSize
                0x00000000       0x14 ./SDK/platform/drivers/src/edma/edma_driver.o
 .text.EDMA_DRV_SetMajorLoopIterationCount
                0x00000000       0x14 ./SDK/platform/drivers/src/edma/edma_driver.o
 .text.EDMA_DRV_GetRemainingMajorIterationsCount
                0x00000000       0x14 ./SDK/platform/drivers/src/edma/edma_driver.o
 .text.EDMA_DRV_SetScatterGatherLink
                0x00000000       0x14 ./SDK/platform/drivers/src/edma/edma_driver.o
 .text.EDMA_DRV_DisableRequestsOnTransferComplete
                0x00000000       0x38 ./SDK/platform/drivers/src/edma/edma_driver.o
 .text.EDMA_DRV_ConfigureInterrupt
                0x00000000       0x80 ./SDK/platform/drivers/src/edma/edma_driver.o
 .text.EDMA_DRV_CancelTransfer
                0x00000000       0x18 ./SDK/platform/drivers/src/edma/edma_driver.o
 .text.EDMA_DRV_TriggerSwRequest
                0x00000000       0x10 ./SDK/platform/drivers/src/edma/edma_driver.o
 .text.EDMA_DRV_PushConfigToSTCD
                0x00000000       0x8e ./SDK/platform/drivers/src/edma/edma_driver.o
 .text.EDMA_DRV_PushConfigToReg
                0x00000000      0x1d8 ./SDK/platform/drivers/src/edma/edma_driver.o
 .text.EDMA_DRV_ConfigLoopTransfer
                0x00000000       0x28 ./SDK/platform/drivers/src/edma/edma_driver.o
 .text.EDMA_DRV_ConfigScatterGatherTransfer
                0x00000000      0x194 ./SDK/platform/drivers/src/edma/edma_driver.o
 .text.EDMA_DRV_GetChannelStatus
                0x00000000       0x10 ./SDK/platform/drivers/src/edma/edma_driver.o
 .rodata.s_edmaIrqId
                0x00000000       0x10 ./SDK/platform/drivers/src/edma/edma_driver.o
 .text          0x00000000        0x0 ./SDK/platform/drivers/src/edma/edma_hw_access.o
 .data          0x00000000        0x0 ./SDK/platform/drivers/src/edma/edma_hw_access.o
 .bss           0x00000000        0x0 ./SDK/platform/drivers/src/edma/edma_hw_access.o
 .text.EDMA_CancelTransfer
                0x00000000       0x12 ./SDK/platform/drivers/src/edma/edma_hw_access.o
 .text.EDMA_CancelTransferWithError
                0x00000000       0x12 ./SDK/platform/drivers/src/edma/edma_hw_access.o
 .text.EDMA_SetErrorIntCmd
                0x00000000        0xa ./SDK/platform/drivers/src/edma/edma_hw_access.o
 .text.EDMA_Init
                0x00000000       0x22 ./SDK/platform/drivers/src/edma/edma_hw_access.o
 .text.EDMA_TCDSetMinorLoopOffset
                0x00000000       0x44 ./SDK/platform/drivers/src/edma/edma_hw_access.o
 .text.EDMA_TCDSetScatterGatherLink
                0x00000000        0xc ./SDK/platform/drivers/src/edma/edma_hw_access.o
 .text.EDMA_TCDSetChannelMinorLink
                0x00000000       0x6a ./SDK/platform/drivers/src/edma/edma_hw_access.o
 .text.EDMA_TCDGetCurrentMajorCount
                0x00000000       0x2c ./SDK/platform/drivers/src/edma/edma_hw_access.o
 .text.DMAMUX_Init
                0x00000000        0xe ./SDK/platform/drivers/src/edma/edma_hw_access.o
 .text          0x00000000        0x0 ./SDK/platform/drivers/src/edma/edma_irq.o
 .data          0x00000000        0x0 ./SDK/platform/drivers/src/edma/edma_irq.o
 .bss           0x00000000        0x0 ./SDK/platform/drivers/src/edma/edma_irq.o
 .text          0x00000000        0x0 ./SDK/platform/drivers/src/interrupt/interrupt_manager.o
 .data          0x00000000        0x0 ./SDK/platform/drivers/src/interrupt/interrupt_manager.o
 .bss           0x00000000        0x0 ./SDK/platform/drivers/src/interrupt/interrupt_manager.o
 .text.INT_SYS_InstallHandler
                0x00000000       0x40 ./SDK/platform/drivers/src/interrupt/interrupt_manager.o
 .text.INT_SYS_DisableIRQ
                0x00000000       0x1c ./SDK/platform/drivers/src/interrupt/interrupt_manager.o
 .text.INT_SYS_SetPriority
                0x00000000       0x58 ./SDK/platform/drivers/src/interrupt/interrupt_manager.o
 .text.INT_SYS_GetPriority
                0x00000000       0x44 ./SDK/platform/drivers/src/interrupt/interrupt_manager.o
 .text.INT_SYS_ClearPending
                0x00000000       0x1c ./SDK/platform/drivers/src/interrupt/interrupt_manager.o
 .text.INT_SYS_SetPending
                0x00000000       0x1c ./SDK/platform/drivers/src/interrupt/interrupt_manager.o
 .text.INT_SYS_GetPending
                0x00000000       0x1c ./SDK/platform/drivers/src/interrupt/interrupt_manager.o
 .text.INT_SYS_GetActive
                0x00000000       0x1c ./SDK/platform/drivers/src/interrupt/interrupt_manager.o
 .text          0x00000000        0x0 ./SDK/platform/drivers/src/lpspi/lpspi_hw_access.o
 .data          0x00000000        0x0 ./SDK/platform/drivers/src/lpspi/lpspi_hw_access.o
 .bss           0x00000000        0x0 ./SDK/platform/drivers/src/lpspi/lpspi_hw_access.o
 .text          0x00000000        0x0 ./SDK/platform/drivers/src/lpspi/lpspi_irq.o
 .data          0x00000000        0x0 ./SDK/platform/drivers/src/lpspi/lpspi_irq.o
 .bss           0x00000000        0x0 ./SDK/platform/drivers/src/lpspi/lpspi_irq.o
 .text          0x00000000        0x0 ./SDK/platform/drivers/src/lpspi/lpspi_master_driver.o
 .data          0x00000000        0x0 ./SDK/platform/drivers/src/lpspi/lpspi_master_driver.o
 .bss           0x00000000        0x0 ./SDK/platform/drivers/src/lpspi/lpspi_master_driver.o
 .text.LPSPI_DRV_MasterGetDefaultConfig
                0x00000000       0x30 ./SDK/platform/drivers/src/lpspi/lpspi_master_driver.o
 .text.LPSPI_DRV_MasterDeinit
                0x00000000       0x38 ./SDK/platform/drivers/src/lpspi/lpspi_master_driver.o
 .text.LPSPI_DRV_MasterSetDelay
                0x00000000       0x50 ./SDK/platform/drivers/src/lpspi/lpspi_master_driver.o
 .text.LPSPI_DRV_MasterTransferBlocking
                0x00000000       0xc0 ./SDK/platform/drivers/src/lpspi/lpspi_master_driver.o
 .text          0x00000000        0x0 ./SDK/platform/drivers/src/lpspi/lpspi_shared_function.o
 .data          0x00000000        0x0 ./SDK/platform/drivers/src/lpspi/lpspi_shared_function.o
 .bss           0x00000000        0x0 ./SDK/platform/drivers/src/lpspi/lpspi_shared_function.o
 .text          0x00000000        0x0 ./SDK/platform/drivers/src/lpspi/lpspi_slave_driver.o
 .data          0x00000000        0x0 ./SDK/platform/drivers/src/lpspi/lpspi_slave_driver.o
 .bss           0x00000000        0x0 ./SDK/platform/drivers/src/lpspi/lpspi_slave_driver.o
 .text.LPSPI_DRV_SlaveGetDefaultConfig
                0x00000000       0x1e ./SDK/platform/drivers/src/lpspi/lpspi_slave_driver.o
 .text.LPSPI_DRV_SlaveInit
                0x00000000       0xfc ./SDK/platform/drivers/src/lpspi/lpspi_slave_driver.o
 .text.LPSPI_DRV_SlaveDeinit
                0x00000000       0x3c ./SDK/platform/drivers/src/lpspi/lpspi_slave_driver.o
 .text.LPSPI_DRV_SlaveTransfer
                0x00000000      0x238 ./SDK/platform/drivers/src/lpspi/lpspi_slave_driver.o
 .text.LPSPI_DRV_SlaveTransferBlocking
                0x00000000       0x88 ./SDK/platform/drivers/src/lpspi/lpspi_slave_driver.o
 .text.LPSPI_DRV_SlaveCompleteDMATransfer
                0x00000000       0x44 ./SDK/platform/drivers/src/lpspi/lpspi_slave_driver.o
 .text.LPSPI_DRV_SlaveGetTransferStatus
                0x00000000       0x2c ./SDK/platform/drivers/src/lpspi/lpspi_slave_driver.o
 .text          0x00000000        0x0 ./SDK/platform/drivers/src/pins/pins_driver.o
 .data          0x00000000        0x0 ./SDK/platform/drivers/src/pins/pins_driver.o
 .bss           0x00000000        0x0 ./SDK/platform/drivers/src/pins/pins_driver.o
 .text.PINS_DRV_SetPullSel
                0x00000000       0x3a ./SDK/platform/drivers/src/pins/pins_driver.o
 .text.PINS_DRV_SetMuxModeSel
                0x00000000        0x8 ./SDK/platform/drivers/src/pins/pins_driver.o
 .text.PINS_DRV_SetPinIntSel
                0x00000000       0x16 ./SDK/platform/drivers/src/pins/pins_driver.o
 .text.PINS_DRV_GetPinIntSel
                0x00000000        0xa ./SDK/platform/drivers/src/pins/pins_driver.o
 .text.PINS_DRV_ClearPinIntFlagCmd
                0x00000000        0xe ./SDK/platform/drivers/src/pins/pins_driver.o
 .text.PINS_DRV_EnableDigitalFilter
                0x00000000       0x12 ./SDK/platform/drivers/src/pins/pins_driver.o
 .text.PINS_DRV_DisableDigitalFilter
                0x00000000       0x14 ./SDK/platform/drivers/src/pins/pins_driver.o
 .text.PINS_DRV_ConfigDigitalFilter
                0x00000000       0x16 ./SDK/platform/drivers/src/pins/pins_driver.o
 .text.PINS_DRV_GetPortIntFlag
                0x00000000        0x6 ./SDK/platform/drivers/src/pins/pins_driver.o
 .text.PINS_DRV_ClearPortIntFlagCmd
                0x00000000        0xa ./SDK/platform/drivers/src/pins/pins_driver.o
 .text.PINS_DRV_GetPinsDirection
                0x00000000        0x4 ./SDK/platform/drivers/src/pins/pins_driver.o
 .text.PINS_DRV_SetPinDirection
                0x00000000       0x18 ./SDK/platform/drivers/src/pins/pins_driver.o
 .text.PINS_DRV_SetPinsDirection
                0x00000000        0x4 ./SDK/platform/drivers/src/pins/pins_driver.o
 .text.PINS_DRV_SetPortInputDisable
                0x00000000        0x4 ./SDK/platform/drivers/src/pins/pins_driver.o
 .text.PINS_DRV_GetPortInputDisable
                0x00000000        0x4 ./SDK/platform/drivers/src/pins/pins_driver.o
 .text.PINS_DRV_SetGlobalPinControl
                0x00000000        0x8 ./SDK/platform/drivers/src/pins/pins_driver.o
 .text.PINS_DRV_SetGlobalIntControl
                0x00000000        0x8 ./SDK/platform/drivers/src/pins/pins_driver.o
 .text.PINS_DRV_WritePins
                0x00000000        0x4 ./SDK/platform/drivers/src/pins/pins_driver.o
 .text.PINS_DRV_GetPinsOutput
                0x00000000        0x4 ./SDK/platform/drivers/src/pins/pins_driver.o
 .text.PINS_DRV_SetPins
                0x00000000        0x4 ./SDK/platform/drivers/src/pins/pins_driver.o
 .text.PINS_DRV_ClearPins
                0x00000000        0x4 ./SDK/platform/drivers/src/pins/pins_driver.o
 .text.PINS_DRV_TogglePins
                0x00000000        0x4 ./SDK/platform/drivers/src/pins/pins_driver.o
 .text.PINS_DRV_ReadPins
                0x00000000        0x4 ./SDK/platform/drivers/src/pins/pins_driver.o
 .text          0x00000000        0x0 ./SDK/platform/drivers/src/pins/pins_port_hw_access.o
 .data          0x00000000        0x0 ./SDK/platform/drivers/src/pins/pins_port_hw_access.o
 .bss           0x00000000        0x0 ./SDK/platform/drivers/src/pins/pins_port_hw_access.o
 .text.PINS_SetMuxModeSel
                0x00000000       0x50 ./SDK/platform/drivers/src/pins/pins_port_hw_access.o
 .text.PINS_SetGlobalPinControl
                0x00000000       0x2c ./SDK/platform/drivers/src/pins/pins_port_hw_access.o
 .text.PINS_SetGlobalIntControl
                0x00000000       0x24 ./SDK/platform/drivers/src/pins/pins_port_hw_access.o
 .text          0x00000000        0x0 ./SDK/rtos/osif/osif_baremetal.o
 .data          0x00000000        0x0 ./SDK/rtos/osif/osif_baremetal.o
 .bss           0x00000000        0x0 ./SDK/rtos/osif/osif_baremetal.o
 .text.OSIF_GetMilliseconds
                0x00000000        0xc ./SDK/rtos/osif/osif_baremetal.o
 .text.OSIF_MutexLock
                0x00000000        0x4 ./SDK/rtos/osif/osif_baremetal.o
 .text.OSIF_MutexUnlock
                0x00000000        0x4 ./SDK/rtos/osif/osif_baremetal.o
 .text.OSIF_MutexCreate
                0x00000000        0x4 ./SDK/rtos/osif/osif_baremetal.o
 .text.OSIF_MutexDestroy
                0x00000000        0x4 ./SDK/rtos/osif/osif_baremetal.o
 .text.OSIF_SemaWait
                0x00000000       0x84 ./SDK/rtos/osif/osif_baremetal.o
 .text.OSIF_SemaDestroy
                0x00000000        0x4 ./SDK/rtos/osif/osif_baremetal.o
 .text          0x00000000        0x0 ./board/clock_config.o
 .data          0x00000000        0x0 ./board/clock_config.o
 .bss           0x00000000        0x0 ./board/clock_config.o
 .bss.g_clockManCallbacksArr
                0x00000000        0x4 ./board/clock_config.o
 .data.g_clockManConfigsArr
                0x00000000        0x4 ./board/clock_config.o
 .text          0x00000000        0x0 ./board/peripherals_ST7789_Interface.o
 .data          0x00000000        0x0 ./board/peripherals_ST7789_Interface.o
 .bss           0x00000000        0x0 ./board/peripherals_ST7789_Interface.o
 .text.GB_MA_SPI_exchange_byte
                0x00000000       0x20 ./board/peripherals_ST7789_Interface.o
 .bss.rx_value.7341
                0x00000000        0x1 ./board/peripherals_ST7789_Interface.o
 .text          0x00000000        0x0 ./board/pin_mux.o
 .data          0x00000000        0x0 ./board/pin_mux.o
 .bss           0x00000000        0x0 ./board/pin_mux.o
 .text          0x00000000        0x0 ./src/main.o
 .data          0x00000000        0x0 ./src/main.o
 .bss           0x00000000        0x0 ./src/main.o
 .text          0x00000000        0x0 C:/NXP/S32DS.3.4/S32DS/build_tools/gcc_v6.3/gcc-6.3-arm32-eabi/arm-none-eabi/newlib/lib/thumb/v7e-m/fpv4-sp/hard\libc_nano.a(lib_a-exit.o)
 .data          0x00000000        0x0 C:/NXP/S32DS.3.4/S32DS/build_tools/gcc_v6.3/gcc-6.3-arm32-eabi/arm-none-eabi/newlib/lib/thumb/v7e-m/fpv4-sp/hard\libc_nano.a(lib_a-exit.o)
 .bss           0x00000000        0x0 C:/NXP/S32DS.3.4/S32DS/build_tools/gcc_v6.3/gcc-6.3-arm32-eabi/arm-none-eabi/newlib/lib/thumb/v7e-m/fpv4-sp/hard\libc_nano.a(lib_a-exit.o)
 .text.exit     0x00000000       0x28 C:/NXP/S32DS.3.4/S32DS/build_tools/gcc_v6.3/gcc-6.3-arm32-eabi/arm-none-eabi/newlib/lib/thumb/v7e-m/fpv4-sp/hard\libc_nano.a(lib_a-exit.o)
 .debug_frame   0x00000000       0x28 C:/NXP/S32DS.3.4/S32DS/build_tools/gcc_v6.3/gcc-6.3-arm32-eabi/arm-none-eabi/newlib/lib/thumb/v7e-m/fpv4-sp/hard\libc_nano.a(lib_a-exit.o)
 .ARM.attributes
                0x00000000       0x34 C:/NXP/S32DS.3.4/S32DS/build_tools/gcc_v6.3/gcc-6.3-arm32-eabi/arm-none-eabi/newlib/lib/thumb/v7e-m/fpv4-sp/hard\libc_nano.a(lib_a-exit.o)
 .text          0x00000000        0x0 C:/NXP/S32DS.3.4/S32DS/build_tools/gcc_v6.3/gcc-6.3-arm32-eabi/arm-none-eabi/newlib/lib/thumb/v7e-m/fpv4-sp/hard\libc_nano.a(lib_a-impure.o)
 .data          0x00000000        0x0 C:/NXP/S32DS.3.4/S32DS/build_tools/gcc_v6.3/gcc-6.3-arm32-eabi/arm-none-eabi/newlib/lib/thumb/v7e-m/fpv4-sp/hard\libc_nano.a(lib_a-impure.o)
 .bss           0x00000000        0x0 C:/NXP/S32DS.3.4/S32DS/build_tools/gcc_v6.3/gcc-6.3-arm32-eabi/arm-none-eabi/newlib/lib/thumb/v7e-m/fpv4-sp/hard\libc_nano.a(lib_a-impure.o)
 .data._impure_ptr
                0x00000000        0x4 C:/NXP/S32DS.3.4/S32DS/build_tools/gcc_v6.3/gcc-6.3-arm32-eabi/arm-none-eabi/newlib/lib/thumb/v7e-m/fpv4-sp/hard\libc_nano.a(lib_a-impure.o)
 .data.impure_data
                0x00000000       0x60 C:/NXP/S32DS.3.4/S32DS/build_tools/gcc_v6.3/gcc-6.3-arm32-eabi/arm-none-eabi/newlib/lib/thumb/v7e-m/fpv4-sp/hard\libc_nano.a(lib_a-impure.o)
 .rodata._global_impure_ptr
                0x00000000        0x4 C:/NXP/S32DS.3.4/S32DS/build_tools/gcc_v6.3/gcc-6.3-arm32-eabi/arm-none-eabi/newlib/lib/thumb/v7e-m/fpv4-sp/hard\libc_nano.a(lib_a-impure.o)
 .ARM.attributes
                0x00000000       0x34 C:/NXP/S32DS.3.4/S32DS/build_tools/gcc_v6.3/gcc-6.3-arm32-eabi/arm-none-eabi/newlib/lib/thumb/v7e-m/fpv4-sp/hard\libc_nano.a(lib_a-impure.o)
 .text          0x00000000        0x0 C:/NXP/S32DS.3.4/S32DS/build_tools/gcc_v6.3/gcc-6.3-arm32-eabi/arm-none-eabi/newlib/lib/thumb/v7e-m/fpv4-sp/hard\libc_nano.a(lib_a-init.o)
 .data          0x00000000        0x0 C:/NXP/S32DS.3.4/S32DS/build_tools/gcc_v6.3/gcc-6.3-arm32-eabi/arm-none-eabi/newlib/lib/thumb/v7e-m/fpv4-sp/hard\libc_nano.a(lib_a-init.o)
 .bss           0x00000000        0x0 C:/NXP/S32DS.3.4/S32DS/build_tools/gcc_v6.3/gcc-6.3-arm32-eabi/arm-none-eabi/newlib/lib/thumb/v7e-m/fpv4-sp/hard\libc_nano.a(lib_a-init.o)
 .text.__libc_init_array
                0x00000000       0x48 C:/NXP/S32DS.3.4/S32DS/build_tools/gcc_v6.3/gcc-6.3-arm32-eabi/arm-none-eabi/newlib/lib/thumb/v7e-m/fpv4-sp/hard\libc_nano.a(lib_a-init.o)
 .debug_frame   0x00000000       0x2c C:/NXP/S32DS.3.4/S32DS/build_tools/gcc_v6.3/gcc-6.3-arm32-eabi/arm-none-eabi/newlib/lib/thumb/v7e-m/fpv4-sp/hard\libc_nano.a(lib_a-init.o)
 .ARM.attributes
                0x00000000       0x34 C:/NXP/S32DS.3.4/S32DS/build_tools/gcc_v6.3/gcc-6.3-arm32-eabi/arm-none-eabi/newlib/lib/thumb/v7e-m/fpv4-sp/hard\libc_nano.a(lib_a-init.o)
 .text          0x00000000        0x0 C:/NXP/S32DS.3.4/S32DS/build_tools/gcc_v6.3/gcc-6.3-arm32-eabi/arm-none-eabi/newlib/lib/thumb/v7e-m/fpv4-sp/hard\libc_nano.a(lib_a-memset.o)
 .data          0x00000000        0x0 C:/NXP/S32DS.3.4/S32DS/build_tools/gcc_v6.3/gcc-6.3-arm32-eabi/arm-none-eabi/newlib/lib/thumb/v7e-m/fpv4-sp/hard\libc_nano.a(lib_a-memset.o)
 .bss           0x00000000        0x0 C:/NXP/S32DS.3.4/S32DS/build_tools/gcc_v6.3/gcc-6.3-arm32-eabi/arm-none-eabi/newlib/lib/thumb/v7e-m/fpv4-sp/hard\libc_nano.a(lib_a-memset.o)
 .text.memset   0x00000000       0x10 C:/NXP/S32DS.3.4/S32DS/build_tools/gcc_v6.3/gcc-6.3-arm32-eabi/arm-none-eabi/newlib/lib/thumb/v7e-m/fpv4-sp/hard\libc_nano.a(lib_a-memset.o)
 .debug_frame   0x00000000       0x20 C:/NXP/S32DS.3.4/S32DS/build_tools/gcc_v6.3/gcc-6.3-arm32-eabi/arm-none-eabi/newlib/lib/thumb/v7e-m/fpv4-sp/hard\libc_nano.a(lib_a-memset.o)
 .ARM.attributes
                0x00000000       0x34 C:/NXP/S32DS.3.4/S32DS/build_tools/gcc_v6.3/gcc-6.3-arm32-eabi/arm-none-eabi/newlib/lib/thumb/v7e-m/fpv4-sp/hard\libc_nano.a(lib_a-memset.o)
 .text          0x00000000        0x0 C:/NXP/S32DS.3.4/S32DS/build_tools/gcc_v6.3/gcc-6.3-arm32-eabi/arm-none-eabi/newlib/lib/thumb/v7e-m/fpv4-sp/hard\libnosys.a(_exit.o)
 .data          0x00000000        0x0 C:/NXP/S32DS.3.4/S32DS/build_tools/gcc_v6.3/gcc-6.3-arm32-eabi/arm-none-eabi/newlib/lib/thumb/v7e-m/fpv4-sp/hard\libnosys.a(_exit.o)
 .bss           0x00000000        0x0 C:/NXP/S32DS.3.4/S32DS/build_tools/gcc_v6.3/gcc-6.3-arm32-eabi/arm-none-eabi/newlib/lib/thumb/v7e-m/fpv4-sp/hard\libnosys.a(_exit.o)
 .text._exit    0x00000000        0x2 C:/NXP/S32DS.3.4/S32DS/build_tools/gcc_v6.3/gcc-6.3-arm32-eabi/arm-none-eabi/newlib/lib/thumb/v7e-m/fpv4-sp/hard\libnosys.a(_exit.o)
 .debug_frame   0x00000000       0x20 C:/NXP/S32DS.3.4/S32DS/build_tools/gcc_v6.3/gcc-6.3-arm32-eabi/arm-none-eabi/newlib/lib/thumb/v7e-m/fpv4-sp/hard\libnosys.a(_exit.o)
 .ARM.attributes
                0x00000000       0x34 C:/NXP/S32DS.3.4/S32DS/build_tools/gcc_v6.3/gcc-6.3-arm32-eabi/arm-none-eabi/newlib/lib/thumb/v7e-m/fpv4-sp/hard\libnosys.a(_exit.o)
 .text          0x00000000        0x0 c:/nxp/s32ds.3.4/s32ds/build_tools/gcc_v6.3/gcc-6.3-arm32-eabi/bin/../lib/gcc/arm-none-eabi/6.3.1/thumb/v7e-m/fpv4-sp/hard/crtend.o
 .data          0x00000000        0x0 c:/nxp/s32ds.3.4/s32ds/build_tools/gcc_v6.3/gcc-6.3-arm32-eabi/bin/../lib/gcc/arm-none-eabi/6.3.1/thumb/v7e-m/fpv4-sp/hard/crtend.o
 .bss           0x00000000        0x0 c:/nxp/s32ds.3.4/s32ds/build_tools/gcc_v6.3/gcc-6.3-arm32-eabi/bin/../lib/gcc/arm-none-eabi/6.3.1/thumb/v7e-m/fpv4-sp/hard/crtend.o
 .eh_frame      0x00000000        0x4 c:/nxp/s32ds.3.4/s32ds/build_tools/gcc_v6.3/gcc-6.3-arm32-eabi/bin/../lib/gcc/arm-none-eabi/6.3.1/thumb/v7e-m/fpv4-sp/hard/crtend.o
 .jcr           0x00000000        0x4 c:/nxp/s32ds.3.4/s32ds/build_tools/gcc_v6.3/gcc-6.3-arm32-eabi/bin/../lib/gcc/arm-none-eabi/6.3.1/thumb/v7e-m/fpv4-sp/hard/crtend.o
 .tm_clone_table
                0x00000000        0x0 c:/nxp/s32ds.3.4/s32ds/build_tools/gcc_v6.3/gcc-6.3-arm32-eabi/bin/../lib/gcc/arm-none-eabi/6.3.1/thumb/v7e-m/fpv4-sp/hard/crtend.o
 .comment       0x00000000       0xa1 c:/nxp/s32ds.3.4/s32ds/build_tools/gcc_v6.3/gcc-6.3-arm32-eabi/bin/../lib/gcc/arm-none-eabi/6.3.1/thumb/v7e-m/fpv4-sp/hard/crtend.o
 .ARM.attributes
                0x00000000       0x34 c:/nxp/s32ds.3.4/s32ds/build_tools/gcc_v6.3/gcc-6.3-arm32-eabi/bin/../lib/gcc/arm-none-eabi/6.3.1/thumb/v7e-m/fpv4-sp/hard/crtend.o
 .text          0x00000000        0x0 c:/nxp/s32ds.3.4/s32ds/build_tools/gcc_v6.3/gcc-6.3-arm32-eabi/bin/../lib/gcc/arm-none-eabi/6.3.1/thumb/v7e-m/fpv4-sp/hard/crtn.o
 .data          0x00000000        0x0 c:/nxp/s32ds.3.4/s32ds/build_tools/gcc_v6.3/gcc-6.3-arm32-eabi/bin/../lib/gcc/arm-none-eabi/6.3.1/thumb/v7e-m/fpv4-sp/hard/crtn.o
 .bss           0x00000000        0x0 c:/nxp/s32ds.3.4/s32ds/build_tools/gcc_v6.3/gcc-6.3-arm32-eabi/bin/../lib/gcc/arm-none-eabi/6.3.1/thumb/v7e-m/fpv4-sp/hard/crtn.o
 .init          0x00000000        0x8 c:/nxp/s32ds.3.4/s32ds/build_tools/gcc_v6.3/gcc-6.3-arm32-eabi/bin/../lib/gcc/arm-none-eabi/6.3.1/thumb/v7e-m/fpv4-sp/hard/crtn.o
 .fini          0x00000000        0x8 c:/nxp/s32ds.3.4/s32ds/build_tools/gcc_v6.3/gcc-6.3-arm32-eabi/bin/../lib/gcc/arm-none-eabi/6.3.1/thumb/v7e-m/fpv4-sp/hard/crtn.o
 .ARM.attributes
                0x00000000       0x22 c:/nxp/s32ds.3.4/s32ds/build_tools/gcc_v6.3/gcc-6.3-arm32-eabi/bin/../lib/gcc/arm-none-eabi/6.3.1/thumb/v7e-m/fpv4-sp/hard/crtn.o

Memory Configuration

Name             Origin             Length             Attributes
m_interrupts     0x00000000         0x00000400         xr
m_flash_config   0x00000400         0x00000010         xr
m_text           0x00000410         0x0007fbf0         xr
m_data           0x1fff8000         0x00008000         rw
m_data_2         0x20000000         0x00007000         rw
*default*        0x00000000         0xffffffff

Linker script and memory map

LOAD c:/nxp/s32ds.3.4/s32ds/build_tools/gcc_v6.3/gcc-6.3-arm32-eabi/bin/../lib/gcc/arm-none-eabi/6.3.1/thumb/v7e-m/fpv4-sp/hard/crti.o
LOAD c:/nxp/s32ds.3.4/s32ds/build_tools/gcc_v6.3/gcc-6.3-arm32-eabi/bin/../lib/gcc/arm-none-eabi/6.3.1/thumb/v7e-m/fpv4-sp/hard/crtbegin.o
LOAD C:/NXP/S32DS.3.4/S32DS/build_tools/gcc_v6.3/gcc-6.3-arm32-eabi/arm-none-eabi/newlib/lib/thumb/v7e-m/fpv4-sp/hard/crt0.o
LOAD ./Project_Settings/Startup_Code/startup_S32K144.o
LOAD ./S&M_Driv/src/ST7789_low_level.o
LOAD ./SDK/platform/devices/S32K144/startup/system_S32K144.o
LOAD ./SDK/platform/devices/startup.o
LOAD ./SDK/platform/drivers/src/clock/S32K1xx/clock_S32K1xx.o
LOAD ./SDK/platform/drivers/src/edma/edma_driver.o
LOAD ./SDK/platform/drivers/src/edma/edma_hw_access.o
LOAD ./SDK/platform/drivers/src/edma/edma_irq.o
LOAD ./SDK/platform/drivers/src/interrupt/interrupt_manager.o
LOAD ./SDK/platform/drivers/src/lpspi/lpspi_hw_access.o
LOAD ./SDK/platform/drivers/src/lpspi/lpspi_irq.o
LOAD ./SDK/platform/drivers/src/lpspi/lpspi_master_driver.o
LOAD ./SDK/platform/drivers/src/lpspi/lpspi_shared_function.o
LOAD ./SDK/platform/drivers/src/lpspi/lpspi_slave_driver.o
LOAD ./SDK/platform/drivers/src/pins/pins_driver.o
LOAD ./SDK/platform/drivers/src/pins/pins_port_hw_access.o
LOAD ./SDK/rtos/osif/osif_baremetal.o
LOAD ./board/clock_config.o
LOAD ./board/peripherals_ST7789_Interface.o
LOAD ./board/pin_mux.o
LOAD ./src/main.o
START GROUP
LOAD c:/nxp/s32ds.3.4/s32ds/build_tools/gcc_v6.3/gcc-6.3-arm32-eabi/bin/../lib/gcc/arm-none-eabi/6.3.1/thumb/v7e-m/fpv4-sp/hard\libgcc.a
LOAD C:/NXP/S32DS.3.4/S32DS/build_tools/gcc_v6.3/gcc-6.3-arm32-eabi/arm-none-eabi/newlib/lib/thumb/v7e-m/fpv4-sp/hard\libc_nano.a
END GROUP
START GROUP
LOAD c:/nxp/s32ds.3.4/s32ds/build_tools/gcc_v6.3/gcc-6.3-arm32-eabi/bin/../lib/gcc/arm-none-eabi/6.3.1/thumb/v7e-m/fpv4-sp/hard\libgcc.a
LOAD C:/NXP/S32DS.3.4/S32DS/build_tools/gcc_v6.3/gcc-6.3-arm32-eabi/arm-none-eabi/newlib/lib/thumb/v7e-m/fpv4-sp/hard\libc_nano.a
LOAD C:/NXP/S32DS.3.4/S32DS/build_tools/gcc_v6.3/gcc-6.3-arm32-eabi/arm-none-eabi/newlib/lib/thumb/v7e-m/fpv4-sp/hard\libnosys.a
END GROUP
START GROUP
LOAD c:/nxp/s32ds.3.4/s32ds/build_tools/gcc_v6.3/gcc-6.3-arm32-eabi/bin/../lib/gcc/arm-none-eabi/6.3.1/thumb/v7e-m/fpv4-sp/hard\libgcc.a
LOAD C:/NXP/S32DS.3.4/S32DS/build_tools/gcc_v6.3/gcc-6.3-arm32-eabi/arm-none-eabi/newlib/lib/thumb/v7e-m/fpv4-sp/hard\libc_nano.a
LOAD C:/NXP/S32DS.3.4/S32DS/build_tools/gcc_v6.3/gcc-6.3-arm32-eabi/arm-none-eabi/newlib/lib/thumb/v7e-m/fpv4-sp/hard\libnosys.a
END GROUP
LOAD c:/nxp/s32ds.3.4/s32ds/build_tools/gcc_v6.3/gcc-6.3-arm32-eabi/bin/../lib/gcc/arm-none-eabi/6.3.1/thumb/v7e-m/fpv4-sp/hard/crtend.o
LOAD c:/nxp/s32ds.3.4/s32ds/build_tools/gcc_v6.3/gcc-6.3-arm32-eabi/bin/../lib/gcc/arm-none-eabi/6.3.1/thumb/v7e-m/fpv4-sp/hard/crtn.o
                0x00000400                HEAP_SIZE = DEFINED (__heap_size__)?__heap_size__:0x400
                0x00000400                STACK_SIZE = DEFINED (__stack_size__)?__stack_size__:0x400
                0x00000400                M_VECTOR_RAM_SIZE = DEFINED (__flash_vector_table__)?0x0:0x400

.interrupts     0x00000000      0x400
                0x00000000                __VECTOR_TABLE = .
                0x00000000                __interrupts_start__ = .
                0x00000000                . = ALIGN (0x4)
 *(.isr_vector)
 .isr_vector    0x00000000      0x400 ./Project_Settings/Startup_Code/startup_S32K144.o
                0x00000000                __isr_vector
                0x00000400                __interrupts_end__ = .
                0x00000400                . = ALIGN (0x4)

.flash_config   0x00000400       0x10
                0x00000400                . = ALIGN (0x4)
 *(.FlashConfig)
 .FlashConfig   0x00000400       0x10 ./Project_Settings/Startup_Code/startup_S32K144.o
                0x00000410                . = ALIGN (0x4)

.text           0x00000410     0x2aac
                0x00000410                . = ALIGN (0x4)
 *(.text)
 .text          0x00000410       0x4c ./Project_Settings/Startup_Code/startup_S32K144.o
                0x00000410                Reset_Handler
                0x00000458                DebugMon_Handler
                0x00000458                Reserved88_IRQHandler
                0x00000458                CAN0_ORed_IRQHandler
                0x00000458                HardFault_Handler
                0x00000458                Reserved86_IRQHandler
                0x00000458                Reserved103_IRQHandler
                0x00000458                FTM2_Ovf_Reload_IRQHandler
                0x00000458                Reserved50_IRQHandler
                0x00000458                FTFC_Fault_IRQHandler
                0x00000458                FTM0_Ch6_Ch7_IRQHandler
                0x00000458                Reserved114_IRQHandler
                0x00000458                PendSV_Handler
                0x00000458                NMI_Handler
                0x00000458                Reserved89_IRQHandler
                0x00000458                ERM_double_fault_IRQHandler
                0x00000458                Reserved59_IRQHandler
                0x00000458                LPIT0_Ch0_IRQHandler
                0x00000458                Reserved99_IRQHandler
                0x00000458                FTM3_Ch6_Ch7_IRQHandler
                0x00000458                CAN2_ORed_0_15_MB_IRQHandler
                0x00000458                LPIT0_Ch3_IRQHandler
                0x00000458                Reserved92_IRQHandler
                0x00000458                FTM0_Ch4_Ch5_IRQHandler
                0x00000458                CAN1_Error_IRQHandler
                0x00000458                FTM3_Ch0_Ch1_IRQHandler
                0x00000458                SWI_IRQHandler
                0x00000458                ADC0_IRQHandler
                0x00000458                FTM2_Ch4_Ch5_IRQHandler
                0x00000458                UsageFault_Handler
                0x00000458                FTM0_Ovf_Reload_IRQHandler
                0x00000458                DefaultISR
                0x00000458                Reserved58_IRQHandler
                0x00000458                CAN1_ORed_0_15_MB_IRQHandler
                0x00000458                FTM1_Ch2_Ch3_IRQHandler
                0x00000458                Reserved82_IRQHandler
                0x00000458                CAN0_ORed_16_31_MB_IRQHandler
                0x00000458                LPI2C0_Slave_IRQHandler
                0x00000458                Reserved71_IRQHandler
                0x00000458                PORTD_IRQHandler
                0x00000458                Reserved69_IRQHandler
                0x00000458                PORTB_IRQHandler
                0x00000458                Reserved70_IRQHandler
                0x00000458                ADC1_IRQHandler
                0x00000458                FTM2_Ch2_Ch3_IRQHandler
                0x00000458                Reserved53_IRQHandler
                0x00000458                RTC_IRQHandler
                0x00000458                PDB0_IRQHandler
                0x00000458                Reserved54_IRQHandler
                0x00000458                FTM2_Ch6_Ch7_IRQHandler
                0x00000458                FTM3_Ch2_Ch3_IRQHandler
                0x00000458                FTM2_Ch0_Ch1_IRQHandler
                0x00000458                LPUART1_RxTx_IRQHandler
                0x00000458                RTC_Seconds_IRQHandler
                0x00000458                CAN2_ORed_IRQHandler
                0x00000458                Reserved72_IRQHandler
                0x00000458                Reserved110_IRQHandler
                0x00000458                Reserved107_IRQHandler
                0x00000458                Read_Collision_IRQHandler
                0x00000458                CAN2_Error_IRQHandler
                0x00000458                FTFC_IRQHandler
                0x00000458                FTM1_Ch6_Ch7_IRQHandler
                0x00000458                Reserved105_IRQHandler
                0x00000458                LPIT0_Ch1_IRQHandler
                0x00000458                FTM1_Ch4_Ch5_IRQHandler
                0x00000458                FTM3_Ovf_Reload_IRQHandler
                0x00000458                LPUART2_RxTx_IRQHandler
                0x00000458                WDOG_EWM_IRQHandler
                0x00000458                MemManage_Handler
                0x00000458                Reserved90_IRQHandler
                0x00000458                Reserved83_IRQHandler
                0x00000458                FTM0_Fault_IRQHandler
                0x00000458                Reserved48_IRQHandler
                0x00000458                SVC_Handler
                0x00000458                ERM_single_fault_IRQHandler
                0x00000458                FTM2_Fault_IRQHandler
                0x00000458                FTM0_Ch2_Ch3_IRQHandler
                0x00000458                FTM0_Ch0_Ch1_IRQHandler
                0x00000458                FTM3_Fault_IRQHandler
                0x00000458                RCM_IRQHandler
                0x00000458                Reserved100_IRQHandler
                0x00000458                Reserved91_IRQHandler
                0x00000458                CAN1_ORed_IRQHandler
                0x00000458                SCG_IRQHandler
                0x00000458                PDB1_IRQHandler
                0x00000458                Reserved81_IRQHandler
                0x00000458                Reserved46_IRQHandler
                0x00000458                Reserved45_IRQHandler
                0x00000458                CAN0_Error_IRQHandler
                0x00000458                Reserved112_IRQHandler
                0x00000458                LPI2C0_Master_IRQHandler
                0x00000458                FTM1_Fault_IRQHandler
                0x00000458                Reserved106_IRQHandler
                0x00000458                LVD_LVW_IRQHandler
                0x00000458                LPIT0_Ch2_IRQHandler
                0x00000458                PORTA_IRQHandler
                0x00000458                MCM_IRQHandler
                0x00000458                FTM3_Ch4_Ch5_IRQHandler
                0x00000458                CAN0_ORed_0_15_MB_IRQHandler
                0x00000458                PORTE_IRQHandler
                0x00000458                LPUART0_RxTx_IRQHandler
                0x00000458                LPTMR0_IRQHandler
                0x00000458                BusFault_Handler
                0x00000458                Reserved87_IRQHandler
                0x00000458                FTM1_Ovf_Reload_IRQHandler
                0x00000458                Reserved93_IRQHandler
                0x00000458                CAN0_Wake_Up_IRQHandler
                0x00000458                CMP0_IRQHandler
                0x00000458                Reserved52_IRQHandler
                0x00000458                PORTC_IRQHandler
                0x00000458                FTM1_Ch0_Ch1_IRQHandler
                0x00000458                FLEXIO_IRQHandler
                0x00000458                Reserved113_IRQHandler
 *(.text*)
 .text.GB_ST7789_SendCommand
                0x0000045c       0x50 ./S&M_Driv/src/ST7789_low_level.o
                0x0000045c                GB_ST7789_SendCommand
 .text.SystemInit
                0x000004ac       0x3c ./SDK/platform/devices/S32K144/startup/system_S32K144.o
                0x000004ac                SystemInit
 .text.init_data_bss
                0x000004e8       0xd8 ./SDK/platform/devices/startup.o
                0x000004e8                init_data_bss
 .text.CLOCK_SYS_GetCurrentRunMode
                0x000005c0       0x24 ./SDK/platform/drivers/src/clock/S32K1xx/clock_S32K1xx.o
 .text.CLOCK_SYS_GetSysOscFreq
                0x000005e4       0x1c ./SDK/platform/drivers/src/clock/S32K1xx/clock_S32K1xx.o
 .text.CLOCK_SYS_ConfigureSOSC
                0x00000600      0x12c ./SDK/platform/drivers/src/clock/S32K1xx/clock_S32K1xx.o
 .text.CLOCK_SYS_GetSircFreq
                0x0000072c       0x2c ./SDK/platform/drivers/src/clock/S32K1xx/clock_S32K1xx.o
 .text.CLOCK_SYS_ConfigureSIRC
                0x00000758       0xc4 ./SDK/platform/drivers/src/clock/S32K1xx/clock_S32K1xx.o
 .text.CLOCK_SYS_GetFircFreq
                0x0000081c       0x20 ./SDK/platform/drivers/src/clock/S32K1xx/clock_S32K1xx.o
 .text.CLOCK_SYS_ConfigureFIRC
                0x0000083c       0xb4 ./SDK/platform/drivers/src/clock/S32K1xx/clock_S32K1xx.o
 .text.CLOCK_SYS_GetSysPllFreq
                0x000008f0       0x44 ./SDK/platform/drivers/src/clock/S32K1xx/clock_S32K1xx.o
 .text.CLOCK_SYS_ConfigureSPLL
                0x00000934      0x114 ./SDK/platform/drivers/src/clock/S32K1xx/clock_S32K1xx.o
 .text.CLOCK_SYS_SetSystemClockConfig
                0x00000a48      0x1e4 ./SDK/platform/drivers/src/clock/S32K1xx/clock_S32K1xx.o
 .text.CLOCK_SYS_TransitionSystemClock
                0x00000c2c       0x3c ./SDK/platform/drivers/src/clock/S32K1xx/clock_S32K1xx.o
 .text.CLOCK_SYS_GetSystemClockFreq
                0x00000c68       0x78 ./SDK/platform/drivers/src/clock/S32K1xx/clock_S32K1xx.o
 .text.CLOCK_SYS_GetScgClkOutFreq
                0x00000ce0       0x48 ./SDK/platform/drivers/src/clock/S32K1xx/clock_S32K1xx.o
 .text.CLOCK_SYS_GetSysAsyncFreq
                0x00000d28       0xdc ./SDK/platform/drivers/src/clock/S32K1xx/clock_S32K1xx.o
 .text.CLOCK_SYS_GetSimRtcClkFreq
                0x00000e04       0x50 ./SDK/platform/drivers/src/clock/S32K1xx/clock_S32K1xx.o
 .text.CLOCK_SYS_GetLpoFreq
                0x00000e54       0x4c ./SDK/platform/drivers/src/clock/S32K1xx/clock_S32K1xx.o
 .text.CLOCK_SYS_GetSimClkOutFreq
                0x00000ea0       0xac ./SDK/platform/drivers/src/clock/S32K1xx/clock_S32K1xx.o
 .text.CLOCK_SYS_GetSimClockFreq
                0x00000f4c      0x1b0 ./SDK/platform/drivers/src/clock/S32K1xx/clock_S32K1xx.o
 .text.CLOCK_SYS_GetPeripheralClock
                0x000010fc       0xcc ./SDK/platform/drivers/src/clock/S32K1xx/clock_S32K1xx.o
 .text.CLOCK_DRV_Init
                0x000011c8      0x614 ./SDK/platform/drivers/src/clock/S32K1xx/clock_S32K1xx.o
                0x000011c8                CLOCK_DRV_Init
 .text.CLOCK_DRV_GetFreq
                0x000017dc      0x230 ./SDK/platform/drivers/src/clock/S32K1xx/clock_S32K1xx.o
                0x000017dc                CLOCK_DRV_GetFreq
 .text.CLOCK_SYS_GetFreq
                0x00001a0c        0x8 ./SDK/platform/drivers/src/clock/S32K1xx/clock_S32K1xx.o
                0x00001a0c                CLOCK_SYS_GetFreq
 .text.EDMA_DRV_InstallCallback
                0x00001a14       0x20 ./SDK/platform/drivers/src/edma/edma_driver.o
                0x00001a14                EDMA_DRV_InstallCallback
 .text.EDMA_DRV_IRQHandler
                0x00001a34       0x2c ./SDK/platform/drivers/src/edma/edma_driver.o
                0x00001a34                EDMA_DRV_IRQHandler
 .text.EDMA_DRV_ErrorIRQHandler
                0x00001a60       0x3c ./SDK/platform/drivers/src/edma/edma_driver.o
                0x00001a60                EDMA_DRV_ErrorIRQHandler
 .text.EDMA_DRV_ConfigSingleBlockTransfer
                0x00001a9c      0x154 ./SDK/platform/drivers/src/edma/edma_driver.o
                0x00001a9c                EDMA_DRV_ConfigSingleBlockTransfer
 .text.EDMA_DRV_ConfigMultiBlockTransfer
                0x00001bf0       0x64 ./SDK/platform/drivers/src/edma/edma_driver.o
                0x00001bf0                EDMA_DRV_ConfigMultiBlockTransfer
 .text.EDMA_DRV_StartChannel
                0x00001c54       0x18 ./SDK/platform/drivers/src/edma/edma_driver.o
                0x00001c54                EDMA_DRV_StartChannel
 .text.EDMA_DRV_GetDmaRegBaseAddr
                0x00001c6c        0x8 ./SDK/platform/drivers/src/edma/edma_driver.o
                0x00001c6c                EDMA_DRV_GetDmaRegBaseAddr
 .text.EDMA_SetDmaRequestCmd
                0x00001c74        0xa ./SDK/platform/drivers/src/edma/edma_hw_access.o
                0x00001c74                EDMA_SetDmaRequestCmd
 .text.EDMA_TCDClearReg
                0x00001c7e       0x4a ./SDK/platform/drivers/src/edma/edma_hw_access.o
                0x00001c7e                EDMA_TCDClearReg
 .text.EDMA_TCDSetAttribute
                0x00001cc8       0x30 ./SDK/platform/drivers/src/edma/edma_hw_access.o
                0x00001cc8                EDMA_TCDSetAttribute
 .text.EDMA_TCDSetNbytes
                0x00001cf8       0x5c ./SDK/platform/drivers/src/edma/edma_hw_access.o
                0x00001cf8                EDMA_TCDSetNbytes
 .text.EDMA_TCDSetMajorCount
                0x00001d54       0x5e ./SDK/platform/drivers/src/edma/edma_hw_access.o
                0x00001d54                EDMA_TCDSetMajorCount
 .text.DMA0_IRQHandler
                0x00001db2        0xa ./SDK/platform/drivers/src/edma/edma_irq.o
                0x00001db2                DMA0_IRQHandler
 .text.DMA1_IRQHandler
                0x00001dbc        0xa ./SDK/platform/drivers/src/edma/edma_irq.o
                0x00001dbc                DMA1_IRQHandler
 .text.DMA2_IRQHandler
                0x00001dc6        0xa ./SDK/platform/drivers/src/edma/edma_irq.o
                0x00001dc6                DMA2_IRQHandler
 .text.DMA3_IRQHandler
                0x00001dd0        0xa ./SDK/platform/drivers/src/edma/edma_irq.o
                0x00001dd0                DMA3_IRQHandler
 .text.DMA4_IRQHandler
                0x00001dda        0xa ./SDK/platform/drivers/src/edma/edma_irq.o
                0x00001dda                DMA4_IRQHandler
 .text.DMA5_IRQHandler
                0x00001de4        0xa ./SDK/platform/drivers/src/edma/edma_irq.o
                0x00001de4                DMA5_IRQHandler
 .text.DMA6_IRQHandler
                0x00001dee        0xa ./SDK/platform/drivers/src/edma/edma_irq.o
                0x00001dee                DMA6_IRQHandler
 .text.DMA7_IRQHandler
                0x00001df8        0xa ./SDK/platform/drivers/src/edma/edma_irq.o
                0x00001df8                DMA7_IRQHandler
 .text.DMA8_IRQHandler
                0x00001e02        0xa ./SDK/platform/drivers/src/edma/edma_irq.o
                0x00001e02                DMA8_IRQHandler
 .text.DMA9_IRQHandler
                0x00001e0c        0xa ./SDK/platform/drivers/src/edma/edma_irq.o
                0x00001e0c                DMA9_IRQHandler
 .text.DMA10_IRQHandler
                0x00001e16        0xa ./SDK/platform/drivers/src/edma/edma_irq.o
                0x00001e16                DMA10_IRQHandler
 .text.DMA11_IRQHandler
                0x00001e20        0xa ./SDK/platform/drivers/src/edma/edma_irq.o
                0x00001e20                DMA11_IRQHandler
 .text.DMA12_IRQHandler
                0x00001e2a        0xa ./SDK/platform/drivers/src/edma/edma_irq.o
                0x00001e2a                DMA12_IRQHandler
 .text.DMA13_IRQHandler
                0x00001e34        0xa ./SDK/platform/drivers/src/edma/edma_irq.o
                0x00001e34                DMA13_IRQHandler
 .text.DMA14_IRQHandler
                0x00001e3e        0xa ./SDK/platform/drivers/src/edma/edma_irq.o
                0x00001e3e                DMA14_IRQHandler
 .text.DMA15_IRQHandler
                0x00001e48        0xa ./SDK/platform/drivers/src/edma/edma_irq.o
                0x00001e48                DMA15_IRQHandler
 .text.DMA_Error_IRQHandler
                0x00001e52       0x28 ./SDK/platform/drivers/src/edma/edma_irq.o
                0x00001e52                DMA_Error_IRQHandler
 *fill*         0x00001e7a        0x2 
 .text.INT_SYS_EnableIRQ
                0x00001e7c       0x18 ./SDK/platform/drivers/src/interrupt/interrupt_manager.o
                0x00001e7c                INT_SYS_EnableIRQ
 .text.INT_SYS_EnableIRQGlobal
                0x00001e94       0x1c ./SDK/platform/drivers/src/interrupt/interrupt_manager.o
                0x00001e94                INT_SYS_EnableIRQGlobal
 .text.INT_SYS_DisableIRQGlobal
                0x00001eb0       0x10 ./SDK/platform/drivers/src/interrupt/interrupt_manager.o
                0x00001eb0                INT_SYS_DisableIRQGlobal
 .text.LPSPI_Init
                0x00001ec0        0xa ./SDK/platform/drivers/src/lpspi/lpspi_hw_access.o
                0x00001ec0                LPSPI_Init
 .text.LPSPI_Disable
                0x00001eca       0x18 ./SDK/platform/drivers/src/lpspi/lpspi_hw_access.o
                0x00001eca                LPSPI_Disable
 .text.LPSPI_SetMasterSlaveMode
                0x00001ee2        0xe ./SDK/platform/drivers/src/lpspi/lpspi_hw_access.o
                0x00001ee2                LPSPI_SetMasterSlaveMode
 .text.LPSPI_SetFlushFifoCmd
                0x00001ef0        0xe ./SDK/platform/drivers/src/lpspi/lpspi_hw_access.o
                0x00001ef0                LPSPI_SetFlushFifoCmd
 .text.LPSPI_ClearStatusFlag
                0x00001efe       0x20 ./SDK/platform/drivers/src/lpspi/lpspi_hw_access.o
                0x00001efe                LPSPI_ClearStatusFlag
 .text.LPSPI_SetPcsPolarityMode
                0x00001f1e       0x1c ./SDK/platform/drivers/src/lpspi/lpspi_hw_access.o
                0x00001f1e                LPSPI_SetPcsPolarityMode
 .text.LPSPI_SetPinConfigMode
                0x00001f3a       0x22 ./SDK/platform/drivers/src/lpspi/lpspi_hw_access.o
                0x00001f3a                LPSPI_SetPinConfigMode
 .text.LPSPI_SetBaudRateDivisor
                0x00001f5c       0x10 ./SDK/platform/drivers/src/lpspi/lpspi_hw_access.o
                0x00001f5c                LPSPI_SetBaudRateDivisor
 .text.LPSPI_SetBaudRate
                0x00001f6c      0x108 ./SDK/platform/drivers/src/lpspi/lpspi_hw_access.o
                0x00001f6c                LPSPI_SetBaudRate
 .text.LPSPI_SetTxCommandReg
                0x00002074       0x4a ./SDK/platform/drivers/src/lpspi/lpspi_hw_access.o
                0x00002074                LPSPI_SetTxCommandReg
 .text.LPSPI_SetPcs
                0x000020be        0xe ./SDK/platform/drivers/src/lpspi/lpspi_hw_access.o
                0x000020be                LPSPI_SetPcs
 .text.LPSPI0_IRQHandler
                0x000020cc        0xa ./SDK/platform/drivers/src/lpspi/lpspi_irq.o
                0x000020cc                LPSPI0_IRQHandler
 .text.LPSPI1_IRQHandler
                0x000020d6        0xa ./SDK/platform/drivers/src/lpspi/lpspi_irq.o
                0x000020d6                LPSPI1_IRQHandler
 .text.LPSPI2_IRQHandler
                0x000020e0        0xa ./SDK/platform/drivers/src/lpspi/lpspi_irq.o
                0x000020e0                LPSPI2_IRQHandler
 *fill*         0x000020ea        0x2 
 .text.LPSPI_DRV_MasterStartTransfer
                0x000020ec      0x200 ./SDK/platform/drivers/src/lpspi/lpspi_master_driver.o
 .text.LPSPI_DRV_MasterCompleteTransfer
                0x000022ec       0x78 ./SDK/platform/drivers/src/lpspi/lpspi_master_driver.o
 .text.LPSPI_DRV_MasterConfigureBus
                0x00002364      0x114 ./SDK/platform/drivers/src/lpspi/lpspi_master_driver.o
                0x00002364                LPSPI_DRV_MasterConfigureBus
 .text.LPSPI_DRV_MasterInit
                0x00002478       0x80 ./SDK/platform/drivers/src/lpspi/lpspi_master_driver.o
                0x00002478                LPSPI_DRV_MasterInit
 .text.LPSPI_DRV_MasterTransfer
                0x000024f8        0xe ./SDK/platform/drivers/src/lpspi/lpspi_master_driver.o
                0x000024f8                LPSPI_DRV_MasterTransfer
 *fill*         0x00002506        0x2 
 .text.LPSPI_DRV_MasterGetTransferStatus
                0x00002508       0x2c ./SDK/platform/drivers/src/lpspi/lpspi_master_driver.o
                0x00002508                LPSPI_DRV_MasterGetTransferStatus
 .text.LPSPI_DRV_MasterAbortTransfer
                0x00002534       0x28 ./SDK/platform/drivers/src/lpspi/lpspi_master_driver.o
                0x00002534                LPSPI_DRV_MasterAbortTransfer
 .text.LPSPI_DRV_MasterCompleteDMATransfer
                0x0000255c       0x44 ./SDK/platform/drivers/src/lpspi/lpspi_master_driver.o
 .text.LPSPI_DRV_MasterCompleteRX
                0x000025a0       0x20 ./SDK/platform/drivers/src/lpspi/lpspi_master_driver.o
 .text.LPSPI_DRV_SetPcs
                0x000025c0       0x44 ./SDK/platform/drivers/src/lpspi/lpspi_master_driver.o
                0x000025c0                LPSPI_DRV_SetPcs
 .text.LPSPI_DRV_MasterIRQHandler
                0x00002604       0xc0 ./SDK/platform/drivers/src/lpspi/lpspi_master_driver.o
                0x00002604                LPSPI_DRV_MasterIRQHandler
 .text.LPSPI_DRV_IRQHandler
                0x000026c4       0x28 ./SDK/platform/drivers/src/lpspi/lpspi_shared_function.o
                0x000026c4                LPSPI_DRV_IRQHandler
 .text.LPSPI_DRV_FillupTxBuffer
                0x000026ec       0xb4 ./SDK/platform/drivers/src/lpspi/lpspi_shared_function.o
                0x000026ec                LPSPI_DRV_FillupTxBuffer
 .text.LPSPI_DRV_ReadRXBuffer
                0x000027a0       0x8c ./SDK/platform/drivers/src/lpspi/lpspi_shared_function.o
                0x000027a0                LPSPI_DRV_ReadRXBuffer
 .text.LPSPI_DRV_DisableTEIEInterrupts
                0x0000282c       0x30 ./SDK/platform/drivers/src/lpspi/lpspi_shared_function.o
                0x0000282c                LPSPI_DRV_DisableTEIEInterrupts
 .text.LPSPI_DRV_SlaveAbortTransfer
                0x0000285c       0x74 ./SDK/platform/drivers/src/lpspi/lpspi_slave_driver.o
                0x0000285c                LPSPI_DRV_SlaveAbortTransfer
 .text.LPSPI_DRV_SlaveIRQHandler
                0x000028d0       0xd4 ./SDK/platform/drivers/src/lpspi/lpspi_slave_driver.o
                0x000028d0                LPSPI_DRV_SlaveIRQHandler
 .text.PINS_DRV_Init
                0x000029a4       0x20 ./SDK/platform/drivers/src/pins/pins_driver.o
                0x000029a4                PINS_DRV_Init
 .text.PINS_DRV_WritePin
                0x000029c4       0x18 ./SDK/platform/drivers/src/pins/pins_driver.o
                0x000029c4                PINS_DRV_WritePin
 .text.PINS_GetAdcInterleaveVal
                0x000029dc       0x6c ./SDK/platform/drivers/src/pins/pins_port_hw_access.o
 .text.PINS_Init
                0x00002a48      0x114 ./SDK/platform/drivers/src/pins/pins_port_hw_access.o
                0x00002a48                PINS_Init
 .text.SysTick_Handler
                0x00002b5c       0x10 ./SDK/rtos/osif/osif_baremetal.o
                0x00002b5c                SysTick_Handler
 .text.OSIF_TimeDelay
                0x00002b6c       0x60 ./SDK/rtos/osif/osif_baremetal.o
                0x00002b6c                OSIF_TimeDelay
 .text.OSIF_SemaPost
                0x00002bcc       0x26 ./SDK/rtos/osif/osif_baremetal.o
                0x00002bcc                OSIF_SemaPost
 .text.OSIF_SemaCreate
                0x00002bf2       0x14 ./SDK/rtos/osif/osif_baremetal.o
                0x00002bf2                OSIF_SemaCreate
 *fill*         0x00002c06        0x2 
 .text.GB_MA_SPI_send_byte_conti
                0x00002c08       0x20 ./board/peripherals_ST7789_Interface.o
                0x00002c08                GB_MA_SPI_send_byte_conti
 .text.main     0x00002c28       0x60 ./src/main.o
                0x00002c28                main
 *(.rodata)
 *(.rodata*)
 .rodata.clockNameMappings
                0x00002c88       0x9e ./SDK/platform/drivers/src/clock/S32K1xx/clock_S32K1xx.o
                0x00002c88                clockNameMappings
 *fill*         0x00002d26        0x2 
 .rodata.maxSysClksInHSRUN.7659
                0x00002d28       0x54 ./SDK/platform/drivers/src/clock/S32K1xx/clock_S32K1xx.o
 .rodata.maxSysClksInRUN.7658
                0x00002d7c       0x54 ./SDK/platform/drivers/src/clock/S32K1xx/clock_S32K1xx.o
 .rodata.maxSysClksInVLPR.7657
                0x00002dd0       0x54 ./SDK/platform/drivers/src/clock/S32K1xx/clock_S32K1xx.o
 .rodata.peripheralFeaturesList
                0x00002e24       0x4f ./SDK/platform/drivers/src/clock/S32K1xx/clock_S32K1xx.o
                0x00002e24                peripheralFeaturesList
 *fill*         0x00002e73        0x1 
 .rodata.s_baudratePrescaler
                0x00002e74       0x20 ./SDK/platform/drivers/src/lpspi/lpspi_hw_access.o
 .rodata.ST7789_SPI_Config
                0x00002e94       0x20 ./board/peripherals_ST7789_Interface.o
                0x00002e94                ST7789_SPI_Config
 *(.init)
 .init          0x00002eb4        0x4 c:/nxp/s32ds.3.4/s32ds/build_tools/gcc_v6.3/gcc-6.3-arm32-eabi/bin/../lib/gcc/arm-none-eabi/6.3.1/thumb/v7e-m/fpv4-sp/hard/crti.o
                0x00002eb4                _init
 *(.fini)
 .fini          0x00002eb8        0x4 c:/nxp/s32ds.3.4/s32ds/build_tools/gcc_v6.3/gcc-6.3-arm32-eabi/bin/../lib/gcc/arm-none-eabi/6.3.1/thumb/v7e-m/fpv4-sp/hard/crti.o
                0x00002eb8                _fini
 *(.eh_frame)
                0x00002ebc                . = ALIGN (0x4)

.glue_7         0x00002ebc        0x0
 .glue_7        0x00002ebc        0x0 linker stubs

.glue_7t        0x00002ebc        0x0
 .glue_7t       0x00002ebc        0x0 linker stubs

.vfp11_veneer   0x00002ebc        0x0
 .vfp11_veneer  0x00002ebc        0x0 linker stubs

.v4_bx          0x00002ebc        0x0
 .v4_bx         0x00002ebc        0x0 linker stubs

.iplt           0x00002ebc        0x0
 .iplt          0x00002ebc        0x0 c:/nxp/s32ds.3.4/s32ds/build_tools/gcc_v6.3/gcc-6.3-arm32-eabi/bin/../lib/gcc/arm-none-eabi/6.3.1/thumb/v7e-m/fpv4-sp/hard/crtbegin.o

.rel.dyn        0x00002ebc        0x0
 .rel.iplt      0x00002ebc        0x0 c:/nxp/s32ds.3.4/s32ds/build_tools/gcc_v6.3/gcc-6.3-arm32-eabi/bin/../lib/gcc/arm-none-eabi/6.3.1/thumb/v7e-m/fpv4-sp/hard/crtbegin.o

.ARM            0x00002ebc        0x0
                0x00002ebc                __exidx_start = .
 *(.ARM.exidx*)
                0x00002ebc                __exidx_end = .
                0x00002ebc                __etext = .
                0x00002ebc                __DATA_ROM = .

.interrupts_ram
                0x1fff8000      0x400
                0x1fff8000                . = ALIGN (0x4)
                0x1fff8000                __VECTOR_RAM__ = .
                0x1fff8000                __RAM_START = .
                0x1fff8000                __interrupts_ram_start__ = .
 *(.m_interrupts_ram)
                0x1fff8400                . = (. + M_VECTOR_RAM_SIZE)
 *fill*         0x1fff8000      0x400 
                0x1fff8400                . = ALIGN (0x4)
                0x1fff8400                __interrupts_ram_end__ = .
                0x1fff8000                __VECTOR_RAM = DEFINED (__flash_vector_table__)?ORIGIN (m_interrupts):__VECTOR_RAM__
                0x00000400                __RAM_VECTOR_TABLE_SIZE = DEFINED (__flash_vector_table__)?0x0:(__interrupts_ram_end__ - __interrupts_ram_start__)

.data           0x1fff8400      0x254 load address 0x00002ebc
                0x1fff8400                . = ALIGN (0x4)
                0x1fff8400                __DATA_RAM = .
                0x1fff8400                __data_start__ = .
 *(.data)
 *(.data*)
 .data.peripheralClockConfig.7386
                0x1fff8400       0xa0 ./SDK/platform/drivers/src/clock/S32K1xx/clock_S32K1xx.o
 .data.g_lpspiBase
                0x1fff84a0        0xc ./SDK/platform/drivers/src/lpspi/lpspi_shared_function.o
                0x1fff84a0                g_lpspiBase
 .data.g_lpspiIrqId
                0x1fff84ac        0x3 ./SDK/platform/drivers/src/lpspi/lpspi_shared_function.o
                0x1fff84ac                g_lpspiIrqId
 .data.first_init.6877
                0x1fff84af        0x1 ./SDK/rtos/osif/osif_baremetal.o
 .data.clockMan1_InitConfig0
                0x1fff84b0       0x88 ./board/clock_config.o
                0x1fff84b0                clockMan1_InitConfig0
 .data.peripheralClockConfig0
                0x1fff8538       0xa0 ./board/clock_config.o
                0x1fff8538                peripheralClockConfig0
 .data.g_pin_mux_InitConfigArr0
                0x1fff85d8       0x78 ./board/pin_mux.o
                0x1fff85d8                g_pin_mux_InitConfigArr0
 .data.data     0x1fff8650        0x1 ./src/main.o
                0x1fff8650                data
                0x1fff8654                . = ALIGN (0x4)
 *fill*         0x1fff8651        0x3 
                0x1fff8654                __data_end__ = .
                0x00003110                __DATA_END = (__DATA_ROM + (__data_end__ - __data_start__))
                0x00003110                __CODE_ROM = __DATA_END

.igot.plt       0x1fff8654        0x0 load address 0x00003110
 .igot.plt      0x1fff8654        0x0 c:/nxp/s32ds.3.4/s32ds/build_tools/gcc_v6.3/gcc-6.3-arm32-eabi/bin/../lib/gcc/arm-none-eabi/6.3.1/thumb/v7e-m/fpv4-sp/hard/crtbegin.o

.code           0x1fff8654        0x0 load address 0x00003110
                0x1fff8654                . = ALIGN (0x4)
                0x1fff8654                __CODE_RAM = .
                0x1fff8654                __code_start__ = .
                0x1fff8654                __code_ram_start__ = .
 *(.code_ram)
                0x1fff8654                . = ALIGN (0x4)
                0x1fff8654                __code_end__ = .
                0x1fff8654                __code_ram_end__ = .
                0x00003110                __CODE_END = (__CODE_ROM + (__code_end__ - __code_start__))
                0x00003110                __CUSTOM_ROM = __CODE_END

.customSectionBlock
                0x20000000        0x0 load address 0x00003110
                0x20000000                __customSection_start__ = .
 *(.customSection)
                0x20000000                __customSection_end__ = .
                0x00003110                __CUSTOM_END = (__CUSTOM_ROM + (__customSection_end__ - __customSection_start__))
                0x00003110                __rom_end = __CUSTOM_END

.bss            0x20000000       0x68
                0x20000000                . = ALIGN (0x4)
                0x20000000                __BSS_START = .
                0x20000000                __bss_start__ = .
 *(.bss)
 *(.bss*)
 .bss.g_RtcClkInFreq
                0x20000000        0x4 ./SDK/platform/drivers/src/clock/S32K1xx/clock_S32K1xx.o
                0x20000000                g_RtcClkInFreq
 .bss.g_TClkFreq
                0x20000004        0xc ./SDK/platform/drivers/src/clock/S32K1xx/clock_S32K1xx.o
                0x20000004                g_TClkFreq
 .bss.g_xtal0ClkFreq
                0x20000010        0x4 ./SDK/platform/drivers/src/clock/S32K1xx/clock_S32K1xx.o
                0x20000010                g_xtal0ClkFreq
 .bss.s_virtEdmaState
                0x20000014        0x4 ./SDK/platform/drivers/src/edma/edma_driver.o
 .bss.g_interruptDisableCount
                0x20000018        0x4 ./SDK/platform/drivers/src/interrupt/interrupt_manager.o
 .bss.g_lpspiStatePtr
                0x2000001c        0xc ./SDK/platform/drivers/src/lpspi/lpspi_shared_function.o
                0x2000001c                g_lpspiStatePtr
 .bss.s_osif_tick_cnt
                0x20000028        0x4 ./SDK/rtos/osif/osif_baremetal.o
 .bss.ST7789_InterfaceState
                0x2000002c       0x34 ./board/peripherals_ST7789_Interface.o
                0x2000002c                ST7789_InterfaceState
 .bss.rx_value.7335
                0x20000060        0x1 ./board/peripherals_ST7789_Interface.o
 *fill*         0x20000061        0x3 
 .bss.exit_code
                0x20000064        0x4 ./src/main.o
                0x20000064                exit_code
 *(COMMON)
                0x20000068                . = ALIGN (0x4)
                0x20000068                __bss_end__ = .
                0x20000068                __BSS_END = .

.heap           0x20000068      0x400
                0x20000068                . = ALIGN (0x8)
                0x20000068                __end__ = .
                0x20000068                __heap_start__ = .
                [!provide]                PROVIDE (end, .)
                [!provide]                PROVIDE (_end, .)
                [!provide]                PROVIDE (__end, .)
                0x20000068                __HeapBase = .
                0x20000468                . = (. + HEAP_SIZE)
 *fill*         0x20000068      0x400 
                0x20000468                __HeapLimit = .
                0x20000468                __heap_limit = .
                0x20000468                __heap_end__ = .
                0x20007000                __StackTop = (ORIGIN (m_data_2) + LENGTH (m_data_2))
                0x20006c00                __StackLimit = (__StackTop - STACK_SIZE)
                0x20007000                PROVIDE (__stack, __StackTop)
                0x20007000                __RAM_END = __StackTop

.stack          0x20006c00      0x400
                0x20006c00                . = ALIGN (0x8)
                0x20006c00                __stack_start__ = .
                0x20007000                . = (. + STACK_SIZE)
 *fill*         0x20006c00      0x400 
                0x20007000                __stack_end__ = .

.ARM.attributes
                0x00000000       0x30
 *(.ARM.attributes)
 .ARM.attributes
                0x00000000       0x22 c:/nxp/s32ds.3.4/s32ds/build_tools/gcc_v6.3/gcc-6.3-arm32-eabi/bin/../lib/gcc/arm-none-eabi/6.3.1/thumb/v7e-m/fpv4-sp/hard/crti.o
 .ARM.attributes
                0x00000022       0x1f ./Project_Settings/Startup_Code/startup_S32K144.o
 .ARM.attributes
                0x00000041       0x39 ./S&M_Driv/src/ST7789_low_level.o
 .ARM.attributes
                0x0000007a       0x39 ./SDK/platform/devices/S32K144/startup/system_S32K144.o
 .ARM.attributes
                0x000000b3       0x39 ./SDK/platform/devices/startup.o
 .ARM.attributes
                0x000000ec       0x39 ./SDK/platform/drivers/src/clock/S32K1xx/clock_S32K1xx.o
 .ARM.attributes
                0x00000125       0x39 ./SDK/platform/drivers/src/edma/edma_driver.o
 .ARM.attributes
                0x0000015e       0x39 ./SDK/platform/drivers/src/edma/edma_hw_access.o
 .ARM.attributes
                0x00000197       0x39 ./SDK/platform/drivers/src/edma/edma_irq.o
 .ARM.attributes
                0x000001d0       0x39 ./SDK/platform/drivers/src/interrupt/interrupt_manager.o
 .ARM.attributes
                0x00000209       0x39 ./SDK/platform/drivers/src/lpspi/lpspi_hw_access.o
 .ARM.attributes
                0x00000242       0x39 ./SDK/platform/drivers/src/lpspi/lpspi_irq.o
 .ARM.attributes
                0x0000027b       0x39 ./SDK/platform/drivers/src/lpspi/lpspi_master_driver.o
 .ARM.attributes
                0x000002b4       0x39 ./SDK/platform/drivers/src/lpspi/lpspi_shared_function.o
 .ARM.attributes
                0x000002ed       0x39 ./SDK/platform/drivers/src/lpspi/lpspi_slave_driver.o
 .ARM.attributes
                0x00000326       0x39 ./SDK/platform/drivers/src/pins/pins_driver.o
 .ARM.attributes
                0x0000035f       0x39 ./SDK/platform/drivers/src/pins/pins_port_hw_access.o
 .ARM.attributes
                0x00000398       0x39 ./SDK/rtos/osif/osif_baremetal.o
 .ARM.attributes
                0x000003d1       0x39 ./board/clock_config.o
 .ARM.attributes
                0x0000040a       0x39 ./board/peripherals_ST7789_Interface.o
 .ARM.attributes
                0x00000443       0x39 ./board/pin_mux.o
 .ARM.attributes
                0x0000047c       0x39 ./src/main.o
                0x00000001                ASSERT ((__rom_end <= (ORIGIN (m_text) + LENGTH (m_text))), Region m_text overflowed!)
                0x00000001                ASSERT ((__StackLimit >= __HeapLimit), region m_data_2 overflowed with stack and heap)
OUTPUT(S32K144_ST7789_Graphics_Test.elf elf32-littlearm)

.debug_line     0x00000000     0x5cd6
 .debug_line    0x00000000       0x82 ./Project_Settings/Startup_Code/startup_S32K144.o
 .debug_line    0x00000082      0x399 ./S&M_Driv/src/ST7789_low_level.o
 .debug_line    0x0000041b      0x279 ./SDK/platform/devices/S32K144/startup/system_S32K144.o
 .debug_line    0x00000694      0x16d ./SDK/platform/devices/startup.o
 .debug_line    0x00000801     0x11c0 ./SDK/platform/drivers/src/clock/S32K1xx/clock_S32K1xx.o
 .debug_line    0x000019c1      0x8c6 ./SDK/platform/drivers/src/edma/edma_driver.o
 .debug_line    0x00002287      0x365 ./SDK/platform/drivers/src/edma/edma_hw_access.o
 .debug_line    0x000025ec      0x2fd ./SDK/platform/drivers/src/edma/edma_irq.o
 .debug_line    0x000028e9      0x376 ./SDK/platform/drivers/src/interrupt/interrupt_manager.o
 .debug_line    0x00002c5f      0x478 ./SDK/platform/drivers/src/lpspi/lpspi_hw_access.o
 .debug_line    0x000030d7      0x311 ./SDK/platform/drivers/src/lpspi/lpspi_irq.o
 .debug_line    0x000033e8      0x752 ./SDK/platform/drivers/src/lpspi/lpspi_master_driver.o
 .debug_line    0x00003b3a      0x3ef ./SDK/platform/drivers/src/lpspi/lpspi_shared_function.o
 .debug_line    0x00003f29      0x64b ./SDK/platform/drivers/src/lpspi/lpspi_slave_driver.o
 .debug_line    0x00004574      0x4db ./SDK/platform/drivers/src/pins/pins_driver.o
 .debug_line    0x00004a4f      0x2e8 ./SDK/platform/drivers/src/pins/pins_port_hw_access.o
 .debug_line    0x00004d37      0x40c ./SDK/rtos/osif/osif_baremetal.o
 .debug_line    0x00005143      0x263 ./board/clock_config.o
 .debug_line    0x000053a6      0x359 ./board/peripherals_ST7789_Interface.o
 .debug_line    0x000056ff      0x1c7 ./board/pin_mux.o
 .debug_line    0x000058c6      0x410 ./src/main.o

.debug_info     0x00000000    0x1a1fa
 .debug_info    0x00000000       0x26 ./Project_Settings/Startup_Code/startup_S32K144.o
 .debug_info    0x00000026      0xcdb ./S&M_Driv/src/ST7789_low_level.o
 .debug_info    0x00000d01      0x521 ./SDK/platform/devices/S32K144/startup/system_S32K144.o
 .debug_info    0x00001222      0x2ad ./SDK/platform/devices/startup.o
 .debug_info    0x000014cf     0x5dd2 ./SDK/platform/drivers/src/clock/S32K1xx/clock_S32K1xx.o
 .debug_info    0x000072a1     0x3770 ./SDK/platform/drivers/src/edma/edma_driver.o
 .debug_info    0x0000aa11      0x95d ./SDK/platform/drivers/src/edma/edma_hw_access.o
 .debug_info    0x0000b36e      0x6da ./SDK/platform/drivers/src/edma/edma_irq.o
 .debug_info    0x0000ba48      0x997 ./SDK/platform/drivers/src/interrupt/interrupt_manager.o
 .debug_info    0x0000c3df     0x13a6 ./SDK/platform/drivers/src/lpspi/lpspi_hw_access.o
 .debug_info    0x0000d785      0x788 ./SDK/platform/drivers/src/lpspi/lpspi_irq.o
 .debug_info    0x0000df0d     0x2a39 ./SDK/platform/drivers/src/lpspi/lpspi_master_driver.o
 .debug_info    0x00010946      0xb93 ./SDK/platform/drivers/src/lpspi/lpspi_shared_function.o
 .debug_info    0x000114d9     0x23f1 ./SDK/platform/drivers/src/lpspi/lpspi_slave_driver.o
 .debug_info    0x000138ca     0x13d5 ./SDK/platform/drivers/src/pins/pins_driver.o
 .debug_info    0x00014c9f      0x8a8 ./SDK/platform/drivers/src/pins/pins_port_hw_access.o
 .debug_info    0x00015547      0xac5 ./SDK/rtos/osif/osif_baremetal.o
 .debug_info    0x0001600c     0x12b5 ./board/clock_config.o
 .debug_info    0x000172c1      0xde1 ./board/peripherals_ST7789_Interface.o
 .debug_info    0x000180a2      0x405 ./board/pin_mux.o
 .debug_info    0x000184a7     0x1d53 ./src/main.o

.debug_abbrev   0x00000000     0x2c78
 .debug_abbrev  0x00000000       0x14 ./Project_Settings/Startup_Code/startup_S32K144.o
 .debug_abbrev  0x00000014      0x18a ./S&M_Driv/src/ST7789_low_level.o
 .debug_abbrev  0x0000019e      0x140 ./SDK/platform/devices/S32K144/startup/system_S32K144.o
 .debug_abbrev  0x000002de       0xe0 ./SDK/platform/devices/startup.o
 .debug_abbrev  0x000003be      0x3e3 ./SDK/platform/drivers/src/clock/S32K1xx/clock_S32K1xx.o
 .debug_abbrev  0x000007a1      0x422 ./SDK/platform/drivers/src/edma/edma_driver.o
 .debug_abbrev  0x00000bc3      0x205 ./SDK/platform/drivers/src/edma/edma_hw_access.o
 .debug_abbrev  0x00000dc8      0x1b8 ./SDK/platform/drivers/src/edma/edma_irq.o
 .debug_abbrev  0x00000f80      0x1f4 ./SDK/platform/drivers/src/interrupt/interrupt_manager.o
 .debug_abbrev  0x00001174      0x2a7 ./SDK/platform/drivers/src/lpspi/lpspi_hw_access.o
 .debug_abbrev  0x0000141b      0x15d ./SDK/platform/drivers/src/lpspi/lpspi_irq.o
 .debug_abbrev  0x00001578      0x3c5 ./SDK/platform/drivers/src/lpspi/lpspi_master_driver.o
 .debug_abbrev  0x0000193d      0x277 ./SDK/platform/drivers/src/lpspi/lpspi_shared_function.o
 .debug_abbrev  0x00001bb4      0x3ad ./SDK/platform/drivers/src/lpspi/lpspi_slave_driver.o
 .debug_abbrev  0x00001f61      0x2db ./SDK/platform/drivers/src/pins/pins_driver.o
 .debug_abbrev  0x0000223c      0x1f5 ./SDK/platform/drivers/src/pins/pins_port_hw_access.o
 .debug_abbrev  0x00002431      0x2c6 ./SDK/rtos/osif/osif_baremetal.o
 .debug_abbrev  0x000026f7      0x122 ./board/clock_config.o
 .debug_abbrev  0x00002819      0x1d6 ./board/peripherals_ST7789_Interface.o
 .debug_abbrev  0x000029ef       0xca ./board/pin_mux.o
 .debug_abbrev  0x00002ab9      0x1bf ./src/main.o

.debug_aranges  0x00000000      0x858
 .debug_aranges
                0x00000000       0x20 ./Project_Settings/Startup_Code/startup_S32K144.o
 .debug_aranges
                0x00000020       0x20 ./S&M_Driv/src/ST7789_low_level.o
 .debug_aranges
                0x00000040       0x30 ./SDK/platform/devices/S32K144/startup/system_S32K144.o
 .debug_aranges
                0x00000070       0x20 ./SDK/platform/devices/startup.o
 .debug_aranges
                0x00000090      0x128 ./SDK/platform/drivers/src/clock/S32K1xx/clock_S32K1xx.o
 .debug_aranges
                0x000001b8      0x138 ./SDK/platform/drivers/src/edma/edma_driver.o
 .debug_aranges
                0x000002f0       0x88 ./SDK/platform/drivers/src/edma/edma_hw_access.o
 .debug_aranges
                0x00000378       0xa0 ./SDK/platform/drivers/src/edma/edma_irq.o
 .debug_aranges
                0x00000418       0x70 ./SDK/platform/drivers/src/interrupt/interrupt_manager.o
 .debug_aranges
                0x00000488       0x70 ./SDK/platform/drivers/src/lpspi/lpspi_hw_access.o
 .debug_aranges
                0x000004f8       0x30 ./SDK/platform/drivers/src/lpspi/lpspi_irq.o
 .debug_aranges
                0x00000528       0x90 ./SDK/platform/drivers/src/lpspi/lpspi_master_driver.o
 .debug_aranges
                0x000005b8       0x38 ./SDK/platform/drivers/src/lpspi/lpspi_shared_function.o
 .debug_aranges
                0x000005f0       0x60 ./SDK/platform/drivers/src/lpspi/lpspi_slave_driver.o
 .debug_aranges
                0x00000650       0xe0 ./SDK/platform/drivers/src/pins/pins_driver.o
 .debug_aranges
                0x00000730       0x40 ./SDK/platform/drivers/src/pins/pins_port_hw_access.o
 .debug_aranges
                0x00000770       0x70 ./SDK/rtos/osif/osif_baremetal.o
 .debug_aranges
                0x000007e0       0x18 ./board/clock_config.o
 .debug_aranges
                0x000007f8       0x28 ./board/peripherals_ST7789_Interface.o
 .debug_aranges
                0x00000820       0x18 ./board/pin_mux.o
 .debug_aranges
                0x00000838       0x20 ./src/main.o

.debug_str      0x00000000     0x802d
 .debug_str     0x00000000       0x9c ./Project_Settings/Startup_Code/startup_S32K144.o
 .debug_str     0x0000009c      0xfdf ./S&M_Driv/src/ST7789_low_level.o
                               0x109f (size before relaxing)
 .debug_str     0x0000107b      0x1cc ./SDK/platform/devices/S32K144/startup/system_S32K144.o
                                0x485 (size before relaxing)
 .debug_str     0x00001247      0x20c ./SDK/platform/devices/startup.o
                                0x474 (size before relaxing)
 .debug_str     0x00001453     0x3623 ./SDK/platform/drivers/src/clock/S32K1xx/clock_S32K1xx.o
                               0x3a60 (size before relaxing)
 .debug_str     0x00004a76     0x18aa ./SDK/platform/drivers/src/edma/edma_driver.o
                               0x2a72 (size before relaxing)
 .debug_str     0x00006320       0x46 ./SDK/platform/drivers/src/edma/edma_hw_access.o
                                0x836 (size before relaxing)
 .debug_str     0x00006366      0x162 ./SDK/platform/drivers/src/edma/edma_irq.o
                                0x54b (size before relaxing)
 .debug_str     0x000064c8      0x180 ./SDK/platform/drivers/src/interrupt/interrupt_manager.o
                                0xbca (size before relaxing)
 .debug_str     0x00006648      0x4f1 ./SDK/platform/drivers/src/lpspi/lpspi_hw_access.o
                               0x1d53 (size before relaxing)
 .debug_str     0x00006b39       0x79 ./SDK/platform/drivers/src/lpspi/lpspi_irq.o
                                0xb52 (size before relaxing)
 .debug_str     0x00006bb2      0x83d ./SDK/platform/drivers/src/lpspi/lpspi_master_driver.o
                               0x2284 (size before relaxing)
 .debug_str     0x000073ef       0xe4 ./SDK/platform/drivers/src/lpspi/lpspi_shared_function.o
                                0xd96 (size before relaxing)
 .debug_str     0x000074d3      0x169 ./SDK/platform/drivers/src/lpspi/lpspi_slave_driver.o
                               0x20f0 (size before relaxing)
 .debug_str     0x0000763c      0x5ce ./SDK/platform/drivers/src/pins/pins_driver.o
                               0x1490 (size before relaxing)
 .debug_str     0x00007c0a      0x1a2 ./SDK/platform/drivers/src/pins/pins_port_hw_access.o
                                0x978 (size before relaxing)
 .debug_str     0x00007dac      0x197 ./SDK/rtos/osif/osif_baremetal.o
                               0x112c (size before relaxing)
 .debug_str     0x00007f43       0x71 ./board/clock_config.o
                               0x238c (size before relaxing)
 .debug_str     0x00007fb4       0x49 ./board/peripherals_ST7789_Interface.o
                               0x195b (size before relaxing)
 .debug_str     0x00007ffd       0x13 ./board/pin_mux.o
                                0x63c (size before relaxing)
 .debug_str     0x00008010       0x1d ./src/main.o
                               0x2caa (size before relaxing)

.debug_loc      0x00000000     0xbcf6
 .debug_loc     0x00000000       0x6c ./S&M_Driv/src/ST7789_low_level.o
 .debug_loc     0x0000006c      0x10a ./SDK/platform/devices/S32K144/startup/system_S32K144.o
 .debug_loc     0x00000176       0xec ./SDK/platform/devices/startup.o
 .debug_loc     0x00000262     0x519d ./SDK/platform/drivers/src/clock/S32K1xx/clock_S32K1xx.o
 .debug_loc     0x000053ff     0x28d9 ./SDK/platform/drivers/src/edma/edma_driver.o
 .debug_loc     0x00007cd8      0x6fa ./SDK/platform/drivers/src/edma/edma_hw_access.o
 .debug_loc     0x000083d2       0x50 ./SDK/platform/drivers/src/edma/edma_irq.o
 .debug_loc     0x00008422      0x252 ./SDK/platform/drivers/src/interrupt/interrupt_manager.o
 .debug_loc     0x00008674      0x821 ./SDK/platform/drivers/src/lpspi/lpspi_hw_access.o
 .debug_loc     0x00008e95      0xfd8 ./SDK/platform/drivers/src/lpspi/lpspi_master_driver.o
 .debug_loc     0x00009e6d      0x365 ./SDK/platform/drivers/src/lpspi/lpspi_shared_function.o
 .debug_loc     0x0000a1d2      0xb2c ./SDK/platform/drivers/src/lpspi/lpspi_slave_driver.o
 .debug_loc     0x0000acfe      0x77f ./SDK/platform/drivers/src/pins/pins_driver.o
 .debug_loc     0x0000b47d      0x56a ./SDK/platform/drivers/src/pins/pins_port_hw_access.o
 .debug_loc     0x0000b9e7      0x275 ./SDK/rtos/osif/osif_baremetal.o
 .debug_loc     0x0000bc5c       0x9a ./board/peripherals_ST7789_Interface.o

.debug_ranges   0x00000000      0xb20
 .debug_ranges  0x00000000       0x10 ./S&M_Driv/src/ST7789_low_level.o
 .debug_ranges  0x00000010       0x20 ./SDK/platform/devices/S32K144/startup/system_S32K144.o
 .debug_ranges  0x00000030       0x10 ./SDK/platform/devices/startup.o
 .debug_ranges  0x00000040      0x488 ./SDK/platform/drivers/src/clock/S32K1xx/clock_S32K1xx.o
 .debug_ranges  0x000004c8      0x158 ./SDK/platform/drivers/src/edma/edma_driver.o
 .debug_ranges  0x00000620       0x90 ./SDK/platform/drivers/src/edma/edma_hw_access.o
 .debug_ranges  0x000006b0       0x90 ./SDK/platform/drivers/src/edma/edma_irq.o
 .debug_ranges  0x00000740       0x98 ./SDK/platform/drivers/src/interrupt/interrupt_manager.o
 .debug_ranges  0x000007d8       0x78 ./SDK/platform/drivers/src/lpspi/lpspi_hw_access.o
 .debug_ranges  0x00000850       0x20 ./SDK/platform/drivers/src/lpspi/lpspi_irq.o
 .debug_ranges  0x00000870       0x80 ./SDK/platform/drivers/src/lpspi/lpspi_master_driver.o
 .debug_ranges  0x000008f0       0x28 ./SDK/platform/drivers/src/lpspi/lpspi_shared_function.o
 .debug_ranges  0x00000918       0x50 ./SDK/platform/drivers/src/lpspi/lpspi_slave_driver.o
 .debug_ranges  0x00000968       0xd0 ./SDK/platform/drivers/src/pins/pins_driver.o
 .debug_ranges  0x00000a38       0x30 ./SDK/platform/drivers/src/pins/pins_port_hw_access.o
 .debug_ranges  0x00000a68       0x90 ./SDK/rtos/osif/osif_baremetal.o
 .debug_ranges  0x00000af8       0x18 ./board/peripherals_ST7789_Interface.o
 .debug_ranges  0x00000b10       0x10 ./src/main.o

.comment        0x00000000       0xa0
 .comment       0x00000000       0xa0 ./S&M_Driv/src/ST7789_low_level.o
                                 0xa1 (size before relaxing)
 .comment       0x000000a0       0xa1 ./SDK/platform/devices/S32K144/startup/system_S32K144.o
 .comment       0x000000a0       0xa1 ./SDK/platform/devices/startup.o
 .comment       0x000000a0       0xa1 ./SDK/platform/drivers/src/clock/S32K1xx/clock_S32K1xx.o
 .comment       0x000000a0       0xa1 ./SDK/platform/drivers/src/edma/edma_driver.o
 .comment       0x000000a0       0xa1 ./SDK/platform/drivers/src/edma/edma_hw_access.o
 .comment       0x000000a0       0xa1 ./SDK/platform/drivers/src/edma/edma_irq.o
 .comment       0x000000a0       0xa1 ./SDK/platform/drivers/src/interrupt/interrupt_manager.o
 .comment       0x000000a0       0xa1 ./SDK/platform/drivers/src/lpspi/lpspi_hw_access.o
 .comment       0x000000a0       0xa1 ./SDK/platform/drivers/src/lpspi/lpspi_irq.o
 .comment       0x000000a0       0xa1 ./SDK/platform/drivers/src/lpspi/lpspi_master_driver.o
 .comment       0x000000a0       0xa1 ./SDK/platform/drivers/src/lpspi/lpspi_shared_function.o
 .comment       0x000000a0       0xa1 ./SDK/platform/drivers/src/lpspi/lpspi_slave_driver.o
 .comment       0x000000a0       0xa1 ./SDK/platform/drivers/src/pins/pins_driver.o
 .comment       0x000000a0       0xa1 ./SDK/platform/drivers/src/pins/pins_port_hw_access.o
 .comment       0x000000a0       0xa1 ./SDK/rtos/osif/osif_baremetal.o
 .comment       0x000000a0       0xa1 ./board/clock_config.o
 .comment       0x000000a0       0xa1 ./board/peripherals_ST7789_Interface.o
 .comment       0x000000a0       0xa1 ./board/pin_mux.o
 .comment       0x000000a0       0xa1 ./src/main.o

.debug_frame    0x00000000     0x1428
 .debug_frame   0x00000000       0x34 ./S&M_Driv/src/ST7789_low_level.o
 .debug_frame   0x00000034       0x40 ./SDK/platform/devices/S32K144/startup/system_S32K144.o
 .debug_frame   0x00000074       0x2c ./SDK/platform/devices/startup.o
 .debug_frame   0x000000a0      0x398 ./SDK/platform/drivers/src/clock/S32K1xx/clock_S32K1xx.o
 .debug_frame   0x00000438      0x388 ./SDK/platform/drivers/src/edma/edma_driver.o
 .debug_frame   0x000007c0      0x144 ./SDK/platform/drivers/src/edma/edma_hw_access.o
 .debug_frame   0x00000904      0x1ac ./SDK/platform/drivers/src/edma/edma_irq.o
 .debug_frame   0x00000ab0       0xd8 ./SDK/platform/drivers/src/interrupt/interrupt_manager.o
 .debug_frame   0x00000b88       0xf4 ./SDK/platform/drivers/src/lpspi/lpspi_hw_access.o
 .debug_frame   0x00000c7c       0x58 ./SDK/platform/drivers/src/lpspi/lpspi_irq.o
 .debug_frame   0x00000cd4      0x1bc ./SDK/platform/drivers/src/lpspi/lpspi_master_driver.o
 .debug_frame   0x00000e90       0x90 ./SDK/platform/drivers/src/lpspi/lpspi_shared_function.o
 .debug_frame   0x00000f20      0x120 ./SDK/platform/drivers/src/lpspi/lpspi_slave_driver.o
 .debug_frame   0x00001040      0x1e4 ./SDK/platform/drivers/src/pins/pins_driver.o
 .debug_frame   0x00001224       0x98 ./SDK/platform/drivers/src/pins/pins_port_hw_access.o
 .debug_frame   0x000012bc       0xf8 ./SDK/rtos/osif/osif_baremetal.o
 .debug_frame   0x000013b4       0x48 ./board/peripherals_ST7789_Interface.o
 .debug_frame   0x000013fc       0x2c ./src/main.o
